Archive member included to satisfy reference by file (symbol)

C:/Program Files (x86)/Arm GNU Toolchain arm-none-eabi/14.2 rel1/bin/../lib/gcc/arm-none-eabi/14.2.1/thumb/v7e-m+fp/hard\libc_nano.a(libc_a-exit.o)
                              C:/Program Files (x86)/Arm GNU Toolchain arm-none-eabi/14.2 rel1/bin/../lib/gcc/arm-none-eabi/14.2.1/thumb/v7e-m+fp/hard/crt0.o (exit)
C:/Program Files (x86)/Arm GNU Toolchain arm-none-eabi/14.2 rel1/bin/../lib/gcc/arm-none-eabi/14.2.1/thumb/v7e-m+fp/hard\libc_nano.a(libc_a-findfp.o)
                              C:/Program Files (x86)/Arm GNU Toolchain arm-none-eabi/14.2 rel1/bin/../lib/gcc/arm-none-eabi/14.2.1/thumb/v7e-m+fp/hard\libc_nano.a(libc_a-exit.o) (__stdio_exit_handler)
C:/Program Files (x86)/Arm GNU Toolchain arm-none-eabi/14.2 rel1/bin/../lib/gcc/arm-none-eabi/14.2.1/thumb/v7e-m+fp/hard\libc_nano.a(libc_a-fwalk.o)
                              C:/Program Files (x86)/Arm GNU Toolchain arm-none-eabi/14.2 rel1/bin/../lib/gcc/arm-none-eabi/14.2.1/thumb/v7e-m+fp/hard\libc_nano.a(libc_a-findfp.o) (_fwalk_sglue)
C:/Program Files (x86)/Arm GNU Toolchain arm-none-eabi/14.2 rel1/bin/../lib/gcc/arm-none-eabi/14.2.1/thumb/v7e-m+fp/hard\libc_nano.a(libc_a-snprintf.o)
                              build/oled.o (snprintf)
C:/Program Files (x86)/Arm GNU Toolchain arm-none-eabi/14.2 rel1/bin/../lib/gcc/arm-none-eabi/14.2.1/thumb/v7e-m+fp/hard\libc_nano.a(libc_a-stdio.o)
                              C:/Program Files (x86)/Arm GNU Toolchain arm-none-eabi/14.2 rel1/bin/../lib/gcc/arm-none-eabi/14.2.1/thumb/v7e-m+fp/hard\libc_nano.a(libc_a-findfp.o) (__sread)
C:/Program Files (x86)/Arm GNU Toolchain arm-none-eabi/14.2 rel1/bin/../lib/gcc/arm-none-eabi/14.2.1/thumb/v7e-m+fp/hard\libc_nano.a(libc_a-memset.o)
                              C:/Program Files (x86)/Arm GNU Toolchain arm-none-eabi/14.2 rel1/bin/../lib/gcc/arm-none-eabi/14.2.1/thumb/v7e-m+fp/hard/crt0.o (memset)
C:/Program Files (x86)/Arm GNU Toolchain arm-none-eabi/14.2 rel1/bin/../lib/gcc/arm-none-eabi/14.2.1/thumb/v7e-m+fp/hard\libc_nano.a(libc_a-closer.o)
                              C:/Program Files (x86)/Arm GNU Toolchain arm-none-eabi/14.2 rel1/bin/../lib/gcc/arm-none-eabi/14.2.1/thumb/v7e-m+fp/hard\libc_nano.a(libc_a-stdio.o) (_close_r)
C:/Program Files (x86)/Arm GNU Toolchain arm-none-eabi/14.2 rel1/bin/../lib/gcc/arm-none-eabi/14.2.1/thumb/v7e-m+fp/hard\libc_nano.a(libc_a-reent.o)
                              C:/Program Files (x86)/Arm GNU Toolchain arm-none-eabi/14.2 rel1/bin/../lib/gcc/arm-none-eabi/14.2.1/thumb/v7e-m+fp/hard\libc_nano.a(libc_a-closer.o) (errno)
C:/Program Files (x86)/Arm GNU Toolchain arm-none-eabi/14.2 rel1/bin/../lib/gcc/arm-none-eabi/14.2.1/thumb/v7e-m+fp/hard\libc_nano.a(libc_a-impure.o)
                              C:/Program Files (x86)/Arm GNU Toolchain arm-none-eabi/14.2 rel1/bin/../lib/gcc/arm-none-eabi/14.2.1/thumb/v7e-m+fp/hard\libc_nano.a(libc_a-snprintf.o) (_impure_ptr)
C:/Program Files (x86)/Arm GNU Toolchain arm-none-eabi/14.2 rel1/bin/../lib/gcc/arm-none-eabi/14.2.1/thumb/v7e-m+fp/hard\libc_nano.a(libc_a-lseekr.o)
                              C:/Program Files (x86)/Arm GNU Toolchain arm-none-eabi/14.2 rel1/bin/../lib/gcc/arm-none-eabi/14.2.1/thumb/v7e-m+fp/hard\libc_nano.a(libc_a-stdio.o) (_lseek_r)
C:/Program Files (x86)/Arm GNU Toolchain arm-none-eabi/14.2 rel1/bin/../lib/gcc/arm-none-eabi/14.2.1/thumb/v7e-m+fp/hard\libc_nano.a(libc_a-readr.o)
                              C:/Program Files (x86)/Arm GNU Toolchain arm-none-eabi/14.2 rel1/bin/../lib/gcc/arm-none-eabi/14.2.1/thumb/v7e-m+fp/hard\libc_nano.a(libc_a-stdio.o) (_read_r)
C:/Program Files (x86)/Arm GNU Toolchain arm-none-eabi/14.2 rel1/bin/../lib/gcc/arm-none-eabi/14.2.1/thumb/v7e-m+fp/hard\libc_nano.a(libc_a-writer.o)
                              C:/Program Files (x86)/Arm GNU Toolchain arm-none-eabi/14.2 rel1/bin/../lib/gcc/arm-none-eabi/14.2.1/thumb/v7e-m+fp/hard\libc_nano.a(libc_a-stdio.o) (_write_r)
C:/Program Files (x86)/Arm GNU Toolchain arm-none-eabi/14.2 rel1/bin/../lib/gcc/arm-none-eabi/14.2.1/thumb/v7e-m+fp/hard\libc_nano.a(libc_a-errno.o)
                              build/sysmem.o (__errno)
C:/Program Files (x86)/Arm GNU Toolchain arm-none-eabi/14.2 rel1/bin/../lib/gcc/arm-none-eabi/14.2.1/thumb/v7e-m+fp/hard\libc_nano.a(libc_a-init.o)
                              C:/Program Files (x86)/Arm GNU Toolchain arm-none-eabi/14.2 rel1/bin/../lib/gcc/arm-none-eabi/14.2.1/thumb/v7e-m+fp/hard/crt0.o (__libc_init_array)
C:/Program Files (x86)/Arm GNU Toolchain arm-none-eabi/14.2 rel1/bin/../lib/gcc/arm-none-eabi/14.2.1/thumb/v7e-m+fp/hard\libc_nano.a(libc_a-lock.o)
                              C:/Program Files (x86)/Arm GNU Toolchain arm-none-eabi/14.2 rel1/bin/../lib/gcc/arm-none-eabi/14.2.1/thumb/v7e-m+fp/hard\libc_nano.a(libc_a-findfp.o) (__retarget_lock_init_recursive)
[...]
Memory Configuration

Name             Origin             Length             Attributes
RAM              0x20000000         0x00020000         xrw
CCMRAM           0x10000000         0x00010000         xrw
FLASH            0x08000000         0x00080000         xr
*default*        0x00000000         0xffffffff

Linker script and memory map

LOAD C:/Program Files (x86)/Arm GNU Toolchain arm-none-eabi/14.2 rel1/bin/../lib/gcc/arm-none-eabi/14.2.1/thumb/v7e-m+fp/hard/crti.o
LOAD C:/Program Files (x86)/Arm GNU Toolchain arm-none-eabi/14.2 rel1/bin/../lib/gcc/arm-none-eabi/14.2.1/thumb/v7e-m+fp/hard/crtbegin.o
LOAD C:/Program Files (x86)/Arm GNU Toolchain arm-none-eabi/14.2 rel1/bin/../lib/gcc/arm-none-eabi/14.2.1/thumb/v7e-m+fp/hard/crt0.o
LOAD build/main.o
LOAD build/gpio.o
LOAD build/spi.o
LOAD build/tim.o
LOAD build/usart.o
LOAD build/stm32f4xx_it.o
LOAD build/stm32f4xx_hal_msp.o
LOAD build/stm32f4xx_hal_timebase_tim.o
LOAD build/stm32f4xx_hal_tim.o
LOAD build/stm32f4xx_hal_tim_ex.o
LOAD build/stm32f4xx_hal_spi.o
LOAD build/stm32f4xx_hal_rcc.o
LOAD build/stm32f4xx_hal_rcc_ex.o
LOAD build/stm32f4xx_hal_flash.o
LOAD build/stm32f4xx_hal_flash_ex.o
LOAD build/stm32f4xx_hal_flash_ramfunc.o
LOAD build/stm32f4xx_hal_gpio.o
LOAD build/stm32f4xx_hal_dma_ex.o
LOAD build/stm32f4xx_hal_dma.o
LOAD build/stm32f4xx_hal_pwr.o
LOAD build/stm32f4xx_hal_pwr_ex.o
LOAD build/stm32f4xx_hal_cortex.o
LOAD build/stm32f4xx_hal.o
LOAD build/stm32f4xx_hal_exti.o
LOAD build/stm32f4xx_hal_uart.o
LOAD build/system_stm32f4xx.o
LOAD build/sysmem.o
LOAD build/syscalls.o
LOAD build/i2c.o
LOAD build/oled.o
LOAD build/MPU6050.o
LOAD build/MahonyAHRS.o
LOAD build/gyro_calib.o
LOAD build/bt_proto.o
LOAD build/encoder.o
LOAD build/motor.o
LOAD build/speed_ctrl.o
LOAD build/pid.o
LOAD build/ringbuf.o
LOAD build/nrf24l01.o
LOAD build/kinematics.o
LOAD build/yaw_ctrl.o
LOAD build/stm32f4xx_hal_i2c.o
LOAD build/stm32f4xx_hal_i2c_ex.o
LOAD build/startup_stm32f407xx.o
LOAD C:/Program Files (x86)/Arm GNU Toolchain arm-none-eabi/14.2 rel1/bin/../lib/gcc/arm-none-eabi/14.2.1/thumb/v7e-m+fp/hard\libc_nano.a
LOAD C:/Program Files (x86)/Arm GNU Toolchain arm-none-eabi/14.2 rel1/bin/../lib/gcc/arm-none-eabi/14.2.1/thumb/v7e-m+fp/hard\libm.a
LOAD C:/Program Files (x86)/Arm GNU Toolchain arm-none-eabi/14.2 rel1/bin/../lib/gcc/arm-none-eabi/14.2.1/thumb/v7e-m+fp/hard\libnosys.a
START GROUP
LOAD C:/Program Files (x86)/Arm GNU Toolchain arm-none-eabi/14.2 rel1/bin/../lib/gcc/arm-none-eabi/14.2.1/thumb/v7e-m+fp/hard\libgcc.a
LOAD C:/Program Files (x86)/Arm GNU Toolchain arm-none-eabi/14.2 rel1/bin/../lib/gcc/arm-none-eabi/14.2.1/thumb/v7e-m+fp/hard\libc_nano.a
END GROUP
START GROUP
LOAD C:/Program Files (x86)/Arm GNU Toolchain arm-none-eabi/14.2 rel1/bin/../lib/gcc/arm-none-eabi/14.2.1/thumb/v7e-m+fp/hard\libgcc.a
LOAD C:/Program Files (x86)/Arm GNU Toolchain arm-none-eabi/14.2 rel1/bin/../lib/gcc/arm-none-eabi/14.2.1/thumb/v7e-m+fp/hard\libc_nano.a
END GROUP
LOAD C:/Program Files (x86)/Arm GNU Toolchain arm-none-eabi/14.2 rel1/bin/../lib/gcc/arm-none-eabi/14.2.1/thumb/v7e-m+fp/hard/crtend.o
LOAD C:/Program Files (x86)/Arm GNU Toolchain arm-none-eabi/14.2 rel1/bin/../lib/gcc/arm-none-eabi/14.2.1/thumb/v7e-m+fp/hard/crtn.o
                0x20020000                        _estack = (ORIGIN (RAM) + LENGTH (RAM))
                0x00000200                        _Min_Heap_Size = 0x200
                0x00000400                        _Min_Stack_Size = 0x400

.isr_vector     0x08000000      0x188
                0x08000000                        . = ALIGN (0x4)
 *(.isr_vector)
 .isr_vector    0x08000000      0x188 build/startup_stm32f407xx.o
                0x08000000                g_pfnVectors
                0x08000188                        . = ALIGN (0x4)

.text           0x08000190     0x6b88
                0x08000190                        . = ALIGN (0x4)
 *(.text)
 .text          0x08000190       0xa0 C:/Program Files (x86)/Arm GNU Toolchain arm-none-eabi/14.2 rel1/bin/../lib/gcc/arm-none-eabi/14.2.1/thumb/v7e-m+fp/hard\libc_nano.a(libc_a-memchr.o)
                0x08000190                memchr
 .text          0x08000230      0x378 C:/Program Files (x86)/Arm GNU Toolchain arm-none-eabi/14.2 rel1/bin/../lib/gcc/arm-none-eabi/14.2.1/thumb/v7e-m+fp/hard\libgcc.a(_arm_addsubdf3.o)
                0x08000230                __aeabi_drsub
                0x08000238                __aeabi_dsub
                0x08000238                __subdf3
                0x0800023c                __aeabi_dadd
                0x0800023c                __adddf3
                0x080004b4                __floatunsidf
                0x080004b4                __aeabi_ui2d
                0x080004d4                __floatsidf
                0x080004d4                __aeabi_i2d
                0x080004f8                __aeabi_f2d
                0x080004f8                __extendsfdf2
                0x0800053c                __floatundidf
                0x0800053c                __aeabi_ul2d
                0x0800054c                __floatdidf
                0x0800054c                __aeabi_l2d
 .text          0x080005a8      0x424 C:/Program Files (x86)/Arm GNU Toolchain arm-none-eabi/14.2 rel1/bin/../lib/gcc/arm-none-eabi/14.2.1/thumb/v7e-m+fp/hard\libgcc.a(_arm_muldivdf3.o)
                0x080005a8                __aeabi_dmul
                0x080005a8                __muldf3
                0x080007fc                __divdf3
                0x080007fc                __aeabi_ddiv
 .text          0x080009cc       0xa0 C:/Program Files (x86)/Arm GNU Toolchain arm-none-eabi/14.2 rel1/bin/../lib/gcc/arm-none-eabi/14.2.1/thumb/v7e-m+fp/hard\libgcc.a(_arm_truncdfsf2.o)
                0x080009cc                __truncdfsf2
                0x080009cc                __aeabi_d2f
 .text          0x08000a6c       0x30 C:/Program Files (x86)/Arm GNU Toolchain arm-none-eabi/14.2 rel1/bin/../lib/gcc/arm-none-eabi/14.2.1/thumb/v7e-m+fp/hard\libgcc.a(_aeabi_uldivmod.o)
                0x08000a6c                __aeabi_uldivmod
 .text          0x08000a9c        0x4 C:/Program Files (x86)/Arm GNU Toolchain arm-none-eabi/14.2 rel1/bin/../lib/gcc/arm-none-eabi/14.2.1/thumb/v7e-m+fp/hard\libgcc.a(_dvmd_tls.o)
                0x08000a9c                __aeabi_idiv0
                0x08000a9c                __aeabi_ldiv0
 *(.text*)
 .text.deregister_tm_clones
                0x08000aa0       0x1c C:/Program Files (x86)/Arm GNU Toolchain arm-none-eabi/14.2 rel1/bin/../lib/gcc/arm-none-eabi/14.2.1/thumb/v7e-m+fp/hard/crtbegin.o
 .text.register_tm_clones
                0x08000abc       0x24 C:/Program Files (x86)/Arm GNU Toolchain arm-none-eabi/14.2 rel1/bin/../lib/gcc/arm-none-eabi/14.2.1/thumb/v7e-m+fp/hard/crtbegin.o
 .text.__do_global_dtors_aux
                0x08000ae0       0x28 C:/Program Files (x86)/Arm GNU Toolchain arm-none-eabi/14.2 rel1/bin/../lib/gcc/arm-none-eabi/14.2.1/thumb/v7e-m+fp/hard/crtbegin.o
 .text.frame_dummy
                0x08000b08       0x24 C:/Program Files (x86)/Arm GNU Toolchain arm-none-eabi/14.2 rel1/bin/../lib/gcc/arm-none-eabi/14.2.1/thumb/v7e-m+fp/hard/crtbegin.o
 .text.imu_update_task
                0x08000b2c      0x150 build/main.o
 .text.chassis_control_task
                0x08000c7c       0xb0 build/main.o
 .text.HAL_TIM_PeriodElapsedCallback
                0x08000d2c       0x18 build/main.o
                0x08000d2c                HAL_TIM_PeriodElapsedCallback
 .text.Error_Handler
                0x08000d44        0x4 build/main.o
                0x08000d44                Error_Handler
 .text.SystemClock_Config
                0x08000d48       0xa8 build/main.o
                0x08000d48                SystemClock_Config
 .text.main     0x08000df0       0x9c build/main.o
                0x08000df0                main
 .text.MX_GPIO_Init
                0x08000e8c      0x124 build/gpio.o
                0x08000e8c                MX_GPIO_Init
 .text.MX_SPI2_Init
                0x08000fb0       0x40 build/spi.o
                0x08000fb0                MX_SPI2_Init
 .text.HAL_SPI_MspInit
                0x08000ff0       0x70 build/spi.o
                0x08000ff0                HAL_SPI_MspInit
 .text.MX_TIM1_Init
                0x08001060       0x68 build/tim.o
                0x08001060                MX_TIM1_Init
 .text.MX_TIM2_Init
                0x080010c8       0x64 build/tim.o
                0x080010c8                MX_TIM2_Init
 .text.MX_TIM3_Init
                0x0800112c       0x64 build/tim.o
                0x0800112c                MX_TIM3_Init
 .text.MX_TIM4_Init
                0x08001190       0x64 build/tim.o
                0x08001190                MX_TIM4_Init
 .text.HAL_TIM_Encoder_MspInit
                0x080011f4      0x150 build/tim.o
                0x080011f4                HAL_TIM_Encoder_MspInit
 .text.HAL_TIM_PWM_MspInit
                0x08001344       0x40 build/tim.o
                0x08001344                HAL_TIM_PWM_MspInit
 .text.HAL_TIM_MspPostInit
                0x08001384       0x5c build/tim.o
                0x08001384                HAL_TIM_MspPostInit
 .text.MX_TIM8_Init
                0x080013e0       0xec build/tim.o
                0x080013e0                MX_TIM8_Init
 .text.MX_USART3_UART_Init
                0x080014cc       0x34 build/usart.o
                0x080014cc                MX_USART3_UART_Init
 .text.HAL_UART_MspInit
                0x08001500       0x80 build/usart.o
                0x08001500                HAL_UART_MspInit
 .text.Get_UART_RxRingBuf
                0x08001580        0x8 build/stm32f4xx_it.o
                0x08001580                Get_UART_RxRingBuf
 .text.NMI_Handler
                0x08001588        0x2 build/stm32f4xx_it.o
                0x08001588                NMI_Handler
 .text.HardFault_Handler
                0x0800158a        0x2 build/stm32f4xx_it.o
                0x0800158a                HardFault_Handler
 .text.MemManage_Handler
                0x0800158c        0x2 build/stm32f4xx_it.o
                0x0800158c                MemManage_Handler
 .text.BusFault_Handler
                0x0800158e        0x2 build/stm32f4xx_it.o
                0x0800158e                BusFault_Handler
 .text.UsageFault_Handler
                0x08001590        0x2 build/stm32f4xx_it.o
                0x08001590                UsageFault_Handler
 .text.SVC_Handler
                0x08001592        0x2 build/stm32f4xx_it.o
                0x08001592                SVC_Handler
 .text.DebugMon_Handler
                0x08001594        0x2 build/stm32f4xx_it.o
                0x08001594                DebugMon_Handler
 .text.PendSV_Handler
                0x08001596        0x2 build/stm32f4xx_it.o
                0x08001596                PendSV_Handler
 .text.SysTick_Handler
                0x08001598        0x2 build/stm32f4xx_it.o
                0x08001598                SysTick_Handler
 *fill*         0x0800159a        0x2 
 .text.USART3_IRQHandler
                0x0800159c       0x40 build/stm32f4xx_it.o
                0x0800159c                USART3_IRQHandler
 .text.TIM8_UP_TIM13_IRQHandler
                0x080015dc       0xa0 build/stm32f4xx_it.o
                0x080015dc                TIM8_UP_TIM13_IRQHandler
 .text.TIM7_IRQHandler
                0x0800167c       0x10 build/stm32f4xx_it.o
                0x0800167c                TIM7_IRQHandler
 .text.HAL_MspInit
                0x0800168c       0x38 build/stm32f4xx_hal_msp.o
                0x0800168c                HAL_MspInit
 .text.HAL_InitTick
                0x080016c4       0xa4 build/stm32f4xx_hal_timebase_tim.o
                0x080016c4                HAL_InitTick
 .text.TIM_OC1_SetConfig
                0x08001768       0x70 build/stm32f4xx_hal_tim.o
 .text.TIM_OC3_SetConfig
                0x080017d8       0x70 build/stm32f4xx_hal_tim.o
 .text.TIM_OC4_SetConfig
                0x08001848       0x50 build/stm32f4xx_hal_tim.o
 .text.HAL_TIM_Base_MspInit
                0x08001898        0x2 build/stm32f4xx_hal_tim.o
                0x08001898                HAL_TIM_Base_MspInit
 *fill*         0x0800189a        0x2 
 .text.HAL_TIM_Base_Start_IT
                0x0800189c       0x84 build/stm32f4xx_hal_tim.o
                0x0800189c                HAL_TIM_Base_Start_IT
 .text.HAL_TIM_OC_DelayElapsedCallback
                0x08001920        0x2 build/stm32f4xx_hal_tim.o
                0x08001920                HAL_TIM_OC_DelayElapsedCallback
 .text.HAL_TIM_IC_CaptureCallback
                0x08001922        0x2 build/stm32f4xx_hal_tim.o
                0x08001922                HAL_TIM_IC_CaptureCallback
 .text.HAL_TIM_PWM_PulseFinishedCallback
                0x08001924        0x2 build/stm32f4xx_hal_tim.o
                0x08001924                HAL_TIM_PWM_PulseFinishedCallback
 .text.HAL_TIM_TriggerCallback
                0x08001926        0x2 build/stm32f4xx_hal_tim.o
                0x08001926                HAL_TIM_TriggerCallback
 .text.HAL_TIM_IRQHandler
                0x08001928      0x15e build/stm32f4xx_hal_tim.o
                0x08001928                HAL_TIM_IRQHandler
 *fill*         0x08001a86        0x2 
 .text.TIM_Base_SetConfig
                0x08001a88       0xd0 build/stm32f4xx_hal_tim.o
                0x08001a88                TIM_Base_SetConfig
 .text.HAL_TIM_Base_Init
                0x08001b58       0x58 build/stm32f4xx_hal_tim.o
                0x08001b58                HAL_TIM_Base_Init
 .text.HAL_TIM_PWM_Init
                0x08001bb0       0x58 build/stm32f4xx_hal_tim.o
                0x08001bb0                HAL_TIM_PWM_Init
 .text.HAL_TIM_Encoder_Init
                0x08001c08       0xb0 build/stm32f4xx_hal_tim.o
                0x08001c08                HAL_TIM_Encoder_Init
 .text.TIM_OC2_SetConfig
                0x08001cb8       0x70 build/stm32f4xx_hal_tim.o
                0x08001cb8                TIM_OC2_SetConfig
 .text.HAL_TIM_PWM_ConfigChannel
                0x08001d28       0xdc build/stm32f4xx_hal_tim.o
                0x08001d28                HAL_TIM_PWM_ConfigChannel
 .text.TIM_CCxChannelCmd
                0x08001e04       0x1e build/stm32f4xx_hal_tim.o
                0x08001e04                TIM_CCxChannelCmd
 *fill*         0x08001e22        0x2 
 .text.HAL_TIM_PWM_Start
                0x08001e24       0xfc build/stm32f4xx_hal_tim.o
                0x08001e24                HAL_TIM_PWM_Start
 .text.HAL_TIM_Encoder_Start
                0x08001f20       0xcc build/stm32f4xx_hal_tim.o
                0x08001f20                HAL_TIM_Encoder_Start
 .text.HAL_TIMEx_MasterConfigSynchronization
                0x08001fec       0x8c build/stm32f4xx_hal_tim_ex.o
                0x08001fec                HAL_TIMEx_MasterConfigSynchronization
 .text.HAL_TIMEx_ConfigBreakDeadTime
                0x08002078       0x52 build/stm32f4xx_hal_tim_ex.o
                0x08002078                HAL_TIMEx_ConfigBreakDeadTime
 .text.HAL_TIMEx_CommutCallback
                0x080020ca        0x2 build/stm32f4xx_hal_tim_ex.o
                0x080020ca                HAL_TIMEx_CommutCallback
 .text.HAL_TIMEx_BreakCallback
                0x080020cc        0x2 build/stm32f4xx_hal_tim_ex.o
                0x080020cc                HAL_TIMEx_BreakCallback
 *fill*         0x080020ce        0x2 
 .text.SPI_WaitFlagStateUntilTimeout
                0x080020d0       0xc8 build/stm32f4xx_hal_spi.o
 .text.SPI_EndRxTxTransaction
                0x08002198       0x80 build/stm32f4xx_hal_spi.o
 .text.HAL_SPI_Init
                0x08002218       0xbe build/stm32f4xx_hal_spi.o
                0x08002218                HAL_SPI_Init
 .text.HAL_SPI_TransmitReceive
                0x080022d6      0x252 build/stm32f4xx_hal_spi.o
                0x080022d6                HAL_SPI_TransmitReceive
 .text.HAL_RCC_OscConfig
                0x08002528      0x3f8 build/stm32f4xx_hal_rcc.o
                0x08002528                HAL_RCC_OscConfig
 .text.HAL_RCC_GetSysClockFreq
                0x08002920       0xdc build/stm32f4xx_hal_rcc.o
                0x08002920                HAL_RCC_GetSysClockFreq
 .text.HAL_RCC_ClockConfig
                0x080029fc      0x160 build/stm32f4xx_hal_rcc.o
                0x080029fc                HAL_RCC_ClockConfig
 .text.HAL_RCC_GetHCLKFreq
                0x08002b5c        0xc build/stm32f4xx_hal_rcc.o
                0x08002b5c                HAL_RCC_GetHCLKFreq
 .text.HAL_RCC_GetPCLK1Freq
                0x08002b68       0x20 build/stm32f4xx_hal_rcc.o
                0x08002b68                HAL_RCC_GetPCLK1Freq
 .text.HAL_RCC_GetPCLK2Freq
                0x08002b88       0x20 build/stm32f4xx_hal_rcc.o
                0x08002b88                HAL_RCC_GetPCLK2Freq
 .text.HAL_RCC_GetClockConfig
                0x08002ba8       0x3c build/stm32f4xx_hal_rcc.o
                0x08002ba8                HAL_RCC_GetClockConfig
 .text.HAL_GPIO_Init
                0x08002be4      0x1ec build/stm32f4xx_hal_gpio.o
                0x08002be4                HAL_GPIO_Init
 .text.HAL_GPIO_WritePin
                0x08002dd0        0xc build/stm32f4xx_hal_gpio.o
                0x08002dd0                HAL_GPIO_WritePin
 .text.HAL_GPIO_TogglePin
                0x08002ddc       0x12 build/stm32f4xx_hal_gpio.o
                0x08002ddc                HAL_GPIO_TogglePin
 .text.HAL_DMA_Abort
                0x08002dee       0x92 build/stm32f4xx_hal_dma.o
                0x08002dee                HAL_DMA_Abort
 .text.HAL_DMA_Abort_IT
                0x08002e80       0x24 build/stm32f4xx_hal_dma.o
                0x08002e80                HAL_DMA_Abort_IT
 .text.__NVIC_EnableIRQ
                0x08002ea4       0x1c build/stm32f4xx_hal_cortex.o
 .text.__NVIC_SetPriority
                0x08002ec0       0x28 build/stm32f4xx_hal_cortex.o
 .text.NVIC_EncodePriority
                0x08002ee8       0x3e build/stm32f4xx_hal_cortex.o
 *fill*         0x08002f26        0x2 
 .text.HAL_NVIC_SetPriorityGrouping
                0x08002f28       0x24 build/stm32f4xx_hal_cortex.o
                0x08002f28                HAL_NVIC_SetPriorityGrouping
 .text.HAL_NVIC_SetPriority
                0x08002f4c       0x20 build/stm32f4xx_hal_cortex.o
                0x08002f4c                HAL_NVIC_SetPriority
 .text.HAL_NVIC_EnableIRQ
                0x08002f6c        0x8 build/stm32f4xx_hal_cortex.o
                0x08002f6c                HAL_NVIC_EnableIRQ
 .text.HAL_Init
                0x08002f74       0x34 build/stm32f4xx_hal.o
                0x08002f74                HAL_Init
 .text.HAL_IncTick
                0x08002fa8       0x18 build/stm32f4xx_hal.o
                0x08002fa8                HAL_IncTick
 .text.HAL_GetTick
                0x08002fc0        0xc build/stm32f4xx_hal.o
                0x08002fc0                HAL_GetTick
 .text.HAL_Delay
                0x08002fcc       0x28 build/stm32f4xx_hal.o
                0x08002fcc                HAL_Delay
 .text.UART_EndRxTransfer
                0x08002ff4       0x5c build/stm32f4xx_hal_uart.o
 .text.UART_Transmit_IT
                0x08003050       0x5e build/stm32f4xx_hal_uart.o
 *fill*         0x080030ae        0x2 
 .text.UART_SetConfig
                0x080030b0      0x110 build/stm32f4xx_hal_uart.o
 .text.UART_WaitOnFlagUntilTimeout
                0x080031c0       0x86 build/stm32f4xx_hal_uart.o
 .text.HAL_UART_Init
                0x08003246       0x60 build/stm32f4xx_hal_uart.o
                0x08003246                HAL_UART_Init
 .text.HAL_UART_Transmit
                0x080032a6       0xca build/stm32f4xx_hal_uart.o
                0x080032a6                HAL_UART_Transmit
 .text.HAL_UART_TxCpltCallback
                0x08003370        0x2 build/stm32f4xx_hal_uart.o
                0x08003370                HAL_UART_TxCpltCallback
 .text.UART_EndTransmit_IT
                0x08003372       0x1a build/stm32f4xx_hal_uart.o
 .text.HAL_UART_RxCpltCallback
                0x0800338c        0x2 build/stm32f4xx_hal_uart.o
                0x0800338c                HAL_UART_RxCpltCallback
 .text.HAL_UART_ErrorCallback
                0x0800338e        0x2 build/stm32f4xx_hal_uart.o
                0x0800338e                HAL_UART_ErrorCallback
 .text.UART_DMAAbortOnError
                0x08003390        0xe build/stm32f4xx_hal_uart.o
 .text.HAL_UARTEx_RxEventCallback
                0x0800339e        0x2 build/stm32f4xx_hal_uart.o
                0x0800339e                HAL_UARTEx_RxEventCallback
 .text.UART_Receive_IT
                0x080033a0       0xe4 build/stm32f4xx_hal_uart.o
 .text.HAL_UART_IRQHandler
                0x08003484      0x2a0 build/stm32f4xx_hal_uart.o
                0x08003484                HAL_UART_IRQHandler
 .text.SystemInit
                0x08003724       0x14 build/system_stm32f4xx.o
                0x08003724                SystemInit
 .text._sbrk    0x08003738       0x48 build/sysmem.o
                0x08003738                _sbrk
 .text.MX_I2C2_Init
                0x08003780       0x3c build/i2c.o
                0x08003780                MX_I2C2_Init
 .text.HAL_I2C_MspInit
                0x080037bc       0x70 build/i2c.o
                0x080037bc                HAL_I2C_MspInit
 .text.oled_write_cmd
                0x0800382c       0x28 build/oled.o
                0x0800382c                oled_write_cmd
 .text.oled_write_data
                0x08003854       0x28 build/oled.o
                0x08003854                oled_write_data
 .text.oled_set_cursor
                0x0800387c       0x22 build/oled.o
                0x0800387c                oled_set_cursor
 .text.oled_fill
                0x0800389e       0x2e build/oled.o
                0x0800389e                oled_fill
 .text.oled_init
                0x080038cc       0x9a build/oled.o
                0x080038cc                oled_init
 *fill*         0x08003966        0x2 
 .text.oled_show_char
                0x08003968       0x9c build/oled.o
                0x08003968                oled_show_char
 .text.oled_show_string
                0x08003a04       0x26 build/oled.o
                0x08003a04                oled_show_string
 *fill*         0x08003a2a        0x2 
 .text.oled_task
                0x08003a2c       0xc4 build/oled.o
                0x08003a2c                oled_task
 .text.MPU6050_WriteReg
                0x08003af0       0x2c build/MPU6050.o
                0x08003af0                MPU6050_WriteReg
 .text.MPU6050_ReadReg
                0x08003b1c       0x2c build/MPU6050.o
                0x08003b1c                MPU6050_ReadReg
 .text.MPU6050_Init
                0x08003b48       0x34 build/MPU6050.o
                0x08003b48                MPU6050_Init
 .text.MPU6050_GetData
                0x08003b7c       0x8c build/MPU6050.o
                0x08003b7c                MPU6050_GetData
 .text.invSqrt  0x08003c08       0x30 build/MahonyAHRS.o
                0x08003c08                invSqrt
 .text.MahonyAHRSupdateIMU
                0x08003c38      0x268 build/MahonyAHRS.o
                0x08003c38                MahonyAHRSupdateIMU
 .text.QuaternionToEuler
                0x08003ea0      0x10c build/MahonyAHRS.o
                0x08003ea0                QuaternionToEuler
 .text.GyroCalib_Init
                0x08003fac      0x11c build/gyro_calib.o
                0x08003fac                GyroCalib_Init
 .text.GyroCalib_Update
                0x080040c8      0x13c build/gyro_calib.o
                0x080040c8                GyroCalib_Update
 .text.BT_Parse_Byte
                0x08004204       0xbc build/bt_proto.o
                0x08004204                BT_Parse_Byte
 .text.BT_Pack_Tx
                0x080042c0       0x56 build/bt_proto.o
                0x080042c0                BT_Pack_Tx
 *fill*         0x08004316        0x2 
 .text.blue_setparam_task
                0x08004318       0xec build/bt_proto.o
                0x08004318                blue_setparam_task
 .text.Encoder_Init
                0x08004404       0x1a build/encoder.o
                0x08004404                Encoder_Init
 .text.Encoder_Update
                0x0800441e       0x16 build/encoder.o
                0x0800441e                Encoder_Update
 .text.Encoder_GetCount
                0x08004434        0x4 build/encoder.o
                0x08004434                Encoder_GetCount
 .text.Motor_SetDuty
                0x08004438       0xa0 build/motor.o
                0x08004438                Motor_SetDuty
 .text.Motor_Stop
                0x080044d8        0xa build/motor.o
                0x080044d8                Motor_Stop
 *fill*         0x080044e2        0x2 
 .text.Motor_InitAll
                0x080044e4       0xb4 build/motor.o
                0x080044e4                Motor_InitAll
 .text.SpeedCtrl_Init
                0x08004598       0x8c build/speed_ctrl.o
                0x08004598                SpeedCtrl_Init
 .text.SpeedCtrl_UpdateEncoders
                0x08004624       0x94 build/speed_ctrl.o
                0x08004624                SpeedCtrl_UpdateEncoders
 .text.SpeedCtrl_1kHz_Tick
                0x080046b8       0x4c build/speed_ctrl.o
                0x080046b8                SpeedCtrl_1kHz_Tick
 .text.SpeedCtrl_SetTarget
                0x08004704       0x1c build/speed_ctrl.o
                0x08004704                SpeedCtrl_SetTarget
 .text.SpeedCtrl_SetPID
                0x08004720       0x1c build/speed_ctrl.o
                0x08004720                SpeedCtrl_SetPID
 .text.SpeedCtrl_GetError
                0x0800473c       0x34 build/speed_ctrl.o
                0x0800473c                SpeedCtrl_GetError
 .text.PID_Init
                0x08004770       0x48 build/pid.o
                0x08004770                PID_Init
 .text.PID_Update
                0x080047b8      0x108 build/pid.o
                0x080047b8                PID_Update
 .text.PID_SetTarget
                0x080048c0        0x6 build/pid.o
                0x080048c0                PID_SetTarget
 .text.PID_SetTunings
                0x080048c6        0xe build/pid.o
                0x080048c6                PID_SetTunings
 .text.RingBuf_Put
                0x080048d4       0x30 build/ringbuf.o
                0x080048d4                RingBuf_Put
 .text.RingBuf_Get
                0x08004904       0x2e build/ringbuf.o
                0x08004904                RingBuf_Get
 *fill*         0x08004932        0x2 
 .text.spi2_set_speed
                0x08004934       0x14 build/nrf24l01.o
 .text.spi2_read_write_byte
                0x08004948       0x2c build/nrf24l01.o
 .text.nrf24l01_write_buf
                0x08004974       0x44 build/nrf24l01.o
 .text.nrf24l01_read_buf
                0x080049b8       0x44 build/nrf24l01.o
 .text.nrf24l01_read_reg
                0x080049fc       0x34 build/nrf24l01.o
 .text.nrf24l01_write_reg
                0x08004a30       0x38 build/nrf24l01.o
 .text.nrf24l01_check
                0x08004a68       0x58 build/nrf24l01.o
                0x08004a68                nrf24l01_check
 .text.B_nrf24l01_switch_rx_from_A
                0x08004ac0       0x60 build/nrf24l01.o
                0x08004ac0                B_nrf24l01_switch_rx_from_A
 .text.NRF_check
                0x08004b20       0x30 build/nrf24l01.o
                0x08004b20                NRF_check
 .text.B_receive_from_host
                0x08004b50       0x32 build/nrf24l01.o
                0x08004b50                B_receive_from_host
 .text.twoUint8ToUint16
                0x08004b82        0x6 build/nrf24l01.o
                0x08004b82                twoUint8ToUint16
 .text.nrf_receive_task
                0x08004b88       0x94 build/nrf24l01.o
                0x08004b88                nrf_receive_task
 .text.OmniKinematics
                0x08004c1c       0xa0 build/kinematics.o
                0x08004c1c                OmniKinematics
 .text.YawCtrl_Init
                0x08004cbc       0x28 build/yaw_ctrl.o
                0x08004cbc                YawCtrl_Init
 .text.YawCtrl_Update
                0x08004ce4       0x60 build/yaw_ctrl.o
                0x08004ce4                YawCtrl_Update
 .text.I2C_IsAcknowledgeFailed
                0x08004d44       0x32 build/stm32f4xx_hal_i2c.o
 .text.I2C_WaitOnFlagUntilTimeout
                0x08004d76       0xaa build/stm32f4xx_hal_i2c.o
 .text.I2C_WaitOnMasterAddressFlagUntilTimeout
                0x08004e20       0xd6 build/stm32f4xx_hal_i2c.o
 *fill*         0x08004ef6        0x2 
 .text.I2C_MasterRequestWrite
                0x08004ef8       0xb4 build/stm32f4xx_hal_i2c.o
 .text.I2C_WaitOnTXEFlagUntilTimeout
                0x08004fac       0x5e build/stm32f4xx_hal_i2c.o
 *fill*         0x0800500a        0x2 
 .text.I2C_RequestMemoryWrite
                0x0800500c       0xd8 build/stm32f4xx_hal_i2c.o
 .text.I2C_RequestMemoryRead
                0x080050e4      0x154 build/stm32f4xx_hal_i2c.o
 .text.I2C_WaitOnBTFFlagUntilTimeout
                0x08005238       0x5e build/stm32f4xx_hal_i2c.o
 .text.I2C_WaitOnRXNEFlagUntilTimeout
                0x08005296       0x78 build/stm32f4xx_hal_i2c.o
 *fill*         0x0800530e        0x2 
 .text.HAL_I2C_Init
                0x08005310      0x1bc build/stm32f4xx_hal_i2c.o
                0x08005310                HAL_I2C_Init
 .text.HAL_I2C_Master_Transmit
                0x080054cc      0x174 build/stm32f4xx_hal_i2c.o
                0x080054cc                HAL_I2C_Master_Transmit
 .text.HAL_I2C_Mem_Write
                0x08005640      0x160 build/stm32f4xx_hal_i2c.o
                0x08005640                HAL_I2C_Mem_Write
 .text.HAL_I2C_Mem_Read
                0x080057a0      0x2f8 build/stm32f4xx_hal_i2c.o
                0x080057a0                HAL_I2C_Mem_Read
 .text.Reset_Handler
                0x08005a98       0x50 build/startup_stm32f407xx.o
                0x08005a98                Reset_Handler
 .text.Default_Handler
                0x08005ae8        0x2 build/startup_stm32f407xx.o
                0x08005ae8                RTC_Alarm_IRQHandler
                0x08005ae8                HASH_RNG_IRQHandler
                0x08005ae8                EXTI2_IRQHandler
                0x08005ae8                TIM8_CC_IRQHandler
                0x08005ae8                TIM1_CC_IRQHandler
                0x08005ae8                DMA2_Stream5_IRQHandler
                0x08005ae8                DMA1_Stream5_IRQHandler
                0x08005ae8                PVD_IRQHandler
                0x08005ae8                SDIO_IRQHandler
                0x08005ae8                TAMP_STAMP_IRQHandler
                0x08005ae8                CAN2_RX1_IRQHandler
                0x08005ae8                EXTI3_IRQHandler
                0x08005ae8                TIM8_TRG_COM_TIM14_IRQHandler
                0x08005ae8                TIM1_UP_TIM10_IRQHandler
                0x08005ae8                I2C3_ER_IRQHandler
                0x08005ae8                EXTI0_IRQHandler
                0x08005ae8                I2C2_EV_IRQHandler
                0x08005ae8                DMA1_Stream2_IRQHandler
                0x08005ae8                CAN1_RX0_IRQHandler
                0x08005ae8                FPU_IRQHandler
                0x08005ae8                OTG_HS_WKUP_IRQHandler
                0x08005ae8                CAN2_SCE_IRQHandler
                0x08005ae8                DMA2_Stream2_IRQHandler
                0x08005ae8                SPI1_IRQHandler
                0x08005ae8                TIM6_DAC_IRQHandler
                0x08005ae8                TIM1_BRK_TIM9_IRQHandler
                0x08005ae8                DCMI_IRQHandler
                0x08005ae8                CAN2_RX0_IRQHandler
                0x08005ae8                DMA2_Stream3_IRQHandler
                0x08005ae8                USART6_IRQHandler
                0x08005ae8                CAN1_RX1_IRQHandler
                0x08005ae8                UART5_IRQHandler
                0x08005ae8                DMA2_Stream0_IRQHandler
                0x08005ae8                TIM4_IRQHandler
                0x08005ae8                I2C1_EV_IRQHandler
                0x08005ae8                DMA1_Stream6_IRQHandler
                0x08005ae8                DMA1_Stream1_IRQHandler
                0x08005ae8                UART4_IRQHandler
                0x08005ae8                TIM3_IRQHandler
                0x08005ae8                RCC_IRQHandler
                0x08005ae8                TIM8_BRK_TIM12_IRQHandler
                0x08005ae8                Default_Handler
                0x08005ae8                EXTI15_10_IRQHandler
                0x08005ae8                ADC_IRQHandler
                0x08005ae8                DMA1_Stream7_IRQHandler
                0x08005ae8                CAN2_TX_IRQHandler
                0x08005ae8                TIM5_IRQHandler
                0x08005ae8                DMA2_Stream7_IRQHandler
                0x08005ae8                I2C3_EV_IRQHandler
                0x08005ae8                EXTI9_5_IRQHandler
                0x08005ae8                RTC_WKUP_IRQHandler
                0x08005ae8                ETH_WKUP_IRQHandler
                0x08005ae8                SPI2_IRQHandler
                0x08005ae8                OTG_HS_EP1_IN_IRQHandler
                0x08005ae8                DMA1_Stream0_IRQHandler
                0x08005ae8                CAN1_TX_IRQHandler
                0x08005ae8                EXTI4_IRQHandler
                0x08005ae8                FSMC_IRQHandler
                0x08005ae8                ETH_IRQHandler
                0x08005ae8                OTG_HS_EP1_OUT_IRQHandler
                0x08005ae8                WWDG_IRQHandler
                0x08005ae8                TIM2_IRQHandler
                0x08005ae8                OTG_FS_WKUP_IRQHandler
                0x08005ae8                TIM1_TRG_COM_TIM11_IRQHandler
                0x08005ae8                OTG_HS_IRQHandler
                0x08005ae8                EXTI1_IRQHandler
                0x08005ae8                USART2_IRQHandler
                0x08005ae8                I2C2_ER_IRQHandler
                0x08005ae8                DMA2_Stream1_IRQHandler
                0x08005ae8                CAN1_SCE_IRQHandler
                0x08005ae8                FLASH_IRQHandler
                0x08005ae8                DMA2_Stream4_IRQHandler
                0x08005ae8                USART1_IRQHandler
                0x08005ae8                OTG_FS_IRQHandler
                0x08005ae8                SPI3_IRQHandler
                0x08005ae8                DMA1_Stream4_IRQHandler
                0x08005ae8                I2C1_ER_IRQHandler
                0x08005ae8                DMA2_Stream6_IRQHandler
                0x08005ae8                DMA1_Stream3_IRQHandler
 *fill*         0x08005aea        0x2 
 .text.snprintf
                0x08005aec       0x6c C:/Program Files (x86)/Arm GNU Toolchain arm-none-eabi/14.2 rel1/bin/../lib/gcc/arm-none-eabi/14.2.1/thumb/v7e-m+fp/hard\libc_nano.a(libc_a-snprintf.o)
                0x08005aec                sniprintf
                0x08005aec                snprintf
 .text.memset   0x08005b58       0x10 C:/Program Files (x86)/Arm GNU Toolchain arm-none-eabi/14.2 rel1/bin/../lib/gcc/arm-none-eabi/14.2.1/thumb/v7e-m+fp/hard\libc_nano.a(libc_a-memset.o)
                0x08005b58                memset
 .text.__errno  0x08005b68        0xc C:/Program Files (x86)/Arm GNU Toolchain arm-none-eabi/14.2 rel1/bin/../lib/gcc/arm-none-eabi/14.2.1/thumb/v7e-m+fp/hard\libc_nano.a(libc_a-errno.o)
                0x08005b68                __errno
 .text.__libc_init_array
                0x08005b74       0x48 C:/Program Files (x86)/Arm GNU Toolchain arm-none-eabi/14.2 rel1/bin/../lib/gcc/arm-none-eabi/14.2.1/thumb/v7e-m+fp/hard\libc_nano.a(libc_a-init.o)
                0x08005b74                __libc_init_array
 .text.__retarget_lock_acquire_recursive
                0x08005bbc        0x2 C:/Program Files (x86)/Arm GNU Toolchain arm-none-eabi/14.2 rel1/bin/../lib/gcc/arm-none-eabi/14.2.1/thumb/v7e-m+fp/hard\libc_nano.a(libc_a-lock.o)
                0x08005bbc                __retarget_lock_acquire_recursive
 .text.__retarget_lock_release_recursive
                0x08005bbe        0x2 C:/Program Files (x86)/Arm GNU Toolchain arm-none-eabi/14.2 rel1/bin/../lib/gcc/arm-none-eabi/14.2.1/thumb/v7e-m+fp/hard\libc_nano.a(libc_a-lock.o)
                0x08005bbe                __retarget_lock_release_recursive
 .text._free_r  0x08005bc0       0x94 C:/Program Files (x86)/Arm GNU Toolchain arm-none-eabi/14.2 rel1/bin/../lib/gcc/arm-none-eabi/14.2.1/thumb/v7e-m+fp/hard\libc_nano.a(libc_a-freer.o)
                0x08005bc0                _free_r
 .text.sbrk_aligned
                0x08005c54       0x44 C:/Program Files (x86)/Arm GNU Toolchain arm-none-eabi/14.2 rel1/bin/../lib/gcc/arm-none-eabi/14.2.1/thumb/v7e-m+fp/hard\libc_nano.a(libc_a-mallocr.o)
 .text._malloc_r
                0x08005c98      0x100 C:/Program Files (x86)/Arm GNU Toolchain arm-none-eabi/14.2 rel1/bin/../lib/gcc/arm-none-eabi/14.2.1/thumb/v7e-m+fp/hard\libc_nano.a(libc_a-mallocr.o)
                0x08005c98                _malloc_r
 .text.__malloc_lock
                0x08005d98        0xc C:/Program Files (x86)/Arm GNU Toolchain arm-none-eabi/14.2 rel1/bin/../lib/gcc/arm-none-eabi/14.2.1/thumb/v7e-m+fp/hard\libc_nano.a(libc_a-mlock.o)
                0x08005d98                __malloc_lock
 .text.__malloc_unlock
                0x08005da4        0xc C:/Program Files (x86)/Arm GNU Toolchain arm-none-eabi/14.2 rel1/bin/../lib/gcc/arm-none-eabi/14.2.1/thumb/v7e-m+fp/hard\libc_nano.a(libc_a-mlock.o)
                0x08005da4                __malloc_unlock
 .text.__ssputs_r
                0x08005db0       0xc0 C:/Program Files (x86)/Arm GNU Toolchain arm-none-eabi/14.2 rel1/bin/../lib/gcc/arm-none-eabi/14.2.1/thumb/v7e-m+fp/hard\libc_nano.a(libc_a-nano-svfprintf.o)
                0x08005db0                __ssputs_r
 .text._svfprintf_r
                0x08005e70      0x1f8 C:/Program Files (x86)/Arm GNU Toolchain arm-none-eabi/14.2 rel1/bin/../lib/gcc/arm-none-eabi/14.2.1/thumb/v7e-m+fp/hard\libc_nano.a(libc_a-nano-svfprintf.o)
                0x08005e70                _svfiprintf_r
                0x08005e70                _svfprintf_r
 .text._printf_common
                0x08006068       0xda C:/Program Files (x86)/Arm GNU Toolchain arm-none-eabi/14.2 rel1/bin/../lib/gcc/arm-none-eabi/14.2.1/thumb/v7e-m+fp/hard\libc_nano.a(libc_a-nano-vfprintf_i.o)
                0x08006068                _printf_common
 *fill*         0x08006142        0x2 
 .text._printf_i
                0x08006144      0x240 C:/Program Files (x86)/Arm GNU Toolchain arm-none-eabi/14.2 rel1/bin/../lib/gcc/arm-none-eabi/14.2.1/thumb/v7e-m+fp/hard\libc_nano.a(libc_a-nano-vfprintf_i.o)
                0x08006144                _printf_i
 .text.memmove  0x08006384       0x32 C:/Program Files (x86)/Arm GNU Toolchain arm-none-eabi/14.2 rel1/bin/../lib/gcc/arm-none-eabi/14.2.1/thumb/v7e-m+fp/hard\libc_nano.a(libc_a-memmove.o)
                0x08006384                memmove
 *fill*         0x080063b6        0x2 
 .text._sbrk_r  0x080063b8       0x20 C:/Program Files (x86)/Arm GNU Toolchain arm-none-eabi/14.2 rel1/bin/../lib/gcc/arm-none-eabi/14.2.1/thumb/v7e-m+fp/hard\libc_nano.a(libc_a-sbrkr.o)
                0x080063b8                _sbrk_r
 .text.memcpy   0x080063d8       0x1c C:/Program Files (x86)/Arm GNU Toolchain arm-none-eabi/14.2 rel1/bin/../lib/gcc/arm-none-eabi/14.2.1/thumb/v7e-m+fp/hard\libc_nano.a(libc_a-memcpy-stub.o)
                0x080063d8                memcpy
 .text._realloc_r
                0x080063f4       0x5c C:/Program Files (x86)/Arm GNU Toolchain arm-none-eabi/14.2 rel1/bin/../lib/gcc/arm-none-eabi/14.2.1/thumb/v7e-m+fp/hard\libc_nano.a(libc_a-reallocr.o)
                0x080063f4                _realloc_r
 .text._malloc_usable_size_r
                0x08006450       0x10 C:/Program Files (x86)/Arm GNU Toolchain arm-none-eabi/14.2 rel1/bin/../lib/gcc/arm-none-eabi/14.2.1/thumb/v7e-m+fp/hard\libc_nano.a(libc_a-msizer.o)
                0x08006450                _malloc_usable_size_r
 .text.asinf    0x08006460       0x58 C:/Program Files (x86)/Arm GNU Toolchain arm-none-eabi/14.2 rel1/bin/../lib/gcc/arm-none-eabi/14.2.1/thumb/v7e-m+fp/hard\libm.a(libm_a-wf_asin.o)
                0x08006460                asinf
 .text.atan2f   0x080064b8        0x4 C:/Program Files (x86)/Arm GNU Toolchain arm-none-eabi/14.2 rel1/bin/../lib/gcc/arm-none-eabi/14.2.1/thumb/v7e-m+fp/hard\libm.a(libm_a-wf_atan2.o)
                0x080064b8                atan2f
 .text.sqrtf    0x080064bc       0x44 C:/Program Files (x86)/Arm GNU Toolchain arm-none-eabi/14.2 rel1/bin/../lib/gcc/arm-none-eabi/14.2.1/thumb/v7e-m+fp/hard\libm.a(libm_a-wf_sqrt.o)
                0x080064bc                sqrtf
 .text.fabsf    0x08006500       0x10 C:/Program Files (x86)/Arm GNU Toolchain arm-none-eabi/14.2 rel1/bin/../lib/gcc/arm-none-eabi/14.2.1/thumb/v7e-m+fp/hard\libm.a(libm_a-sf_fabs.o)
                0x08006500                fabsf
 .text.nanf     0x08006510        0xc C:/Program Files (x86)/Arm GNU Toolchain arm-none-eabi/14.2 rel1/bin/../lib/gcc/arm-none-eabi/14.2.1/thumb/v7e-m+fp/hard\libm.a(libm_a-sf_nan.o)
                0x08006510                nanf
 .text.__ieee754_sqrtf
                0x0800651c        0x8 C:/Program Files (x86)/Arm GNU Toolchain arm-none-eabi/14.2 rel1/bin/../lib/gcc/arm-none-eabi/14.2.1/thumb/v7e-m+fp/hard\libm.a(libm_a-ef_sqrt.o)
                0x0800651c                __ieee754_sqrtf
 .text.__ieee754_asinf
                0x08006524      0x1f4 C:/Program Files (x86)/Arm GNU Toolchain arm-none-eabi/14.2 rel1/bin/../lib/gcc/arm-none-eabi/14.2.1/thumb/v7e-m+fp/hard\libm.a(libm_a-ef_asin.o)
                0x08006524                __ieee754_asinf
 .text.__ieee754_atan2f
                0x08006718      0x14c C:/Program Files (x86)/Arm GNU Toolchain arm-none-eabi/14.2 rel1/bin/../lib/gcc/arm-none-eabi/14.2.1/thumb/v7e-m+fp/hard\libm.a(libm_a-ef_atan2.o)
                0x08006718                __ieee754_atan2f
 .text.atanf    0x08006864      0x1a4 C:/Program Files (x86)/Arm GNU Toolchain arm-none-eabi/14.2 rel1/bin/../lib/gcc/arm-none-eabi/14.2.1/thumb/v7e-m+fp/hard\libm.a(libm_a-sf_atan.o)
                0x08006864                atanf
 .text.__udivmoddi4
                0x08006a08      0x2f8 C:/Program Files (x86)/Arm GNU Toolchain arm-none-eabi/14.2 rel1/bin/../lib/gcc/arm-none-eabi/14.2.1/thumb/v7e-m+fp/hard\libgcc.a(_udivmoddi4.o)
                0x08006a08                __udivmoddi4
 *(.glue_7)
 .glue_7        0x08006d00        0x0 linker stubs
 *(.glue_7t)
 .glue_7t       0x08006d00        0x0 linker stubs
 *(.eh_frame)
 .eh_frame      0x08006d00        0x0 C:/Program Files (x86)/Arm GNU Toolchain arm-none-eabi/14.2 rel1/bin/../lib/gcc/arm-none-eabi/14.2.1/thumb/v7e-m+fp/hard/crtbegin.o
 *(.init)
 .init          0x08006d00        0x4 C:/Program Files (x86)/Arm GNU Toolchain arm-none-eabi/14.2 rel1/bin/../lib/gcc/arm-none-eabi/14.2.1/thumb/v7e-m+fp/hard/crti.o
                0x08006d00                _init
 .init          0x08006d04        0x8 C:/Program Files (x86)/Arm GNU Toolchain arm-none-eabi/14.2 rel1/bin/../lib/gcc/arm-none-eabi/14.2.1/thumb/v7e-m+fp/hard/crtn.o
 *(.fini)
 .fini          0x08006d0c        0x4 C:/Program Files (x86)/Arm GNU Toolchain arm-none-eabi/14.2 rel1/bin/../lib/gcc/arm-none-eabi/14.2.1/thumb/v7e-m+fp/hard/crti.o
                0x08006d0c                _fini
 .fini          0x08006d10        0x8 C:/Program Files (x86)/Arm GNU Toolchain arm-none-eabi/14.2 rel1/bin/../lib/gcc/arm-none-eabi/14.2.1/thumb/v7e-m+fp/hard/crtn.o
                0x08006d18                        . = ALIGN (0x4)
                0x08006d18                        _etext = .

.vfp11_veneer   0x08006d18        0x0
 .vfp11_veneer  0x08006d18        0x0 linker stubs

.v4_bx          0x08006d18        0x0
 .v4_bx         0x08006d18        0x0 linker stubs

.iplt           0x08006d18        0x0
 .iplt          0x08006d18        0x0 C:/Program Files (x86)/Arm GNU Toolchain arm-none-eabi/14.2 rel1/bin/../lib/gcc/arm-none-eabi/14.2.1/thumb/v7e-m+fp/hard/crtbegin.o

.rodata         0x08006d18     0x1890
                0x08006d18                        . = ALIGN (0x4)
 *(.rodata)
 *(.rodata*)
 .rodata.APBPrescTable
                0x08006d18        0x8 build/system_stm32f4xx.o
                0x08006d18                APBPrescTable
 .rodata.AHBPrescTable
                0x08006d20       0x10 build/system_stm32f4xx.o
                0x08006d20                AHBPrescTable
 .rodata.oled_task.str1.4
                0x08006d30       0x4a build/oled.o
                                 0x41 (size before relaxing)
 *fill*         0x08006d7a        0x2 
 .rodata.ascii_12X24
                0x08006d7c      0xd5c build/oled.o
                0x08006d7c                ascii_12X24
 .rodata.ascii_8X16
                0x08007ad8      0x5f0 build/oled.o
                0x08007ad8                ascii_8X16
 .rodata.ascii_6X12
                0x080080c8      0x474 build/oled.o
                0x080080c8                ascii_6X12
 .rodata.nrf24l01_check.str1.4
                0x0800853c        0x6 build/nrf24l01.o
 .rodata._svfprintf_r.str1.1
                0x0800853c       0x33 C:/Program Files (x86)/Arm GNU Toolchain arm-none-eabi/14.2 rel1/bin/../lib/gcc/arm-none-eabi/14.2.1/thumb/v7e-m+fp/hard\libc_nano.a(libc_a-nano-svfprintf.o)
                                 0x11 (size before relaxing)
 .rodata._printf_i.str1.1
                0x0800856f       0x22 C:/Program Files (x86)/Arm GNU Toolchain arm-none-eabi/14.2 rel1/bin/../lib/gcc/arm-none-eabi/14.2.1/thumb/v7e-m+fp/hard\libc_nano.a(libc_a-nano-vfprintf_i.o)
 .rodata.asinf.str1.4
                0x0800856f        0x1 C:/Program Files (x86)/Arm GNU Toolchain arm-none-eabi/14.2 rel1/bin/../lib/gcc/arm-none-eabi/14.2.1/thumb/v7e-m+fp/hard\libm.a(libm_a-wf_asin.o)
 *fill*         0x0800856f        0x1 
 .rodata.CSWTCH.9
                0x08008570        0xc C:/Program Files (x86)/Arm GNU Toolchain arm-none-eabi/14.2 rel1/bin/../lib/gcc/arm-none-eabi/14.2.1/thumb/v7e-m+fp/hard\libm.a(libm_a-ef_atan2.o)
 .rodata.CSWTCH.8
                0x0800857c        0xc C:/Program Files (x86)/Arm GNU Toolchain arm-none-eabi/14.2 rel1/bin/../lib/gcc/arm-none-eabi/14.2.1/thumb/v7e-m+fp/hard\libm.a(libm_a-ef_atan2.o)
 .rodata.atanlo
                0x08008588       0x10 C:/Program Files (x86)/Arm GNU Toolchain arm-none-eabi/14.2 rel1/bin/../lib/gcc/arm-none-eabi/14.2.1/thumb/v7e-m+fp/hard\libm.a(libm_a-sf_atan.o)
 .rodata.atanhi
                0x08008598       0x10 C:/Program Files (x86)/Arm GNU Toolchain arm-none-eabi/14.2 rel1/bin/../lib/gcc/arm-none-eabi/14.2.1/thumb/v7e-m+fp/hard\libm.a(libm_a-sf_atan.o)
                0x080085a8                        . = ALIGN (0x4)

.ARM.extab      0x080085a8        0x0
                0x080085a8                        . = ALIGN (0x4)
 *(.ARM.extab* .gnu.linkonce.armextab.*)
                0x080085a8                        . = ALIGN (0x4)

.ARM            0x080085a8        0x8
                0x080085a8                        . = ALIGN (0x4)
                0x080085a8                        __exidx_start = .
 *(.ARM.exidx*)
 .ARM.exidx     0x080085a8        0x8 C:/Program Files (x86)/Arm GNU Toolchain arm-none-eabi/14.2 rel1/bin/../lib/gcc/arm-none-eabi/14.2.1/thumb/v7e-m+fp/hard\libc_nano.a(libc_a-memchr.o)
 .ARM.exidx.text.__udivmoddi4
                0x080085b0        0x0 C:/Program Files (x86)/Arm GNU Toolchain arm-none-eabi/14.2 rel1/bin/../lib/gcc/arm-none-eabi/14.2.1/thumb/v7e-m+fp/hard\libgcc.a(_udivmoddi4.o)
                                  0x8 (size before relaxing)
                0x080085b0                        __exidx_end = .
                0x080085b0                        . = ALIGN (0x4)

.rel.dyn        0x080085b0        0x0
 .rel.iplt      0x080085b0        0x0 C:/Program Files (x86)/Arm GNU Toolchain arm-none-eabi/14.2 rel1/bin/../lib/gcc/arm-none-eabi/14.2.1/thumb/v7e-m+fp/hard/crtbegin.o

.preinit_array  0x080085b0        0x0
                0x080085b0                        . = ALIGN (0x4)
                0x080085b0                        PROVIDE (__preinit_array_start = .)
 *(.preinit_array*)
                0x080085b0                        PROVIDE (__preinit_array_end = .)
                0x080085b0                        . = ALIGN (0x4)

.init_array     0x080085b0        0x4
                0x080085b0                        . = ALIGN (0x4)
                0x080085b0                        PROVIDE (__init_array_start = .)
 *(SORT_BY_NAME(.init_array.*))
 *(.init_array*)
 .init_array    0x080085b0        0x4 C:/Program Files (x86)/Arm GNU Toolchain arm-none-eabi/14.2 rel1/bin/../lib/gcc/arm-none-eabi/14.2.1/thumb/v7e-m+fp/hard/crtbegin.o
                0x080085b4                        PROVIDE (__init_array_end = .)
                0x080085b4                        . = ALIGN (0x4)

.fini_array     0x080085b4        0x4
                0x080085b4                        . = ALIGN (0x4)
                [!provide]                        PROVIDE (__fini_array_start = .)
 *(SORT_BY_NAME(.fini_array.*))
 *(.fini_array*)
 .fini_array    0x080085b4        0x4 C:/Program Files (x86)/Arm GNU Toolchain arm-none-eabi/14.2 rel1/bin/../lib/gcc/arm-none-eabi/14.2.1/thumb/v7e-m+fp/hard/crtbegin.o
                [!provide]                        PROVIDE (__fini_array_end = .)
                0x080085b8                        . = ALIGN (0x4)
                0x080085b8                        _sidata = LOADADDR (.data)

.data           0x20000000       0x78 load address 0x080085b8
                0x20000000                        . = ALIGN (0x4)
                0x20000000                        _sdata = .
 *(.data)
 *(.data*)
 .data.uwTickFreq
                0x20000000        0x1 build/stm32f4xx_hal.o
                0x20000000                uwTickFreq
 *fill*         0x20000001        0x3 
 .data.uwTickPrio
                0x20000004        0x4 build/stm32f4xx_hal.o
                0x20000004                uwTickPrio
 .data.SystemCoreClock
                0x20000008        0x4 build/system_stm32f4xx.o
                0x20000008                SystemCoreClock
 .data.q0       0x2000000c        0x4 build/MahonyAHRS.o
                0x2000000c                q0
 .data.twoKi    0x20000010        0x4 build/MahonyAHRS.o
                0x20000010                twoKi
 .data.twoKp    0x20000014        0x4 build/MahonyAHRS.o
                0x20000014                twoKp
 .data.rocker_ry
                0x20000018        0x2 build/nrf24l01.o
                0x20000018                rocker_ry
 .data.rocker_rx
                0x2000001a        0x2 build/nrf24l01.o
                0x2000001a                rocker_rx
 .data.rocker_ly
                0x2000001c        0x2 build/nrf24l01.o
                0x2000001c                rocker_ly
 .data.rocker_lx
                0x2000001e        0x2 build/nrf24l01.o
                0x2000001e                rocker_lx
 .data.ADDR_AB  0x20000020        0x5 build/nrf24l01.o
                0x20000020                ADDR_AB
 *fill*         0x20000025        0x3 
 .data._impure_ptr
                0x20000028        0x4 C:/Program Files (x86)/Arm GNU Toolchain arm-none-eabi/14.2 rel1/bin/../lib/gcc/arm-none-eabi/14.2.1/thumb/v7e-m+fp/hard\libc_nano.a(libc_a-impure.o)
                0x20000028                _impure_ptr
 .data._impure_data
                0x2000002c       0x4c C:/Program Files (x86)/Arm GNU Toolchain arm-none-eabi/14.2 rel1/bin/../lib/gcc/arm-none-eabi/14.2.1/thumb/v7e-m+fp/hard\libc_nano.a(libc_a-impure.o)
                0x2000002c                _impure_data
 *(.RamFunc)
 *(.RamFunc*)
                0x20000078                        . = ALIGN (0x4)
                0x20000078                        _edata = .
                0x08008630                        _siccmram = LOADADDR (.ccmram)

.tm_clone_table
                0x20000078        0x0 load address 0x08008630
 .tm_clone_table
                0x20000078        0x0 C:/Program Files (x86)/Arm GNU Toolchain arm-none-eabi/14.2 rel1/bin/../lib/gcc/arm-none-eabi/14.2.1/thumb/v7e-m+fp/hard/crtbegin.o
 .tm_clone_table
                0x20000078        0x0 C:/Program Files (x86)/Arm GNU Toolchain arm-none-eabi/14.2 rel1/bin/../lib/gcc/arm-none-eabi/14.2.1/thumb/v7e-m+fp/hard/crtend.o

.igot.plt       0x20000078        0x0 load address 0x08008630
 .igot.plt      0x20000078        0x0 C:/Program Files (x86)/Arm GNU Toolchain arm-none-eabi/14.2 rel1/bin/../lib/gcc/arm-none-eabi/14.2.1/thumb/v7e-m+fp/hard/crtbegin.o

.ccmram         0x10000000        0x0 load address 0x08008630
                0x10000000                        . = ALIGN (0x4)
                0x10000000                        _sccmram = .
 *(.ccmram)
 *(.ccmram*)
                0x10000000                        . = ALIGN (0x4)
                0x10000000                        _eccmram = .
                0x10000000                        . = ALIGN (0x4)

.bss            0x20000078      0x7e4
                0x20000078                        _sbss = .
                0x20000078                        __bss_start__ = _sbss
 *(.bss)
 *(.bss*)
 .bss.completed.1
                0x20000078        0x1 C:/Program Files (x86)/Arm GNU Toolchain arm-none-eabi/14.2 rel1/bin/../lib/gcc/arm-none-eabi/14.2.1/thumb/v7e-m+fp/hard/crtbegin.o
 *fill*         0x20000079        0x3 
 .bss.object.0  0x2000007c       0x18 C:/Program Files (x86)/Arm GNU Toolchain arm-none-eabi/14.2 rel1/bin/../lib/gcc/arm-none-eabi/14.2.1/thumb/v7e-m+fp/hard/crtbegin.o
 .bss.last_tick.0
                0x20000094        0x4 build/main.o
 .bss.last_tick.1
                0x20000098        0x4 build/main.o
 .bss.g_yaw     0x2000009c        0x4 build/main.o
                0x2000009c                g_yaw
 .bss.g_pitch   0x200000a0        0x4 build/main.o
                0x200000a0                g_pitch
 .bss.g_roll    0x200000a4        0x4 build/main.o
                0x200000a4                g_roll
 .bss.s_led_off_tick
                0x200000a8        0x4 build/main.o
                0x200000a8                s_led_off_tick
 .bss.s_tx_len  0x200000ac        0x1 build/main.o
                0x200000ac                s_tx_len
 *fill*         0x200000ad        0x3 
 .bss.s_tx_buf  0x200000b0       0x23 build/main.o
                0x200000b0                s_tx_buf
 *fill*         0x200000d3        0x1 
 .bss.s_tx_pkt  0x200000d4       0x20 build/main.o
                0x200000d4                s_tx_pkt
 .bss.s_rx_pkt  0x200000f4       0x10 build/main.o
                0x200000f4                s_rx_pkt
 .bss.hspi2     0x20000104       0x58 build/spi.o
                0x20000104                hspi2
 .bss.htim8     0x2000015c       0x48 build/tim.o
                0x2000015c                htim8
 .bss.htim4     0x200001a4       0x48 build/tim.o
                0x200001a4                htim4
 .bss.htim3     0x200001ec       0x48 build/tim.o
                0x200001ec                htim3
 .bss.htim2     0x20000234       0x48 build/tim.o
                0x20000234                htim2
 .bss.htim1     0x2000027c       0x48 build/tim.o
                0x2000027c                htim1
 .bss.huart3    0x200002c4       0x48 build/usart.o
                0x200002c4                huart3
 .bss.nrf_task_flag
                0x2000030c        0x1 build/stm32f4xx_it.o
                0x2000030c                nrf_task_flag
 *fill*         0x2000030d        0x1 
 .bss.nrf_Counter
                0x2000030e        0x2 build/stm32f4xx_it.o
                0x2000030e                nrf_Counter
 .bss.tim8_counter
                0x20000310        0x4 build/stm32f4xx_it.o
                0x20000310                tim8_counter
 .bss.s_tim8_encoder_counter
                0x20000314        0x1 build/stm32f4xx_it.o
 *fill*         0x20000315        0x1 
 .bss.s_tim8_divider
                0x20000316        0x2 build/stm32f4xx_it.o
 .bss.s_uart_rx_rb
                0x20000318      0x104 build/stm32f4xx_it.o
 .bss.htim7     0x2000041c       0x48 build/stm32f4xx_hal_timebase_tim.o
                0x2000041c                htim7
 .bss.uwTick    0x20000464        0x4 build/stm32f4xx_hal.o
                0x20000464                uwTick
 .bss.__sbrk_heap_end
                0x20000468        0x4 build/sysmem.o
 .bss.hi2c2     0x2000046c       0x54 build/i2c.o
                0x2000046c                hi2c2
 .bss.buf       0x200004c0       0x32 build/oled.o
                0x200004c0                buf
 *fill*         0x200004f2        0x2 
 .bss.integralFBz
                0x200004f4        0x4 build/MahonyAHRS.o
                0x200004f4                integralFBz
 .bss.integralFBy
                0x200004f8        0x4 build/MahonyAHRS.o
                0x200004f8                integralFBy
 .bss.integralFBx
                0x200004fc        0x4 build/MahonyAHRS.o
                0x200004fc                integralFBx
 .bss.q3        0x20000500        0x4 build/MahonyAHRS.o
                0x20000500                q3
 .bss.q2        0x20000504        0x4 build/MahonyAHRS.o
                0x20000504                q2
 .bss.q1        0x20000508        0x4 build/MahonyAHRS.o
                0x20000508                q1
 .bss.g_stationary_cnt
                0x2000050c        0x4 build/gyro_calib.o
 .bss.g_bias_z  0x20000510        0x4 build/gyro_calib.o
 .bss.g_bias_y  0x20000514        0x4 build/gyro_calib.o
 .bss.g_bias_x  0x20000518        0x4 build/gyro_calib.o
 .bss.last_tx_tick.0
                0x2000051c        0x4 build/bt_proto.o
 .bss.s_checksum
                0x20000520        0x1 build/bt_proto.o
 .bss.s_data_idx
                0x20000521        0x1 build/bt_proto.o
 *fill*         0x20000522        0x2 
 .bss.s_data_buf
                0x20000524       0x10 build/bt_proto.o
 .bss.s_state   0x20000534        0x1 build/bt_proto.o
 *fill*         0x20000535        0x3 
 .bss.g_motors  0x20000538       0x60 build/motor.o
                0x20000538                g_motors
 .bss.s_filtered.0
                0x20000598       0x10 build/speed_ctrl.o
 .bss.last_count.1
                0x200005a8       0x10 build/speed_ctrl.o
 .bss.g_speed_ctrl_flag
                0x200005b8        0x1 build/speed_ctrl.o
                0x200005b8                g_speed_ctrl_flag
 *fill*         0x200005b9        0x3 
 .bss.s_pids    0x200005bc       0xc0 build/speed_ctrl.o
 .bss.g_encoders
                0x2000067c       0x40 build/speed_ctrl.o
                0x2000067c                g_encoders
 .bss.encoderr_value
                0x200006bc        0x1 build/nrf24l01.o
                0x200006bc                encoderr_value
 .bss.encoderl_value
                0x200006bd        0x1 build/nrf24l01.o
                0x200006bd                encoderl_value
 .bss.key_mode  0x200006be        0x1 build/nrf24l01.o
                0x200006be                key_mode
 *fill*         0x200006bf        0x1 
 .bss.nrf_rx_buf
                0x200006c0       0x20 build/nrf24l01.o
                0x200006c0                nrf_rx_buf
 .bss.s_yaw_pid
                0x200006e0       0x30 build/yaw_ctrl.o
 .bss.g_target_yaw_angle
                0x20000710        0x4 build/yaw_ctrl.o
                0x20000710                g_target_yaw_angle
 .bss.__sf      0x20000714      0x138 C:/Program Files (x86)/Arm GNU Toolchain arm-none-eabi/14.2 rel1/bin/../lib/gcc/arm-none-eabi/14.2.1/thumb/v7e-m+fp/hard\libc_nano.a(libc_a-findfp.o)
                0x20000714                __sf
 .bss.errno     0x2000084c        0x4 C:/Program Files (x86)/Arm GNU Toolchain arm-none-eabi/14.2 rel1/bin/../lib/gcc/arm-none-eabi/14.2.1/thumb/v7e-m+fp/hard\libc_nano.a(libc_a-reent.o)
                0x2000084c                errno
 .bss.__lock___malloc_recursive_mutex
                0x20000850        0x1 C:/Program Files (x86)/Arm GNU Toolchain arm-none-eabi/14.2 rel1/bin/../lib/gcc/arm-none-eabi/14.2.1/thumb/v7e-m+fp/hard\libc_nano.a(libc_a-lock.o)
                0x20000850                __lock___malloc_recursive_mutex
 *fill*         0x20000851        0x3 
 .bss.__malloc_sbrk_start
                0x20000854        0x4 C:/Program Files (x86)/Arm GNU Toolchain arm-none-eabi/14.2 rel1/bin/../lib/gcc/arm-none-eabi/14.2.1/thumb/v7e-m+fp/hard\libc_nano.a(libc_a-mallocr.o)
                0x20000854                __malloc_sbrk_start
 .bss.__malloc_free_list
                0x20000858        0x4 C:/Program Files (x86)/Arm GNU Toolchain arm-none-eabi/14.2 rel1/bin/../lib/gcc/arm-none-eabi/14.2.1/thumb/v7e-m+fp/hard\libc_nano.a(libc_a-mallocr.o)
                0x20000858                __malloc_free_list
 *(COMMON)
                0x2000085c                        . = ALIGN (0x4)
                0x2000085c                        _ebss = .
                0x2000085c                        __bss_end__ = _ebss

._user_heap_stack
                0x2000085c      0x604
                0x20000860                        . = ALIGN (0x8)
 *fill*         0x2000085c        0x4 
                [!provide]                        PROVIDE (end = .)
                0x20000860                        PROVIDE (_end = .)
                0x20000a60                        . = (. + _Min_Heap_Size)
 *fill*         0x20000860      0x200 
                0x20000e60                        . = (. + _Min_Stack_Size)
 *fill*         0x20000a60      0x400 
                0x20000e60                        . = ALIGN (0x8)

/DISCARD/
 libc.a(*)
 libm.a(*)
 libgcc.a(*)
OUTPUT(build/F407_A.elf elf32-littlearm)
LOAD linker stubs
LOAD C:/Program Files (x86)/Arm GNU Toolchain arm-none-eabi/14.2 rel1/bin/../lib/gcc/arm-none-eabi/14.2.1/thumb/v7e-m+fp/hard\libc.a
LOAD C:/Program Files (x86)/Arm GNU Toolchain arm-none-eabi/14.2 rel1/bin/../lib/gcc/arm-none-eabi/14.2.1/thumb/v7e-m+fp/hard\libm.a
LOAD C:/Program Files (x86)/Arm GNU Toolchain arm-none-eabi/14.2 rel1/bin/../lib/gcc/arm-none-eabi/14.2.1/thumb/v7e-m+fp/hard\libgcc.a

.ARM.attributes
                0x00000000       0x30
 .ARM.attributes
                0x00000000       0x22 C:/Program Files (x86)/Arm GNU Toolchain arm-none-eabi/14.2 rel1/bin/../lib/gcc/arm-none-eabi/14.2.1/thumb/v7e-m+fp/hard/crti.o
 .ARM.attributes
                0x00000022       0x34 C:/Program Files (x86)/Arm GNU Toolchain arm-none-eabi/14.2 rel1/bin/../lib/gcc/arm-none-eabi/14.2.1/thumb/v7e-m+fp/hard/crtbegin.o
 .ARM.attributes
                0x00000056       0x34 build/main.o
 .ARM.attributes
                0x0000008a       0x34 build/gpio.o
 .ARM.attributes
                0x000000be       0x34 build/spi.o
 .ARM.attributes
                0x000000f2       0x34 build/tim.o
 .ARM.attributes
                0x00000126       0x34 build/usart.o
 .ARM.attributes
                0x0000015a       0x34 build/stm32f4xx_it.o
 .ARM.attributes
                0x0000018e       0x34 build/stm32f4xx_hal_msp.o
 .ARM.attributes
                0x000001c2       0x34 build/stm32f4xx_hal_timebase_tim.o
 .ARM.attributes
                0x000001f6       0x34 build/stm32f4xx_hal_tim.o
 .ARM.attributes
                0x0000022a       0x34 build/stm32f4xx_hal_tim_ex.o
 .ARM.attributes
                0x0000025e       0x34 build/stm32f4xx_hal_spi.o
 .ARM.attributes
                0x00000292       0x34 build/stm32f4xx_hal_rcc.o
 .ARM.attributes
                0x000002c6       0x34 build/stm32f4xx_hal_gpio.o
 .ARM.attributes
                0x000002fa       0x34 build/stm32f4xx_hal_dma.o
 .ARM.attributes
                0x0000032e       0x34 build/stm32f4xx_hal_cortex.o
 .ARM.attributes
                0x00000362       0x34 build/stm32f4xx_hal.o
 .ARM.attributes
                0x00000396       0x34 build/stm32f4xx_hal_uart.o
 .ARM.attributes
                0x000003ca       0x34 build/system_stm32f4xx.o
 .ARM.attributes
                0x000003fe       0x34 build/sysmem.o
 .ARM.attributes
                0x00000432       0x34 build/i2c.o
 .ARM.attributes
                0x00000466       0x34 build/oled.o
 .ARM.attributes
                0x0000049a       0x34 build/MPU6050.o
 .ARM.attributes
                0x000004ce       0x34 build/MahonyAHRS.o
 .ARM.attributes
                0x00000502       0x34 build/gyro_calib.o
 .ARM.attributes
                0x00000536       0x34 build/bt_proto.o
 .ARM.attributes
                0x0000056a       0x34 build/encoder.o
 .ARM.attributes
                0x0000059e       0x34 build/motor.o
 .ARM.attributes
                0x000005d2       0x34 build/speed_ctrl.o
 .ARM.attributes
                0x00000606       0x34 build/pid.o
 .ARM.attributes
                0x0000063a       0x34 build/ringbuf.o
 .ARM.attributes
                0x0000066e       0x34 build/nrf24l01.o
 .ARM.attributes
                0x000006a2       0x34 build/kinematics.o
 .ARM.attributes
                0x000006d6       0x34 build/yaw_ctrl.o
 .ARM.attributes
                0x0000070a       0x34 build/stm32f4xx_hal_i2c.o
 .ARM.attributes
                0x0000073e       0x21 build/startup_stm32f407xx.o
 .ARM.attributes
                0x0000075f       0x34 C:/Program Files (x86)/Arm GNU Toolchain arm-none-eabi/14.2 rel1/bin/../lib/gcc/arm-none-eabi/14.2.1/thumb/v7e-m+fp/hard\libc_nano.a(libc_a-findfp.o)
 .ARM.attributes
                0x00000793       0x34 C:/Program Files (x86)/Arm GNU Toolchain arm-none-eabi/14.2 rel1/bin/../lib/gcc/arm-none-eabi/14.2.1/thumb/v7e-m+fp/hard\libc_nano.a(libc_a-snprintf.o)
 .ARM.attributes
                0x000007c7       0x34 C:/Program Files (x86)/Arm GNU Toolchain arm-none-eabi/14.2 rel1/bin/../lib/gcc/arm-none-eabi/14.2.1/thumb/v7e-m+fp/hard\libc_nano.a(libc_a-memset.o)
 .ARM.attributes
                0x000007fb       0x34 C:/Program Files (x86)/Arm GNU Toolchain arm-none-eabi/14.2 rel1/bin/../lib/gcc/arm-none-eabi/14.2.1/thumb/v7e-m+fp/hard\libc_nano.a(libc_a-reent.o)
 .ARM.attributes
                0x0000082f       0x34 C:/Program Files (x86)/Arm GNU Toolchain arm-none-eabi/14.2 rel1/bin/../lib/gcc/arm-none-eabi/14.2.1/thumb/v7e-m+fp/hard\libc_nano.a(libc_a-impure.o)
 .ARM.attributes
                0x00000863       0x34 C:/Program Files (x86)/Arm GNU Toolchain arm-none-eabi/14.2 rel1/bin/../lib/gcc/arm-none-eabi/14.2.1/thumb/v7e-m+fp/hard\libc_nano.a(libc_a-errno.o)
 .ARM.attributes
                0x00000897       0x34 C:/Program Files (x86)/Arm GNU Toolchain arm-none-eabi/14.2 rel1/bin/../lib/gcc/arm-none-eabi/14.2.1/thumb/v7e-m+fp/hard\libc_nano.a(libc_a-init.o)
 .ARM.attributes
                0x000008cb       0x34 C:/Program Files (x86)/Arm GNU Toolchain arm-none-eabi/14.2 rel1/bin/../lib/gcc/arm-none-eabi/14.2.1/thumb/v7e-m+fp/hard\libc_nano.a(libc_a-lock.o)
 .ARM.attributes
                0x000008ff       0x34 C:/Program Files (x86)/Arm GNU Toolchain arm-none-eabi/14.2 rel1/bin/../lib/gcc/arm-none-eabi/14.2.1/thumb/v7e-m+fp/hard\libc_nano.a(libc_a-freer.o)
 .ARM.attributes
                0x00000933       0x34 C:/Program Files (x86)/Arm GNU Toolchain arm-none-eabi/14.2 rel1/bin/../lib/gcc/arm-none-eabi/14.2.1/thumb/v7e-m+fp/hard\libc_nano.a(libc_a-mallocr.o)
 .ARM.attributes
                0x00000967       0x34 C:/Program Files (x86)/Arm GNU Toolchain arm-none-eabi/14.2 rel1/bin/../lib/gcc/arm-none-eabi/14.2.1/thumb/v7e-m+fp/hard\libc_nano.a(libc_a-mlock.o)
 .ARM.attributes
                0x0000099b       0x34 C:/Program Files (x86)/Arm GNU Toolchain arm-none-eabi/14.2 rel1/bin/../lib/gcc/arm-none-eabi/14.2.1/thumb/v7e-m+fp/hard\libc_nano.a(libc_a-nano-svfprintf.o)
 .ARM.attributes
                0x000009cf       0x34 C:/Program Files (x86)/Arm GNU Toolchain arm-none-eabi/14.2 rel1/bin/../lib/gcc/arm-none-eabi/14.2.1/thumb/v7e-m+fp/hard\libc_nano.a(libc_a-nano-vfprintf_i.o)
 .ARM.attributes
                0x00000a03       0x34 C:/Program Files (x86)/Arm GNU Toolchain arm-none-eabi/14.2 rel1/bin/../lib/gcc/arm-none-eabi/14.2.1/thumb/v7e-m+fp/hard\libc_nano.a(libc_a-memmove.o)
 .ARM.attributes
                0x00000a37       0x34 C:/Program Files (x86)/Arm GNU Toolchain arm-none-eabi/14.2 rel1/bin/../lib/gcc/arm-none-eabi/14.2.1/thumb/v7e-m+fp/hard\libc_nano.a(libc_a-sbrkr.o)
 .ARM.attributes
                0x00000a6b       0x1c C:/Program Files (x86)/Arm GNU Toolchain arm-none-eabi/14.2 rel1/bin/../lib/gcc/arm-none-eabi/14.2.1/thumb/v7e-m+fp/hard\libc_nano.a(libc_a-memchr.o)
 .ARM.attributes
                0x00000a87       0x34 C:/Program Files (x86)/Arm GNU Toolchain arm-none-eabi/14.2 rel1/bin/../lib/gcc/arm-none-eabi/14.2.1/thumb/v7e-m+fp/hard\libc_nano.a(libc_a-memcpy-stub.o)
 .ARM.attributes
                0x00000abb       0x34 C:/Program Files (x86)/Arm GNU Toolchain arm-none-eabi/14.2 rel1/bin/../lib/gcc/arm-none-eabi/14.2.1/thumb/v7e-m+fp/hard\libc_nano.a(libc_a-reallocr.o)
 .ARM.attributes
                0x00000aef       0x34 C:/Program Files (x86)/Arm GNU Toolchain arm-none-eabi/14.2 rel1/bin/../lib/gcc/arm-none-eabi/14.2.1/thumb/v7e-m+fp/hard\libc_nano.a(libc_a-msizer.o)
 .ARM.attributes
                0x00000b23       0x34 C:/Program Files (x86)/Arm GNU Toolchain arm-none-eabi/14.2 rel1/bin/../lib/gcc/arm-none-eabi/14.2.1/thumb/v7e-m+fp/hard\libm.a(libm_a-wf_asin.o)
 .ARM.attributes
                0x00000b57       0x34 C:/Program Files (x86)/Arm GNU Toolchain arm-none-eabi/14.2 rel1/bin/../lib/gcc/arm-none-eabi/14.2.1/thumb/v7e-m+fp/hard\libm.a(libm_a-wf_atan2.o)
 .ARM.attributes
                0x00000b8b       0x34 C:/Program Files (x86)/Arm GNU Toolchain arm-none-eabi/14.2 rel1/bin/../lib/gcc/arm-none-eabi/14.2.1/thumb/v7e-m+fp/hard\libm.a(libm_a-wf_sqrt.o)
 .ARM.attributes
                0x00000bbf       0x34 C:/Program Files (x86)/Arm GNU Toolchain arm-none-eabi/14.2 rel1/bin/../lib/gcc/arm-none-eabi/14.2.1/thumb/v7e-m+fp/hard\libm.a(libm_a-sf_fabs.o)
 .ARM.attributes
                0x00000bf3       0x34 C:/Program Files (x86)/Arm GNU Toolchain arm-none-eabi/14.2 rel1/bin/../lib/gcc/arm-none-eabi/14.2.1/thumb/v7e-m+fp/hard\libm.a(libm_a-sf_nan.o)
 .ARM.attributes
                0x00000c27       0x34 C:/Program Files (x86)/Arm GNU Toolchain arm-none-eabi/14.2 rel1/bin/../lib/gcc/arm-none-eabi/14.2.1/thumb/v7e-m+fp/hard\libm.a(libm_a-ef_sqrt.o)
 .ARM.attributes
                0x00000c5b       0x34 C:/Program Files (x86)/Arm GNU Toolchain arm-none-eabi/14.2 rel1/bin/../lib/gcc/arm-none-eabi/14.2.1/thumb/v7e-m+fp/hard\libm.a(libm_a-ef_asin.o)
 .ARM.attributes
                0x00000c8f       0x34 C:/Program Files (x86)/Arm GNU Toolchain arm-none-eabi/14.2 rel1/bin/../lib/gcc/arm-none-eabi/14.2.1/thumb/v7e-m+fp/hard\libm.a(libm_a-ef_atan2.o)
 .ARM.attributes
                0x00000cc3       0x34 C:/Program Files (x86)/Arm GNU Toolchain arm-none-eabi/14.2 rel1/bin/../lib/gcc/arm-none-eabi/14.2.1/thumb/v7e-m+fp/hard\libm.a(libm_a-sf_atan.o)
 .ARM.attributes
                0x00000cf7       0x22 C:/Program Files (x86)/Arm GNU Toolchain arm-none-eabi/14.2 rel1/bin/../lib/gcc/arm-none-eabi/14.2.1/thumb/v7e-m+fp/hard\libgcc.a(_arm_addsubdf3.o)
 .ARM.attributes
                0x00000d19       0x22 C:/Program Files (x86)/Arm GNU Toolchain arm-none-eabi/14.2 rel1/bin/../lib/gcc/arm-none-eabi/14.2.1/thumb/v7e-m+fp/hard\libgcc.a(_arm_muldivdf3.o)
 .ARM.attributes
                0x00000d3b       0x22 C:/Program Files (x86)/Arm GNU Toolchain arm-none-eabi/14.2 rel1/bin/../lib/gcc/arm-none-eabi/14.2.1/thumb/v7e-m+fp/hard\libgcc.a(_arm_truncdfsf2.o)
 .ARM.attributes
                0x00000d5d       0x22 C:/Program Files (x86)/Arm GNU Toolchain arm-none-eabi/14.2 rel1/bin/../lib/gcc/arm-none-eabi/14.2.1/thumb/v7e-m+fp/hard\libgcc.a(_aeabi_uldivmod.o)
 .ARM.attributes
                0x00000d7f       0x34 C:/Program Files (x86)/Arm GNU Toolchain arm-none-eabi/14.2 rel1/bin/../lib/gcc/arm-none-eabi/14.2.1/thumb/v7e-m+fp/hard\libgcc.a(_udivmoddi4.o)
 .ARM.attributes
                0x00000db3       0x22 C:/Program Files (x86)/Arm GNU Toolchain arm-none-eabi/14.2 rel1/bin/../lib/gcc/arm-none-eabi/14.2.1/thumb/v7e-m+fp/hard\libgcc.a(_dvmd_tls.o)
 .ARM.attributes
                0x00000dd5       0x34 C:/Program Files (x86)/Arm GNU Toolchain arm-none-eabi/14.2 rel1/bin/../lib/gcc/arm-none-eabi/14.2.1/thumb/v7e-m+fp/hard/crtend.o
 .ARM.attributes
                0x00000e09       0x22 C:/Program Files (x86)/Arm GNU Toolchain arm-none-eabi/14.2 rel1/bin/../lib/gcc/arm-none-eabi/14.2.1/thumb/v7e-m+fp/hard/crtn.o

.comment        0x00000000       0x45
 .comment       0x00000000       0x45 build/main.o
                                 0x46 (size before relaxing)
 .comment       0x00000045       0x46 build/gpio.o
 .comment       0x00000045       0x46 build/spi.o
 .comment       0x00000045       0x46 build/tim.o
 .comment       0x00000045       0x46 build/usart.o
 .comment       0x00000045       0x46 build/stm32f4xx_it.o
 .comment       0x00000045       0x46 build/stm32f4xx_hal_msp.o
 .comment       0x00000045       0x46 build/stm32f4xx_hal_timebase_tim.o
 .comment       0x00000045       0x46 build/stm32f4xx_hal_tim.o
 .comment       0x00000045       0x46 build/stm32f4xx_hal_tim_ex.o
 .comment       0x00000045       0x46 build/stm32f4xx_hal_spi.o
 .comment       0x00000045       0x46 build/stm32f4xx_hal_rcc.o
 .comment       0x00000045       0x46 build/stm32f4xx_hal_gpio.o
 .comment       0x00000045       0x46 build/stm32f4xx_hal_dma.o
 .comment       0x00000045       0x46 build/stm32f4xx_hal_cortex.o
 .comment       0x00000045       0x46 build/stm32f4xx_hal.o
 .comment       0x00000045       0x46 build/stm32f4xx_hal_uart.o
 .comment       0x00000045       0x46 build/system_stm32f4xx.o
 .comment       0x00000045       0x46 build/sysmem.o
 .comment       0x00000045       0x46 build/i2c.o
 .comment       0x00000045       0x46 build/oled.o
 .comment       0x00000045       0x46 build/MPU6050.o
 .comment       0x00000045       0x46 build/MahonyAHRS.o
 .comment       0x00000045       0x46 build/gyro_calib.o
 .comment       0x00000045       0x46 build/bt_proto.o
 .comment       0x00000045       0x46 build/encoder.o
 .comment       0x00000045       0x46 build/motor.o
 .comment       0x00000045       0x46 build/speed_ctrl.o
 .comment       0x00000045       0x46 build/pid.o
 .comment       0x00000045       0x46 build/ringbuf.o
 .comment       0x00000045       0x46 build/nrf24l01.o
 .comment       0x00000045       0x46 build/kinematics.o
 .comment       0x00000045       0x46 build/yaw_ctrl.o
 .comment       0x00000045       0x46 build/stm32f4xx_hal_i2c.o

.debug_info     0x00000000    0x23b0e
 .debug_info    0x00000000     0x16b1 build/main.o
 .debug_info    0x000016b1      0x5e5 build/gpio.o
 .debug_info    0x00001c96      0xb5e build/spi.o
 .debug_info    0x000027f4     0x1832 build/tim.o
 .debug_info    0x00004026      0xde0 build/usart.o
 .debug_info    0x00004e06      0xce0 build/stm32f4xx_it.o
 .debug_info    0x00005ae6      0x2f2 build/stm32f4xx_hal_msp.o
 .debug_info    0x00005dd8      0xde4 build/stm32f4xx_hal_timebase_tim.o
 .debug_info    0x00006bbc     0x41a0 build/stm32f4xx_hal_tim.o
 .debug_info    0x0000ad5c     0x1d97 build/stm32f4xx_hal_tim_ex.o
 .debug_info    0x0000caf3     0x1f80 build/stm32f4xx_hal_spi.o
 .debug_info    0x0000ea73      0xc20 build/stm32f4xx_hal_rcc.o
 .debug_info    0x0000f693      0x848 build/stm32f4xx_hal_gpio.o
 .debug_info    0x0000fedb      0xbce build/stm32f4xx_hal_dma.o
 .debug_info    0x00010aa9     0x11e0 build/stm32f4xx_hal_cortex.o
 .debug_info    0x00011c89      0xafa build/stm32f4xx_hal.o
 .debug_info    0x00012783     0x43b5 build/stm32f4xx_hal_uart.o
 .debug_info    0x00016b38      0x5b3 build/system_stm32f4xx.o
 .debug_info    0x000170eb      0x18c build/sysmem.o
 .debug_info    0x00017277      0xb8b build/i2c.o
 .debug_info    0x00017e02     0x1165 build/oled.o
 .debug_info    0x00018f67      0xaba build/MPU6050.o
 .debug_info    0x00019a21      0x85c build/MahonyAHRS.o
 .debug_info    0x0001a27d      0x45f build/gyro_calib.o
 .debug_info    0x0001a6dc      0xfc7 build/bt_proto.o
 .debug_info    0x0001b6a3      0x8d3 build/encoder.o
 .debug_info    0x0001bf76      0xb44 build/motor.o
 .debug_info    0x0001caba      0xecc build/speed_ctrl.o
 .debug_info    0x0001d986      0x332 build/pid.o
 .debug_info    0x0001dcb8      0x220 build/ringbuf.o
 .debug_info    0x0001ded8     0x1bed build/nrf24l01.o
 .debug_info    0x0001fac5      0x195 build/kinematics.o
 .debug_info    0x0001fc5a      0x274 build/yaw_ctrl.o
 .debug_info    0x0001fece     0x3c10 build/stm32f4xx_hal_i2c.o
 .debug_info    0x00023ade       0x30 build/startup_stm32f407xx.o

.debug_abbrev   0x00000000     0x4b5e
 .debug_abbrev  0x00000000      0x365 build/main.o
 .debug_abbrev  0x00000365      0x160 build/gpio.o
 .debug_abbrev  0x000004c5      0x20f build/spi.o
 .debug_abbrev  0x000006d4      0x265 build/tim.o
 .debug_abbrev  0x00000939      0x22d build/usart.o
 .debug_abbrev  0x00000b66      0x278 build/stm32f4xx_it.o
 .debug_abbrev  0x00000dde       0xd3 build/stm32f4xx_hal_msp.o
 .debug_abbrev  0x00000eb1      0x22d build/stm32f4xx_hal_timebase_tim.o
 .debug_abbrev  0x000010de      0x2bd build/stm32f4xx_hal_tim.o
 .debug_abbrev  0x0000139b      0x2b7 build/stm32f4xx_hal_tim_ex.o
 .debug_abbrev  0x00001652      0x2be build/stm32f4xx_hal_spi.o
 .debug_abbrev  0x00001910      0x2de build/stm32f4xx_hal_rcc.o
 .debug_abbrev  0x00001bee      0x22b build/stm32f4xx_hal_gpio.o
 .debug_abbrev  0x00001e19      0x2fe build/stm32f4xx_hal_dma.o
 .debug_abbrev  0x00002117      0x3ca build/stm32f4xx_hal_cortex.o
 .debug_abbrev  0x000024e1      0x244 build/stm32f4xx_hal.o
 .debug_abbrev  0x00002725      0x366 build/stm32f4xx_hal_uart.o
 .debug_abbrev  0x00002a8b      0x11b build/system_stm32f4xx.o
 .debug_abbrev  0x00002ba6       0xeb build/sysmem.o
 .debug_abbrev  0x00002c91      0x208 build/i2c.o
 .debug_abbrev  0x00002e99      0x265 build/oled.o
 .debug_abbrev  0x000030fe      0x1db build/MPU6050.o
 .debug_abbrev  0x000032d9      0x1ba build/MahonyAHRS.o
 .debug_abbrev  0x00003493      0x17f build/gyro_calib.o
 .debug_abbrev  0x00003612      0x2a3 build/bt_proto.o
 .debug_abbrev  0x000038b5      0x1f7 build/encoder.o
 .debug_abbrev  0x00003aac      0x217 build/motor.o
 .debug_abbrev  0x00003cc3      0x286 build/speed_ctrl.o
 .debug_abbrev  0x00003f49      0x189 build/pid.o
 .debug_abbrev  0x000040d2      0x12c build/ringbuf.o
 .debug_abbrev  0x000041fe      0x398 build/nrf24l01.o
 .debug_abbrev  0x00004596      0x10b build/kinematics.o
 .debug_abbrev  0x000046a1      0x178 build/yaw_ctrl.o
 .debug_abbrev  0x00004819      0x328 build/stm32f4xx_hal_i2c.o
 .debug_abbrev  0x00004b41       0x1d build/startup_stm32f407xx.o

.debug_loc      0x00000000    0x1b45c
 .debug_loc     0x00000000      0x28a build/main.o
 .debug_loc     0x0000028a       0x39 build/gpio.o
 .debug_loc     0x000002c3      0x120 build/spi.o
 .debug_loc     0x000003e3      0x48d build/tim.o
 .debug_loc     0x00000870      0x120 build/usart.o
 .debug_loc     0x00000990       0x75 build/stm32f4xx_it.o
 .debug_loc     0x00000a05       0x2c build/stm32f4xx_hal_msp.o
 .debug_loc     0x00000a31      0x150 build/stm32f4xx_hal_timebase_tim.o
 .debug_loc     0x00000b81     0x60a7 build/stm32f4xx_hal_tim.o
 .debug_loc     0x00006c28     0x2309 build/stm32f4xx_hal_tim_ex.o
 .debug_loc     0x00008f31     0x2590 build/stm32f4xx_hal_spi.o
 .debug_loc     0x0000b4c1      0x712 build/stm32f4xx_hal_rcc.o
 .debug_loc     0x0000bbd3      0x60b build/stm32f4xx_hal_gpio.o
 .debug_loc     0x0000c1de      0xe9a build/stm32f4xx_hal_dma.o
 .debug_loc     0x0000d078      0x8ff build/stm32f4xx_hal_cortex.o
 .debug_loc     0x0000d977      0x1f9 build/stm32f4xx_hal.o
 .debug_loc     0x0000db70     0x507d build/stm32f4xx_hal_uart.o
 .debug_loc     0x00012bed       0xb0 build/system_stm32f4xx.o
 .debug_loc     0x00012c9d       0x90 build/sysmem.o
 .debug_loc     0x00012d2d       0xfd build/i2c.o
 .debug_loc     0x00012e2a      0x763 build/oled.o
 .debug_loc     0x0001358d      0x2f1 build/MPU6050.o
 .debug_loc     0x0001387e      0xe27 build/MahonyAHRS.o
 .debug_loc     0x000146a5      0x33a build/gyro_calib.o
 .debug_loc     0x000149df      0x2e8 build/bt_proto.o
 .debug_loc     0x00014cc7       0xfd build/encoder.o
 .debug_loc     0x00014dc4      0x1b2 build/motor.o
 .debug_loc     0x00014f76      0x2b8 build/speed_ctrl.o
 .debug_loc     0x0001522e      0x231 build/pid.o
 .debug_loc     0x0001545f       0xff build/ringbuf.o
 .debug_loc     0x0001555e      0x8e6 build/nrf24l01.o
 .debug_loc     0x00015e44      0x118 build/kinematics.o
 .debug_loc     0x00015f5c       0xa6 build/yaw_ctrl.o
 .debug_loc     0x00016002     0x545a build/stm32f4xx_hal_i2c.o

.debug_aranges  0x00000000     0x1540
 .debug_aranges
                0x00000000       0x48 build/main.o
 .debug_aranges
                0x00000048       0x20 build/gpio.o
 .debug_aranges
                0x00000068       0x30 build/spi.o
 .debug_aranges
                0x00000098       0x68 build/tim.o
 .debug_aranges
                0x00000100       0x30 build/usart.o
 .debug_aranges
                0x00000130       0x80 build/stm32f4xx_it.o
 .debug_aranges
                0x000001b0       0x20 build/stm32f4xx_hal_msp.o
 .debug_aranges
                0x000001d0       0x30 build/stm32f4xx_hal_timebase_tim.o
 .debug_aranges
                0x00000200      0x3d0 build/stm32f4xx_hal_tim.o
 .debug_aranges
                0x000005d0      0x168 build/stm32f4xx_hal_tim_ex.o
 .debug_aranges
                0x00000738      0x1d0 build/stm32f4xx_hal_spi.o
 .debug_aranges
                0x00000908       0x88 build/stm32f4xx_hal_rcc.o
 .debug_aranges
                0x00000990       0x58 build/stm32f4xx_hal_gpio.o
 .debug_aranges
                0x000009e8       0x90 build/stm32f4xx_hal_dma.o
 .debug_aranges
                0x00000a78       0xf8 build/stm32f4xx_hal_cortex.o
 .debug_aranges
                0x00000b70       0xf0 build/stm32f4xx_hal.o
 .debug_aranges
                0x00000c60      0x208 build/stm32f4xx_hal_uart.o
 .debug_aranges
                0x00000e68       0x28 build/system_stm32f4xx.o
 .debug_aranges
                0x00000e90       0x20 build/sysmem.o
 .debug_aranges
                0x00000eb0       0x30 build/i2c.o
 .debug_aranges
                0x00000ee0       0x68 build/oled.o
 .debug_aranges
                0x00000f48       0x40 build/MPU6050.o
 .debug_aranges
                0x00000f88       0x38 build/MahonyAHRS.o
 .debug_aranges
                0x00000fc0       0x30 build/gyro_calib.o
 .debug_aranges
                0x00000ff0       0x30 build/bt_proto.o
 .debug_aranges
                0x00001020       0x38 build/encoder.o
 .debug_aranges
                0x00001058       0x38 build/motor.o
 .debug_aranges
                0x00001090       0x50 build/speed_ctrl.o
 .debug_aranges
                0x000010e0       0x40 build/pid.o
 .debug_aranges
                0x00001120       0x40 build/ringbuf.o
 .debug_aranges
                0x00001160       0xc0 build/nrf24l01.o
 .debug_aranges
                0x00001220       0x28 build/kinematics.o
 .debug_aranges
                0x00001248       0x28 build/yaw_ctrl.o
 .debug_aranges
                0x00001270      0x2a8 build/stm32f4xx_hal_i2c.o
 .debug_aranges
                0x00001518       0x28 build/startup_stm32f407xx.o

.debug_ranges   0x00000000     0x1390
 .debug_ranges  0x00000000       0x38 build/main.o
 .debug_ranges  0x00000038       0x10 build/gpio.o
 .debug_ranges  0x00000048       0x20 build/spi.o
 .debug_ranges  0x00000068       0x58 build/tim.o
 .debug_ranges  0x000000c0       0x20 build/usart.o
 .debug_ranges  0x000000e0       0x70 build/stm32f4xx_it.o
 .debug_ranges  0x00000150       0x10 build/stm32f4xx_hal_msp.o
 .debug_ranges  0x00000160       0x20 build/stm32f4xx_hal_timebase_tim.o
 .debug_ranges  0x00000180      0x3c0 build/stm32f4xx_hal_tim.o
 .debug_ranges  0x00000540      0x158 build/stm32f4xx_hal_tim_ex.o
 .debug_ranges  0x00000698      0x1c0 build/stm32f4xx_hal_spi.o
 .debug_ranges  0x00000858       0x90 build/stm32f4xx_hal_rcc.o
 .debug_ranges  0x000008e8       0x48 build/stm32f4xx_hal_gpio.o
 .debug_ranges  0x00000930       0x80 build/stm32f4xx_hal_dma.o
 .debug_ranges  0x000009b0       0xe8 build/stm32f4xx_hal_cortex.o
 .debug_ranges  0x00000a98       0xe0 build/stm32f4xx_hal.o
 .debug_ranges  0x00000b78      0x1f8 build/stm32f4xx_hal_uart.o
 .debug_ranges  0x00000d70       0x18 build/system_stm32f4xx.o
 .debug_ranges  0x00000d88       0x10 build/sysmem.o
 .debug_ranges  0x00000d98       0x20 build/i2c.o
 .debug_ranges  0x00000db8       0x58 build/oled.o
 .debug_ranges  0x00000e10       0x30 build/MPU6050.o
 .debug_ranges  0x00000e40       0x28 build/MahonyAHRS.o
 .debug_ranges  0x00000e68       0x38 build/gyro_calib.o
 .debug_ranges  0x00000ea0       0x50 build/bt_proto.o
 .debug_ranges  0x00000ef0       0x28 build/encoder.o
 .debug_ranges  0x00000f18       0x28 build/motor.o
 .debug_ranges  0x00000f40       0x40 build/speed_ctrl.o
 .debug_ranges  0x00000f80       0x30 build/pid.o
 .debug_ranges  0x00000fb0       0x30 build/ringbuf.o
 .debug_ranges  0x00000fe0       0xb0 build/nrf24l01.o
 .debug_ranges  0x00001090       0x18 build/kinematics.o
 .debug_ranges  0x000010a8       0x18 build/yaw_ctrl.o
 .debug_ranges  0x000010c0      0x2b0 build/stm32f4xx_hal_i2c.o
 .debug_ranges  0x00001370       0x20 build/startup_stm32f407xx.o

.debug_line     0x00000000    0x19550
 .debug_line    0x00000000      0x5a2 build/main.o
 .debug_line    0x000005a2      0x241 build/gpio.o
 .debug_line    0x000007e3      0x300 build/spi.o
 .debug_line    0x00000ae3      0x852 build/tim.o
 .debug_line    0x00001335      0x306 build/usart.o
 .debug_line    0x0000163b      0x3f8 build/stm32f4xx_it.o
 .debug_line    0x00001a33      0x176 build/stm32f4xx_hal_msp.o
 .debug_line    0x00001ba9      0x309 build/stm32f4xx_hal_timebase_tim.o
 .debug_line    0x00001eb2     0x4735 build/stm32f4xx_hal_tim.o
 .debug_line    0x000065e7     0x1a67 build/stm32f4xx_hal_tim_ex.o
 .debug_line    0x0000804e     0x244d build/stm32f4xx_hal_spi.o
 .debug_line    0x0000a49b      0xbea build/stm32f4xx_hal_rcc.o
 .debug_line    0x0000b085      0x715 build/stm32f4xx_hal_gpio.o
 .debug_line    0x0000b79a      0xe40 build/stm32f4xx_hal_dma.o
 .debug_line    0x0000c5da      0x84a build/stm32f4xx_hal_cortex.o
 .debug_line    0x0000ce24      0x587 build/stm32f4xx_hal.o
 .debug_line    0x0000d3ab     0x351a build/stm32f4xx_hal_uart.o
 .debug_line    0x000108c5      0x26d build/system_stm32f4xx.o
 .debug_line    0x00010b32      0x1f0 build/sysmem.o
 .debug_line    0x00010d22      0x2ea build/i2c.o
 .debug_line    0x0001100c      0x579 build/oled.o
 .debug_line    0x00011585      0x2f2 build/MPU6050.o
 .debug_line    0x00011877      0x73f build/MahonyAHRS.o
 .debug_line    0x00011fb6      0x363 build/gyro_calib.o
 .debug_line    0x00012319      0x484 build/bt_proto.o
 .debug_line    0x0001279d      0x26a build/encoder.o
 .debug_line    0x00012a07      0x3d5 build/motor.o
 .debug_line    0x00012ddc      0x395 build/speed_ctrl.o
 .debug_line    0x00013171      0x2c2 build/pid.o
 .debug_line    0x00013433      0x233 build/ringbuf.o
 .debug_line    0x00013666      0x835 build/nrf24l01.o
 .debug_line    0x00013e9b      0x174 build/kinematics.o
 .debug_line    0x0001400f       0xd5 build/yaw_ctrl.o
 .debug_line    0x000140e4     0x53f9 build/stm32f4xx_hal_i2c.o
 .debug_line    0x000194dd       0x73 build/startup_stm32f407xx.o

.debug_str      0x00000000     0x5ae1
 .debug_str     0x00000000     0x5ae1 build/main.o
                                0xd22 (size before relaxing)
 .debug_str     0x00005ae1      0x350 build/gpio.o
 .debug_str     0x00005ae1      0x7dd build/spi.o
 .debug_str     0x00005ae1     0x112b build/tim.o
 .debug_str     0x00005ae1      0xd40 build/usart.o
 .debug_str     0x00005ae1      0xa85 build/stm32f4xx_it.o
 .debug_str     0x00005ae1      0x291 build/stm32f4xx_hal_msp.o
 .debug_str     0x00005ae1      0xe3c build/stm32f4xx_hal_timebase_tim.o
 .debug_str     0x00005ae1     0x16cf build/stm32f4xx_hal_tim.o
 .debug_str     0x00005ae1      0xedb build/stm32f4xx_hal_tim_ex.o
 .debug_str     0x00005ae1      0xbc4 build/stm32f4xx_hal_spi.o
 .debug_str     0x00005ae1      0x6d6 build/stm32f4xx_hal_rcc.o
 .debug_str     0x00005ae1      0x4b0 build/stm32f4xx_hal_gpio.o
 .debug_str     0x00005ae1      0x746 build/stm32f4xx_hal_dma.o
 .debug_str     0x00005ae1      0xc45 build/stm32f4xx_hal_cortex.o
 .debug_str     0x00005ae1      0xb34 build/stm32f4xx_hal.o
 .debug_str     0x00005ae1      0xd6b build/stm32f4xx_hal_uart.o
 .debug_str     0x00005ae1      0x345 build/system_stm32f4xx.o
 .debug_str     0x00005ae1      0x1f5 build/sysmem.o
 .debug_str     0x00005ae1      0x880 build/i2c.o
 .debug_str     0x00005ae1      0x81b build/oled.o
 .debug_str     0x00005ae1      0x765 build/MPU6050.o
 .debug_str     0x00005ae1      0x2ae build/MahonyAHRS.o
 .debug_str     0x00005ae1      0x29a build/gyro_calib.o
 .debug_str     0x00005ae1      0xb68 build/bt_proto.o
 .debug_str     0x00005ae1      0x777 build/encoder.o
 .debug_str     0x00005ae1      0x7fe build/motor.o
 .debug_str     0x00005ae1      0x925 build/speed_ctrl.o
 .debug_str     0x00005ae1      0x20e build/pid.o
 .debug_str     0x00005ae1      0x1e1 build/ringbuf.o
 .debug_str     0x00005ae1      0xabb build/nrf24l01.o
 .debug_str     0x00005ae1      0x1b7 build/kinematics.o
 .debug_str     0x00005ae1      0x1f3 build/yaw_ctrl.o
 .debug_str     0x00005ae1     0x100d build/stm32f4xx_hal_i2c.o
 .debug_str     0x00005ae1       0x52 build/startup_stm32f407xx.o

.debug_frame    0x00000000     0x43ac
 .debug_frame   0x00000000       0xe8 build/main.o
 .debug_frame   0x000000e8       0x38 build/gpio.o
 .debug_frame   0x00000120       0x60 build/spi.o
 .debug_frame   0x00000180      0x140 build/tim.o
 .debug_frame   0x000002c0       0x60 build/usart.o
 .debug_frame   0x00000320       0xf8 build/stm32f4xx_it.o
 .debug_frame   0x00000418       0x28 build/stm32f4xx_hal_msp.o
 .debug_frame   0x00000440       0x54 build/stm32f4xx_hal_timebase_tim.o
 .debug_frame   0x00000494      0xb10 build/stm32f4xx_hal_tim.o
 .debug_frame   0x00000fa4      0x418 build/stm32f4xx_hal_tim_ex.o
 .debug_frame   0x000013bc      0x5b4 build/stm32f4xx_hal_spi.o
 .debug_frame   0x00001970      0x16c build/stm32f4xx_hal_rcc.o
 .debug_frame   0x00001adc       0xd8 build/stm32f4xx_hal_gpio.o
 .debug_frame   0x00001bb4      0x188 build/stm32f4xx_hal_dma.o
 .debug_frame   0x00001d3c      0x214 build/stm32f4xx_hal_cortex.o
 .debug_frame   0x00001f50      0x1ec build/stm32f4xx_hal.o
 .debug_frame   0x0000213c      0x5e0 build/stm32f4xx_hal_uart.o
 .debug_frame   0x0000271c       0x30 build/system_stm32f4xx.o
 .debug_frame   0x0000274c       0x28 build/sysmem.o
 .debug_frame   0x00002774       0x64 build/i2c.o
 .debug_frame   0x000027d8      0x144 build/oled.o
 .debug_frame   0x0000291c       0x98 build/MPU6050.o
 .debug_frame   0x000029b4      0x10c build/MahonyAHRS.o
 .debug_frame   0x00002ac0       0x8c build/gyro_calib.o
 .debug_frame   0x00002b4c       0x54 build/bt_proto.o
 .debug_frame   0x00002ba0       0x58 build/encoder.o
 .debug_frame   0x00002bf8       0x7c build/motor.o
 .debug_frame   0x00002c74       0xcc build/speed_ctrl.o
 .debug_frame   0x00002d40       0x80 build/pid.o
 .debug_frame   0x00002dc0       0x60 build/ringbuf.o
 .debug_frame   0x00002e20      0x240 build/nrf24l01.o
 .debug_frame   0x00003060       0x38 build/kinematics.o
 .debug_frame   0x00003098       0x40 build/yaw_ctrl.o
 .debug_frame   0x000030d8      0x988 build/stm32f4xx_hal_i2c.o
 .debug_frame   0x00003a60      0x144 C:/Program Files (x86)/Arm GNU Toolchain arm-none-eabi/14.2 rel1/bin/../lib/gcc/arm-none-eabi/14.2.1/thumb/v7e-m+fp/hard\libc_nano.a(libc_a-findfp.o)
 .debug_frame   0x00003ba4       0x7c C:/Program Files (x86)/Arm GNU Toolchain arm-none-eabi/14.2 rel1/bin/../lib/gcc/arm-none-eabi/14.2.1/thumb/v7e-m+fp/hard\libc_nano.a(libc_a-snprintf.o)
 .debug_frame   0x00003c20       0x20 C:/Program Files (x86)/Arm GNU Toolchain arm-none-eabi/14.2 rel1/bin/../lib/gcc/arm-none-eabi/14.2.1/thumb/v7e-m+fp/hard\libc_nano.a(libc_a-memset.o)
 .debug_frame   0x00003c40       0x38 C:/Program Files (x86)/Arm GNU Toolchain arm-none-eabi/14.2 rel1/bin/../lib/gcc/arm-none-eabi/14.2.1/thumb/v7e-m+fp/hard\libc_nano.a(libc_a-reent.o)
 .debug_frame   0x00003c78       0x20 C:/Program Files (x86)/Arm GNU Toolchain arm-none-eabi/14.2 rel1/bin/../lib/gcc/arm-none-eabi/14.2.1/thumb/v7e-m+fp/hard\libc_nano.a(libc_a-errno.o)
 .debug_frame   0x00003c98       0x2c C:/Program Files (x86)/Arm GNU Toolchain arm-none-eabi/14.2 rel1/bin/../lib/gcc/arm-none-eabi/14.2.1/thumb/v7e-m+fp/hard\libc_nano.a(libc_a-init.o)
 .debug_frame   0x00003cc4       0xb0 C:/Program Files (x86)/Arm GNU Toolchain arm-none-eabi/14.2 rel1/bin/../lib/gcc/arm-none-eabi/14.2.1/thumb/v7e-m+fp/hard\libc_nano.a(libc_a-lock.o)
 .debug_frame   0x00003d74       0x38 C:/Program Files (x86)/Arm GNU Toolchain arm-none-eabi/14.2 rel1/bin/../lib/gcc/arm-none-eabi/14.2.1/thumb/v7e-m+fp/hard\libc_nano.a(libc_a-freer.o)
 .debug_frame   0x00003dac       0x50 C:/Program Files (x86)/Arm GNU Toolchain arm-none-eabi/14.2 rel1/bin/../lib/gcc/arm-none-eabi/14.2.1/thumb/v7e-m+fp/hard\libc_nano.a(libc_a-mallocr.o)
 .debug_frame   0x00003dfc       0x30 C:/Program Files (x86)/Arm GNU Toolchain arm-none-eabi/14.2 rel1/bin/../lib/gcc/arm-none-eabi/14.2.1/thumb/v7e-m+fp/hard\libc_nano.a(libc_a-mlock.o)
 .debug_frame   0x00003e2c       0x90 C:/Program Files (x86)/Arm GNU Toolchain arm-none-eabi/14.2 rel1/bin/../lib/gcc/arm-none-eabi/14.2.1/thumb/v7e-m+fp/hard\libc_nano.a(libc_a-nano-svfprintf.o)
 .debug_frame   0x00003ebc       0x60 C:/Program Files (x86)/Arm GNU Toolchain arm-none-eabi/14.2 rel1/bin/../lib/gcc/arm-none-eabi/14.2.1/thumb/v7e-m+fp/hard\libc_nano.a(libc_a-nano-vfprintf_i.o)
 .debug_frame   0x00003f1c       0x28 C:/Program Files (x86)/Arm GNU Toolchain arm-none-eabi/14.2 rel1/bin/../lib/gcc/arm-none-eabi/14.2.1/thumb/v7e-m+fp/hard\libc_nano.a(libc_a-memmove.o)
 .debug_frame   0x00003f44       0x2c C:/Program Files (x86)/Arm GNU Toolchain arm-none-eabi/14.2 rel1/bin/../lib/gcc/arm-none-eabi/14.2.1/thumb/v7e-m+fp/hard\libc_nano.a(libc_a-sbrkr.o)
 .debug_frame   0x00003f70       0x4c C:/Program Files (x86)/Arm GNU Toolchain arm-none-eabi/14.2 rel1/bin/../lib/gcc/arm-none-eabi/14.2.1/thumb/v7e-m+fp/hard\libc_nano.a(libc_a-memchr.o)
 .debug_frame   0x00003fbc       0x28 C:/Program Files (x86)/Arm GNU Toolchain arm-none-eabi/14.2 rel1/bin/../lib/gcc/arm-none-eabi/14.2.1/thumb/v7e-m+fp/hard\libc_nano.a(libc_a-memcpy-stub.o)
 .debug_frame   0x00003fe4       0x3c C:/Program Files (x86)/Arm GNU Toolchain arm-none-eabi/14.2 rel1/bin/../lib/gcc/arm-none-eabi/14.2.1/thumb/v7e-m+fp/hard\libc_nano.a(libc_a-reallocr.o)