Archive member included to satisfy reference by file (symbol)

C:/Program Files (x86)/Arm GNU Toolchain arm-none-eabi/14.2 rel1/bin/../lib/gcc/arm-none-eabi/14.2.1/thumb/v7e-m+fp/hard\libc_nano.a(libc_a-exit.o)
                              C:/Program Files (x86)/Arm GNU Toolchain arm-none-eabi/14.2 rel1/bin/../lib/gcc/arm-none-eabi/14.2.1/thumb/v7e-m+fp/hard/crt0.o (exit)
C:/Program Files (x86)/Arm GNU Toolchain arm-none-eabi/14.2 rel1/bin/../lib/gcc/arm-none-eabi/14.2.1/thumb/v7e-m+fp/hard\libc_nano.a(libc_a-findfp.o)
                              C:/Program Files (x86)/Arm GNU Toolchain arm-none-eabi/14.2 rel1/bin/../lib/gcc/arm-none-eabi/14.2.1/thumb/v7e-m+fp/hard\libc_nano.a(libc_a-exit.o) (__stdio_exit_handler)
C:/Program Files (x86)/Arm GNU Toolchain arm-none-eabi/14.2 rel1/bin/../lib/gcc/arm-none-eabi/14.2.1/thumb/v7e-m+fp/hard\libc_nano.a(libc_a-fwalk.o)
                              C:/Program Files (x86)/Arm GNU Toolchain arm-none-eabi/14.2 rel1/bin/../lib/gcc/arm-none-eabi/14.2.1/thumb/v7e-m+fp/hard\libc_nano.a(libc_a-findfp.o) (_fwalk_sglue)
C:/Program Files (x86)/Arm GNU Toolchain arm-none-eabi/14.2 rel1/bin/../lib/gcc/arm-none-eabi/14.2.1/thumb/v7e-m+fp/hard\libc_nano.a(libc_a-snprintf.o)
                              build/oled.o (snprintf)
C:/Program Files (x86)/Arm GNU Toolchain arm-none-eabi/14.2 rel1/bin/../lib/gcc/arm-none-eabi/14.2.1/thumb/v7e-m+fp/hard\libc_nano.a(libc_a-stdio.o)
                              C:/Program Files (x86)/Arm GNU Toolchain arm-none-eabi/14.2 rel1/bin/../lib/gcc/arm-none-eabi/14.2.1/thumb/v7e-m+fp/hard\libc_nano.a(libc_a-findfp.o) (__sread)
C:/Program Files (x86)/Arm GNU Toolchain arm-none-eabi/14.2 rel1/bin/../lib/gcc/arm-none-eabi/14.2.1/thumb/v7e-m+fp/hard\libc_nano.a(libc_a-memset.o)
                              C:/Program Files (x86)/Arm GNU Toolchain arm-none-eabi/14.2 rel1/bin/../lib/gcc/arm-none-eabi/14.2.1/thumb/v7e-m+fp/hard/crt0.o (memset)
C:/Program Files (x86)/Arm GNU Toolchain arm-none-eabi/14.2 rel1/bin/../lib/gcc/arm-none-eabi/14.2.1/thumb/v7e-m+fp/hard\libc_nano.a(libc_a-closer.o)
                              C:/Program Files (x86)/Arm GNU Toolchain arm-none-eabi/14.2 rel1/bin/../lib/gcc/arm-none-eabi/14.2.1/thumb/v7e-m+fp/hard\libc_nano.a(libc_a-stdio.o) (_close_r)
C:/Program Files (x86)/Arm GNU Toolchain arm-none-eabi/14.2 rel1/bin/../lib/gcc/arm-none-eabi/14.2.1/thumb/v7e-m+fp/hard\libc_nano.a(libc_a-reent.o)
                              C:/Program Files (x86)/Arm GNU Toolchain arm-none-eabi/14.2 rel1/bin/../lib/gcc/arm-none-eabi/14.2.1/thumb/v7e-m+fp/hard\libc_nano.a(libc_a-closer.o) (errno)
C:/Program Files (x86)/Arm GNU Toolchain arm-none-eabi/14.2 rel1/bin/../lib/gcc/arm-none-eabi/14.2.1/thumb/v7e-m+fp/hard\libc_nano.a(libc_a-impure.o)
                              C:/Program Files (x86)/Arm GNU Toolchain arm-none-eabi/14.2 rel1/bin/../lib/gcc/arm-none-eabi/14.2.1/thumb/v7e-m+fp/hard\libc_nano.a(libc_a-snprintf.o) (_impure_ptr)
C:/Program Files (x86)/Arm GNU Toolchain arm-none-eabi/14.2 rel1/bin/../lib/gcc/arm-none-eabi/14.2.1/thumb/v7e-m+fp/hard\libc_nano.a(libc_a-lseekr.o)
                              C:/Program Files (x86)/Arm GNU Toolchain arm-none-eabi/14.2 rel1/bin/../lib/gcc/arm-none-eabi/14.2.1/thumb/v7e-m+fp/hard\libc_nano.a(libc_a-stdio.o) (_lseek_r)
C:/Program Files (x86)/Arm GNU Toolchain arm-none-eabi/14.2 rel1/bin/../lib/gcc/arm-none-eabi/14.2.1/thumb/v7e-m+fp/hard\libc_nano.a(libc_a-readr.o)
                              C:/Program Files (x86)/Arm GNU Toolchain arm-none-eabi/14.2 rel1/bin/../lib/gcc/arm-none-eabi/14.2.1/thumb/v7e-m+fp/hard\libc_nano.a(libc_a-stdio.o) (_read_r)
C:/Program Files (x86)/Arm GNU Toolchain arm-none-eabi/14.2 rel1/bin/../lib/gcc/arm-none-eabi/14.2.1/thumb/v7e-m+fp/hard\libc_nano.a(libc_a-writer.o)
                              C:/Program Files (x86)/Arm GNU Toolchain arm-none-eabi/14.2 rel1/bin/../lib/gcc/arm-none-eabi/14.2.1/thumb/v7e-m+fp/hard\libc_nano.a(libc_a-stdio.o) (_write_r)
C:/Program Files (x86)/Arm GNU Toolchain arm-none-eabi/14.2 rel1/bin/../lib/gcc/arm-none-eabi/14.2.1/thumb/v7e-m+fp/hard\libc_nano.a(libc_a-errno.o)
                              build/sysmem.o (__errno)
C:/Program Files (x86)/Arm GNU Toolchain arm-none-eabi/14.2 rel1/bin/../lib/gcc/arm-none-eabi/14.2.1/thumb/v7e-m+fp/hard\libc_nano.a(libc_a-init.o)
                              C:/Program Files (x86)/Arm GNU Toolchain arm-none-eabi/14.2 rel1/bin/../lib/gcc/arm-none-eabi/14.2.1/thumb/v7e-m+fp/hard/crt0.o (__libc_init_array)
C:/Program Files (x86)/Arm GNU Toolchain arm-none-eabi/14.2 rel1/bin/../lib/gcc/arm-none-eabi/14.2.1/thumb/v7e-m+fp/hard\libc_nano.a(libc_a-lock.o)
                              C:/Program Files (x86)/Arm GNU Toolchain arm-none-eabi/14.2 rel1/bin/../lib/gcc/arm-none-eabi/14.2.1/thumb/v7e-m+fp/hard\libc_nano.a(libc_a-findfp.o) (__retarget_lock_init_recursive)
[...]
Memory Configuration

Name             Origin             Length             Attributes
RAM              0x20000000         0x00020000         xrw
CCMRAM           0x10000000         0x00010000         xrw
FLASH            0x08000000         0x00080000         xr
*default*        0x00000000         0xffffffff

Linker script and memory map

LOAD C:/Program Files (x86)/Arm GNU Toolchain arm-none-eabi/14.2 rel1/bin/../lib/gcc/arm-none-eabi/14.2.1/thumb/v7e-m+fp/hard/crti.o
LOAD C:/Program Files (x86)/Arm GNU Toolchain arm-none-eabi/14.2 rel1/bin/../lib/gcc/arm-none-eabi/14.2.1/thumb/v7e-m+fp/hard/crtbegin.o
LOAD C:/Program Files (x86)/Arm GNU Toolchain arm-none-eabi/14.2 rel1/bin/../lib/gcc/arm-none-eabi/14.2.1/thumb/v7e-m+fp/hard/crt0.o
LOAD build/main.o
LOAD build/gpio.o
LOAD build/spi.o
LOAD build/tim.o
LOAD build/usart.o
LOAD build/stm32f4xx_it.o
LOAD build/stm32f4xx_hal_msp.o
LOAD build/stm32f4xx_hal_timebase_tim.o
LOAD build/stm32f4xx_hal_tim.o
LOAD build/stm32f4xx_hal_tim_ex.o
LOAD build/stm32f4xx_hal_spi.o
LOAD build/stm32f4xx_hal_rcc.o
LOAD build/stm32f4xx_hal_rcc_ex.o
LOAD build/stm32f4xx_hal_flash.o
LOAD build/stm32f4xx_hal_flash_ex.o
LOAD build/stm32f4xx_hal_flash_ramfunc.o
LOAD build/stm32f4xx_hal_gpio.o
LOAD build/stm32f4xx_hal_dma_ex.o
LOAD build/stm32f4xx_hal_dma.o
LOAD build/stm32f4xx_hal_pwr.o
LOAD build/stm32f4xx_hal_pwr_ex.o
LOAD build/stm32f4xx_hal_cortex.o
LOAD build/stm32f4xx_hal.o
LOAD build/stm32f4xx_hal_exti.o
LOAD build/stm32f4xx_hal_uart.o
LOAD build/system_stm32f4xx.o
LOAD build/sysmem.o
LOAD build/syscalls.o
LOAD build/i2c.o
LOAD build/oled.o
LOAD build/MPU6050.o
LOAD build/MahonyAHRS.o
LOAD build/bt_proto.o
LOAD build/encoder.o
LOAD build/motor.o
LOAD build/speed_ctrl.o
LOAD build/pid.o
LOAD build/ringbuf.o
LOAD build/nrf24l01.o
LOAD build/stm32f4xx_hal_i2c.o
LOAD build/stm32f4xx_hal_i2c_ex.o
LOAD build/startup_stm32f407xx.o
LOAD C:/Program Files (x86)/Arm GNU Toolchain arm-none-eabi/14.2 rel1/bin/../lib/gcc/arm-none-eabi/14.2.1/thumb/v7e-m+fp/hard\libc_nano.a
LOAD C:/Program Files (x86)/Arm GNU Toolchain arm-none-eabi/14.2 rel1/bin/../lib/gcc/arm-none-eabi/14.2.1/thumb/v7e-m+fp/hard\libm.a
LOAD C:/Program Files (x86)/Arm GNU Toolchain arm-none-eabi/14.2 rel1/bin/../lib/gcc/arm-none-eabi/14.2.1/thumb/v7e-m+fp/hard\libnosys.a
START GROUP
LOAD C:/Program Files (x86)/Arm GNU Toolchain arm-none-eabi/14.2 rel1/bin/../lib/gcc/arm-none-eabi/14.2.1/thumb/v7e-m+fp/hard\libgcc.a
LOAD C:/Program Files (x86)/Arm GNU Toolchain arm-none-eabi/14.2 rel1/bin/../lib/gcc/arm-none-eabi/14.2.1/thumb/v7e-m+fp/hard\libc_nano.a
END GROUP
START GROUP
LOAD C:/Program Files (x86)/Arm GNU Toolchain arm-none-eabi/14.2 rel1/bin/../lib/gcc/arm-none-eabi/14.2.1/thumb/v7e-m+fp/hard\libgcc.a
LOAD C:/Program Files (x86)/Arm GNU Toolchain arm-none-eabi/14.2 rel1/bin/../lib/gcc/arm-none-eabi/14.2.1/thumb/v7e-m+fp/hard\libc_nano.a
END GROUP
LOAD C:/Program Files (x86)/Arm GNU Toolchain arm-none-eabi/14.2 rel1/bin/../lib/gcc/arm-none-eabi/14.2.1/thumb/v7e-m+fp/hard/crtend.o
LOAD C:/Program Files (x86)/Arm GNU Toolchain arm-none-eabi/14.2 rel1/bin/../lib/gcc/arm-none-eabi/14.2.1/thumb/v7e-m+fp/hard/crtn.o
                0x20020000                        _estack = (ORIGIN (RAM) + LENGTH (RAM))
                0x00000200                        _Min_Heap_Size = 0x200
                0x00000400                        _Min_Stack_Size = 0x400

.isr_vector     0x08000000      0x188
                0x08000000                        . = ALIGN (0x4)
 *(.isr_vector)
 .isr_vector    0x08000000      0x188 build/startup_stm32f407xx.o
                0x08000000                g_pfnVectors
                0x08000188                        . = ALIGN (0x4)

.text           0x08000188     0x4e90
                0x08000188                        . = ALIGN (0x4)
 *(.text)
 .text          0x08000188       0x30 C:/Program Files (x86)/Arm GNU Toolchain arm-none-eabi/14.2 rel1/bin/../lib/gcc/arm-none-eabi/14.2.1/thumb/v7e-m+fp/hard\libgcc.a(_aeabi_uldivmod.o)
                0x08000188                __aeabi_uldivmod
 .text          0x080001b8        0x4 C:/Program Files (x86)/Arm GNU Toolchain arm-none-eabi/14.2 rel1/bin/../lib/gcc/arm-none-eabi/14.2.1/thumb/v7e-m+fp/hard\libgcc.a(_dvmd_tls.o)
                0x080001b8                __aeabi_idiv0
                0x080001b8                __aeabi_ldiv0
 *(.text*)
 .text.deregister_tm_clones
                0x080001bc       0x1c C:/Program Files (x86)/Arm GNU Toolchain arm-none-eabi/14.2 rel1/bin/../lib/gcc/arm-none-eabi/14.2.1/thumb/v7e-m+fp/hard/crtbegin.o
 .text.register_tm_clones
                0x080001d8       0x24 C:/Program Files (x86)/Arm GNU Toolchain arm-none-eabi/14.2 rel1/bin/../lib/gcc/arm-none-eabi/14.2.1/thumb/v7e-m+fp/hard/crtbegin.o
 .text.__do_global_dtors_aux
                0x080001fc       0x28 C:/Program Files (x86)/Arm GNU Toolchain arm-none-eabi/14.2 rel1/bin/../lib/gcc/arm-none-eabi/14.2.1/thumb/v7e-m+fp/hard/crtbegin.o
 .text.frame_dummy
                0x08000224       0x24 C:/Program Files (x86)/Arm GNU Toolchain arm-none-eabi/14.2 rel1/bin/../lib/gcc/arm-none-eabi/14.2.1/thumb/v7e-m+fp/hard/crtbegin.o
 .text.imu_update_task
                0x08000248      0x10c build/main.o
 .text.HAL_TIM_PeriodElapsedCallback
                0x08000354       0x18 build/main.o
                0x08000354                HAL_TIM_PeriodElapsedCallback
 .text.Error_Handler
                0x0800036c        0x4 build/main.o
                0x0800036c                Error_Handler
 .text.SystemClock_Config
                0x08000370       0xa8 build/main.o
                0x08000370                SystemClock_Config
 .text.main     0x08000418       0x80 build/main.o
                0x08000418                main
 .text.MX_GPIO_Init
                0x08000498      0x124 build/gpio.o
                0x08000498                MX_GPIO_Init
 .text.MX_SPI2_Init
                0x080005bc       0x40 build/spi.o
                0x080005bc                MX_SPI2_Init
 .text.HAL_SPI_MspInit
                0x080005fc       0x70 build/spi.o
                0x080005fc                HAL_SPI_MspInit
 .text.MX_TIM1_Init
                0x0800066c       0x68 build/tim.o
                0x0800066c                MX_TIM1_Init
 .text.MX_TIM2_Init
                0x080006d4       0x64 build/tim.o
                0x080006d4                MX_TIM2_Init
 .text.MX_TIM3_Init
                0x08000738       0x64 build/tim.o
                0x08000738                MX_TIM3_Init
 .text.MX_TIM4_Init
                0x0800079c       0x64 build/tim.o
                0x0800079c                MX_TIM4_Init
 .text.HAL_TIM_Encoder_MspInit
                0x08000800      0x150 build/tim.o
                0x08000800                HAL_TIM_Encoder_MspInit
 .text.HAL_TIM_PWM_MspInit
                0x08000950       0x40 build/tim.o
                0x08000950                HAL_TIM_PWM_MspInit
 .text.HAL_TIM_MspPostInit
                0x08000990       0x5c build/tim.o
                0x08000990                HAL_TIM_MspPostInit
 .text.MX_TIM8_Init
                0x080009ec       0xec build/tim.o
                0x080009ec                MX_TIM8_Init
 .text.MX_USART3_UART_Init
                0x08000ad8       0x34 build/usart.o
                0x08000ad8                MX_USART3_UART_Init
 .text.HAL_UART_MspInit
                0x08000b0c       0x80 build/usart.o
                0x08000b0c                HAL_UART_MspInit
 .text.Get_UART_RxRingBuf
                0x08000b8c        0x8 build/stm32f4xx_it.o
                0x08000b8c                Get_UART_RxRingBuf
 .text.NMI_Handler
                0x08000b94        0x2 build/stm32f4xx_it.o
                0x08000b94                NMI_Handler
 .text.HardFault_Handler
                0x08000b96        0x2 build/stm32f4xx_it.o
                0x08000b96                HardFault_Handler
 .text.MemManage_Handler
                0x08000b98        0x2 build/stm32f4xx_it.o
                0x08000b98                MemManage_Handler
 .text.BusFault_Handler
                0x08000b9a        0x2 build/stm32f4xx_it.o
                0x08000b9a                BusFault_Handler
 .text.UsageFault_Handler
                0x08000b9c        0x2 build/stm32f4xx_it.o
                0x08000b9c                UsageFault_Handler
 .text.SVC_Handler
                0x08000b9e        0x2 build/stm32f4xx_it.o
                0x08000b9e                SVC_Handler
 .text.DebugMon_Handler
                0x08000ba0        0x2 build/stm32f4xx_it.o
                0x08000ba0                DebugMon_Handler
 .text.PendSV_Handler
                0x08000ba2        0x2 build/stm32f4xx_it.o
                0x08000ba2                PendSV_Handler
 .text.SysTick_Handler
                0x08000ba4        0x2 build/stm32f4xx_it.o
                0x08000ba4                SysTick_Handler
 *fill*         0x08000ba6        0x2 
 .text.USART3_IRQHandler
                0x08000ba8       0x40 build/stm32f4xx_it.o
                0x08000ba8                USART3_IRQHandler
 .text.TIM8_UP_TIM13_IRQHandler
                0x08000be8       0xa0 build/stm32f4xx_it.o
                0x08000be8                TIM8_UP_TIM13_IRQHandler
 .text.TIM7_IRQHandler
                0x08000c88       0x10 build/stm32f4xx_it.o
                0x08000c88                TIM7_IRQHandler
 .text.HAL_MspInit
                0x08000c98       0x38 build/stm32f4xx_hal_msp.o
                0x08000c98                HAL_MspInit
 .text.HAL_InitTick
                0x08000cd0       0xa4 build/stm32f4xx_hal_timebase_tim.o
                0x08000cd0                HAL_InitTick
 .text.TIM_OC1_SetConfig
                0x08000d74       0x70 build/stm32f4xx_hal_tim.o
 .text.TIM_OC3_SetConfig
                0x08000de4       0x70 build/stm32f4xx_hal_tim.o
 .text.TIM_OC4_SetConfig
                0x08000e54       0x50 build/stm32f4xx_hal_tim.o
 .text.HAL_TIM_Base_MspInit
                0x08000ea4        0x2 build/stm32f4xx_hal_tim.o
                0x08000ea4                HAL_TIM_Base_MspInit
 *fill*         0x08000ea6        0x2 
 .text.HAL_TIM_Base_Start_IT
                0x08000ea8       0x84 build/stm32f4xx_hal_tim.o
                0x08000ea8                HAL_TIM_Base_Start_IT
 .text.HAL_TIM_OC_DelayElapsedCallback
                0x08000f2c        0x2 build/stm32f4xx_hal_tim.o
                0x08000f2c                HAL_TIM_OC_DelayElapsedCallback
 .text.HAL_TIM_IC_CaptureCallback
                0x08000f2e        0x2 build/stm32f4xx_hal_tim.o
                0x08000f2e                HAL_TIM_IC_CaptureCallback
 .text.HAL_TIM_PWM_PulseFinishedCallback
                0x08000f30        0x2 build/stm32f4xx_hal_tim.o
                0x08000f30                HAL_TIM_PWM_PulseFinishedCallback
 .text.HAL_TIM_TriggerCallback
                0x08000f32        0x2 build/stm32f4xx_hal_tim.o
                0x08000f32                HAL_TIM_TriggerCallback
 .text.HAL_TIM_IRQHandler
                0x08000f34      0x15e build/stm32f4xx_hal_tim.o
                0x08000f34                HAL_TIM_IRQHandler
 *fill*         0x08001092        0x2 
 .text.TIM_Base_SetConfig
                0x08001094       0xd0 build/stm32f4xx_hal_tim.o
                0x08001094                TIM_Base_SetConfig
 .text.HAL_TIM_Base_Init
                0x08001164       0x58 build/stm32f4xx_hal_tim.o
                0x08001164                HAL_TIM_Base_Init
 .text.HAL_TIM_PWM_Init
                0x080011bc       0x58 build/stm32f4xx_hal_tim.o
                0x080011bc                HAL_TIM_PWM_Init
 .text.HAL_TIM_Encoder_Init
                0x08001214       0xb0 build/stm32f4xx_hal_tim.o
                0x08001214                HAL_TIM_Encoder_Init
 .text.TIM_OC2_SetConfig
                0x080012c4       0x70 build/stm32f4xx_hal_tim.o
                0x080012c4                TIM_OC2_SetConfig
 .text.HAL_TIM_PWM_ConfigChannel
                0x08001334       0xdc build/stm32f4xx_hal_tim.o
                0x08001334                HAL_TIM_PWM_ConfigChannel
 .text.TIM_CCxChannelCmd
                0x08001410       0x1e build/stm32f4xx_hal_tim.o
                0x08001410                TIM_CCxChannelCmd
 *fill*         0x0800142e        0x2 
 .text.HAL_TIM_PWM_Start
                0x08001430       0xfc build/stm32f4xx_hal_tim.o
                0x08001430                HAL_TIM_PWM_Start
 .text.HAL_TIM_Encoder_Start
                0x0800152c       0xcc build/stm32f4xx_hal_tim.o
                0x0800152c                HAL_TIM_Encoder_Start
 .text.HAL_TIMEx_MasterConfigSynchronization
                0x080015f8       0x8c build/stm32f4xx_hal_tim_ex.o
                0x080015f8                HAL_TIMEx_MasterConfigSynchronization
 .text.HAL_TIMEx_ConfigBreakDeadTime
                0x08001684       0x52 build/stm32f4xx_hal_tim_ex.o
                0x08001684                HAL_TIMEx_ConfigBreakDeadTime
 .text.HAL_TIMEx_CommutCallback
                0x080016d6        0x2 build/stm32f4xx_hal_tim_ex.o
                0x080016d6                HAL_TIMEx_CommutCallback
 .text.HAL_TIMEx_BreakCallback
                0x080016d8        0x2 build/stm32f4xx_hal_tim_ex.o
                0x080016d8                HAL_TIMEx_BreakCallback
 *fill*         0x080016da        0x2 
 .text.SPI_WaitFlagStateUntilTimeout
                0x080016dc       0xc8 build/stm32f4xx_hal_spi.o
 .text.SPI_EndRxTxTransaction
                0x080017a4       0x80 build/stm32f4xx_hal_spi.o
 .text.HAL_SPI_Init
                0x08001824       0xbe build/stm32f4xx_hal_spi.o
                0x08001824                HAL_SPI_Init
 .text.HAL_SPI_TransmitReceive
                0x080018e2      0x252 build/stm32f4xx_hal_spi.o
                0x080018e2                HAL_SPI_TransmitReceive
 .text.HAL_RCC_OscConfig
                0x08001b34      0x3f8 build/stm32f4xx_hal_rcc.o
                0x08001b34                HAL_RCC_OscConfig
 .text.HAL_RCC_GetSysClockFreq
                0x08001f2c       0xdc build/stm32f4xx_hal_rcc.o
                0x08001f2c                HAL_RCC_GetSysClockFreq
 .text.HAL_RCC_ClockConfig
                0x08002008      0x160 build/stm32f4xx_hal_rcc.o
                0x08002008                HAL_RCC_ClockConfig
 .text.HAL_RCC_GetHCLKFreq
                0x08002168        0xc build/stm32f4xx_hal_rcc.o
                0x08002168                HAL_RCC_GetHCLKFreq
 .text.HAL_RCC_GetPCLK1Freq
                0x08002174       0x20 build/stm32f4xx_hal_rcc.o
                0x08002174                HAL_RCC_GetPCLK1Freq
 .text.HAL_RCC_GetPCLK2Freq
                0x08002194       0x20 build/stm32f4xx_hal_rcc.o
                0x08002194                HAL_RCC_GetPCLK2Freq
 .text.HAL_RCC_GetClockConfig
                0x080021b4       0x3c build/stm32f4xx_hal_rcc.o
                0x080021b4                HAL_RCC_GetClockConfig
 .text.HAL_GPIO_Init
                0x080021f0      0x1ec build/stm32f4xx_hal_gpio.o
                0x080021f0                HAL_GPIO_Init
 .text.HAL_GPIO_WritePin
                0x080023dc        0xc build/stm32f4xx_hal_gpio.o
                0x080023dc                HAL_GPIO_WritePin
 .text.HAL_GPIO_TogglePin
                0x080023e8       0x12 build/stm32f4xx_hal_gpio.o
                0x080023e8                HAL_GPIO_TogglePin
 .text.HAL_DMA_Abort
                0x080023fa       0x92 build/stm32f4xx_hal_dma.o
                0x080023fa                HAL_DMA_Abort
 .text.HAL_DMA_Abort_IT
                0x0800248c       0x24 build/stm32f4xx_hal_dma.o
                0x0800248c                HAL_DMA_Abort_IT
 .text.__NVIC_EnableIRQ
                0x080024b0       0x1c build/stm32f4xx_hal_cortex.o
 .text.__NVIC_SetPriority
                0x080024cc       0x28 build/stm32f4xx_hal_cortex.o
 .text.NVIC_EncodePriority
                0x080024f4       0x3e build/stm32f4xx_hal_cortex.o
 *fill*         0x08002532        0x2 
 .text.HAL_NVIC_SetPriorityGrouping
                0x08002534       0x24 build/stm32f4xx_hal_cortex.o
                0x08002534                HAL_NVIC_SetPriorityGrouping
 .text.HAL_NVIC_SetPriority
                0x08002558       0x20 build/stm32f4xx_hal_cortex.o
                0x08002558                HAL_NVIC_SetPriority
 .text.HAL_NVIC_EnableIRQ
                0x08002578        0x8 build/stm32f4xx_hal_cortex.o
                0x08002578                HAL_NVIC_EnableIRQ
 .text.HAL_Init
                0x08002580       0x34 build/stm32f4xx_hal.o
                0x08002580                HAL_Init
 .text.HAL_IncTick
                0x080025b4       0x18 build/stm32f4xx_hal.o
                0x080025b4                HAL_IncTick
 .text.HAL_GetTick
                0x080025cc        0xc build/stm32f4xx_hal.o
                0x080025cc                HAL_GetTick
 .text.HAL_Delay
                0x080025d8       0x28 build/stm32f4xx_hal.o
                0x080025d8                HAL_Delay
 .text.UART_EndRxTransfer
                0x08002600       0x5c build/stm32f4xx_hal_uart.o
 .text.UART_Transmit_IT
                0x0800265c       0x5e build/stm32f4xx_hal_uart.o
 *fill*         0x080026ba        0x2 
 .text.UART_SetConfig
                0x080026bc      0x110 build/stm32f4xx_hal_uart.o
 .text.UART_WaitOnFlagUntilTimeout
                0x080027cc       0x86 build/stm32f4xx_hal_uart.o
 .text.HAL_UART_Init
                0x08002852       0x60 build/stm32f4xx_hal_uart.o
                0x08002852                HAL_UART_Init
 .text.HAL_UART_Transmit
                0x080028b2       0xca build/stm32f4xx_hal_uart.o
                0x080028b2                HAL_UART_Transmit
 .text.HAL_UART_TxCpltCallback
                0x0800297c        0x2 build/stm32f4xx_hal_uart.o
                0x0800297c                HAL_UART_TxCpltCallback
 .text.UART_EndTransmit_IT
                0x0800297e       0x1a build/stm32f4xx_hal_uart.o
 .text.HAL_UART_RxCpltCallback
                0x08002998        0x2 build/stm32f4xx_hal_uart.o
                0x08002998                HAL_UART_RxCpltCallback
 .text.HAL_UART_ErrorCallback
                0x0800299a        0x2 build/stm32f4xx_hal_uart.o
                0x0800299a                HAL_UART_ErrorCallback
 .text.UART_DMAAbortOnError
                0x0800299c        0xe build/stm32f4xx_hal_uart.o
 .text.HAL_UARTEx_RxEventCallback
                0x080029aa        0x2 build/stm32f4xx_hal_uart.o
                0x080029aa                HAL_UARTEx_RxEventCallback
 .text.UART_Receive_IT
                0x080029ac       0xe4 build/stm32f4xx_hal_uart.o
 .text.HAL_UART_IRQHandler
                0x08002a90      0x2a0 build/stm32f4xx_hal_uart.o
                0x08002a90                HAL_UART_IRQHandler
 .text.SystemInit
                0x08002d30       0x14 build/system_stm32f4xx.o
                0x08002d30                SystemInit
 .text.MX_I2C2_Init
                0x08002d44       0x3c build/i2c.o
                0x08002d44                MX_I2C2_Init
 .text.HAL_I2C_MspInit
                0x08002d80       0x70 build/i2c.o
                0x08002d80                HAL_I2C_MspInit
 .text.MPU6050_WriteReg
                0x08002df0       0x2c build/MPU6050.o
                0x08002df0                MPU6050_WriteReg
 .text.MPU6050_ReadReg
                0x08002e1c       0x2c build/MPU6050.o
                0x08002e1c                MPU6050_ReadReg
 .text.MPU6050_Init
                0x08002e48       0x34 build/MPU6050.o
                0x08002e48                MPU6050_Init
 .text.MPU6050_GetData
                0x08002e7c       0x8c build/MPU6050.o
                0x08002e7c                MPU6050_GetData
 .text.invSqrt  0x08002f08       0x30 build/MahonyAHRS.o
                0x08002f08                invSqrt
 .text.MahonyAHRSupdateIMU
                0x08002f38      0x268 build/MahonyAHRS.o
                0x08002f38                MahonyAHRSupdateIMU
 .text.QuaternionToEuler
                0x080031a0      0x10c build/MahonyAHRS.o
                0x080031a0                QuaternionToEuler
 .text.BT_Parse_Byte
                0x080032ac       0xbc build/bt_proto.o
                0x080032ac                BT_Parse_Byte
 .text.BT_Pack_Tx
                0x08003368       0x56 build/bt_proto.o
                0x08003368                BT_Pack_Tx
 *fill*         0x080033be        0x2 
 .text.blue_setparam_task
                0x080033c0       0xec build/bt_proto.o
                0x080033c0                blue_setparam_task
 .text.Encoder_Init
                0x080034ac       0x1a build/encoder.o
                0x080034ac                Encoder_Init
 .text.Encoder_Update
                0x080034c6       0x16 build/encoder.o
                0x080034c6                Encoder_Update
 .text.Encoder_GetCount
                0x080034dc        0x4 build/encoder.o
                0x080034dc                Encoder_GetCount
 .text.Motor_SetDuty
                0x080034e0       0xa0 build/motor.o
                0x080034e0                Motor_SetDuty
 .text.Motor_Stop
                0x08003580        0xa build/motor.o
                0x08003580                Motor_Stop
 *fill*         0x0800358a        0x2 
 .text.Motor_InitAll
                0x0800358c       0xb4 build/motor.o
                0x0800358c                Motor_InitAll
 .text.SpeedCtrl_Init
                0x08003640       0x8c build/speed_ctrl.o
                0x08003640                SpeedCtrl_Init
 .text.SpeedCtrl_UpdateEncoders
                0x080036cc       0x94 build/speed_ctrl.o
                0x080036cc                SpeedCtrl_UpdateEncoders
 .text.SpeedCtrl_1kHz_Tick
                0x08003760       0x4c build/speed_ctrl.o
                0x08003760                SpeedCtrl_1kHz_Tick
 .text.SpeedCtrl_SetTarget
                0x080037ac       0x1c build/speed_ctrl.o
                0x080037ac                SpeedCtrl_SetTarget
 .text.SpeedCtrl_SetPID
                0x080037c8       0x1c build/speed_ctrl.o
                0x080037c8                SpeedCtrl_SetPID
 .text.SpeedCtrl_GetError
                0x080037e4       0x34 build/speed_ctrl.o
                0x080037e4                SpeedCtrl_GetError
 .text.PID_Init
                0x08003818       0x48 build/pid.o
                0x08003818                PID_Init
 .text.PID_Update
                0x08003860      0x108 build/pid.o
                0x08003860                PID_Update
 .text.PID_SetTarget
                0x08003968        0x6 build/pid.o
                0x08003968                PID_SetTarget
 .text.PID_SetTunings
                0x0800396e        0xe build/pid.o
                0x0800396e                PID_SetTunings
 .text.RingBuf_Put
                0x0800397c       0x30 build/ringbuf.o
                0x0800397c                RingBuf_Put
 .text.RingBuf_Get
                0x080039ac       0x2e build/ringbuf.o
                0x080039ac                RingBuf_Get
 *fill*         0x080039da        0x2 
 .text.spi2_set_speed
                0x080039dc       0x14 build/nrf24l01.o
 .text.spi2_read_write_byte
                0x080039f0       0x2c build/nrf24l01.o
 .text.nrf24l01_write_buf
                0x08003a1c       0x44 build/nrf24l01.o
 .text.nrf24l01_read_buf
                0x08003a60       0x44 build/nrf24l01.o
 .text.nrf24l01_write_reg
                0x08003aa4       0x38 build/nrf24l01.o
 .text.nrf24l01_check
                0x08003adc       0x58 build/nrf24l01.o
                0x08003adc                nrf24l01_check
 .text.B_nrf24l01_switch_rx_from_A
                0x08003b34       0x60 build/nrf24l01.o
                0x08003b34                B_nrf24l01_switch_rx_from_A
 .text.NRF_check
                0x08003b94       0x30 build/nrf24l01.o
                0x08003b94                NRF_check
 .text.I2C_IsAcknowledgeFailed
                0x08003bc4       0x32 build/stm32f4xx_hal_i2c.o
 .text.I2C_WaitOnFlagUntilTimeout
                0x08003bf6       0xaa build/stm32f4xx_hal_i2c.o
 .text.I2C_WaitOnMasterAddressFlagUntilTimeout
                0x08003ca0       0xd6 build/stm32f4xx_hal_i2c.o
 .text.I2C_WaitOnTXEFlagUntilTimeout
                0x08003d76       0x5e build/stm32f4xx_hal_i2c.o
 .text.I2C_RequestMemoryWrite
                0x08003dd4       0xd8 build/stm32f4xx_hal_i2c.o
 .text.I2C_RequestMemoryRead
                0x08003eac      0x154 build/stm32f4xx_hal_i2c.o
 .text.I2C_WaitOnBTFFlagUntilTimeout
                0x08004000       0x5e build/stm32f4xx_hal_i2c.o
 .text.I2C_WaitOnRXNEFlagUntilTimeout
                0x0800405e       0x78 build/stm32f4xx_hal_i2c.o
 *fill*         0x080040d6        0x2 
 .text.HAL_I2C_Init
                0x080040d8      0x1bc build/stm32f4xx_hal_i2c.o
                0x080040d8                HAL_I2C_Init
 .text.HAL_I2C_Mem_Write
                0x08004294      0x160 build/stm32f4xx_hal_i2c.o
                0x08004294                HAL_I2C_Mem_Write
 .text.HAL_I2C_Mem_Read
                0x080043f4      0x2f8 build/stm32f4xx_hal_i2c.o
                0x080043f4                HAL_I2C_Mem_Read
 .text.Reset_Handler
                0x080046ec       0x50 build/startup_stm32f407xx.o
                0x080046ec                Reset_Handler
 .text.Default_Handler
                0x0800473c        0x2 build/startup_stm32f407xx.o
                0x0800473c                RTC_Alarm_IRQHandler
                0x0800473c                HASH_RNG_IRQHandler
                0x0800473c                EXTI2_IRQHandler
                0x0800473c                TIM8_CC_IRQHandler
                0x0800473c                TIM1_CC_IRQHandler
                0x0800473c                DMA2_Stream5_IRQHandler
                0x0800473c                DMA1_Stream5_IRQHandler
                0x0800473c                PVD_IRQHandler
                0x0800473c                SDIO_IRQHandler
                0x0800473c                TAMP_STAMP_IRQHandler
                0x0800473c                CAN2_RX1_IRQHandler
                0x0800473c                EXTI3_IRQHandler
                0x0800473c                TIM8_TRG_COM_TIM14_IRQHandler
                0x0800473c                TIM1_UP_TIM10_IRQHandler
                0x0800473c                I2C3_ER_IRQHandler
                0x0800473c                EXTI0_IRQHandler
                0x0800473c                I2C2_EV_IRQHandler
                0x0800473c                DMA1_Stream2_IRQHandler
                0x0800473c                CAN1_RX0_IRQHandler
                0x0800473c                FPU_IRQHandler
                0x0800473c                OTG_HS_WKUP_IRQHandler
                0x0800473c                CAN2_SCE_IRQHandler
                0x0800473c                DMA2_Stream2_IRQHandler
                0x0800473c                SPI1_IRQHandler
                0x0800473c                TIM6_DAC_IRQHandler
                0x0800473c                TIM1_BRK_TIM9_IRQHandler
                0x0800473c                DCMI_IRQHandler
                0x0800473c                CAN2_RX0_IRQHandler
                0x0800473c                DMA2_Stream3_IRQHandler
                0x0800473c                USART6_IRQHandler
                0x0800473c                CAN1_RX1_IRQHandler
                0x0800473c                UART5_IRQHandler
                0x0800473c                DMA2_Stream0_IRQHandler
                0x0800473c                TIM4_IRQHandler
                0x0800473c                I2C1_EV_IRQHandler
                0x0800473c                DMA1_Stream6_IRQHandler
                0x0800473c                DMA1_Stream1_IRQHandler
                0x0800473c                UART4_IRQHandler
                0x0800473c                TIM3_IRQHandler
                0x0800473c                RCC_IRQHandler
                0x0800473c                TIM8_BRK_TIM12_IRQHandler
                0x0800473c                Default_Handler
                0x0800473c                EXTI15_10_IRQHandler
                0x0800473c                ADC_IRQHandler
                0x0800473c                DMA1_Stream7_IRQHandler
                0x0800473c                CAN2_TX_IRQHandler
                0x0800473c                TIM5_IRQHandler
                0x0800473c                DMA2_Stream7_IRQHandler
                0x0800473c                I2C3_EV_IRQHandler
                0x0800473c                EXTI9_5_IRQHandler
                0x0800473c                RTC_WKUP_IRQHandler
                0x0800473c                ETH_WKUP_IRQHandler
                0x0800473c                SPI2_IRQHandler
                0x0800473c                OTG_HS_EP1_IN_IRQHandler
                0x0800473c                DMA1_Stream0_IRQHandler
                0x0800473c                CAN1_TX_IRQHandler
                0x0800473c                EXTI4_IRQHandler
                0x0800473c                FSMC_IRQHandler
                0x0800473c                ETH_IRQHandler
                0x0800473c                OTG_HS_EP1_OUT_IRQHandler
                0x0800473c                WWDG_IRQHandler
                0x0800473c                TIM2_IRQHandler
                0x0800473c                OTG_FS_WKUP_IRQHandler
                0x0800473c                TIM1_TRG_COM_TIM11_IRQHandler
                0x0800473c                OTG_HS_IRQHandler
                0x0800473c                EXTI1_IRQHandler
                0x0800473c                USART2_IRQHandler
                0x0800473c                I2C2_ER_IRQHandler
                0x0800473c                DMA2_Stream1_IRQHandler
                0x0800473c                CAN1_SCE_IRQHandler
                0x0800473c                FLASH_IRQHandler
                0x0800473c                DMA2_Stream4_IRQHandler
                0x0800473c                USART1_IRQHandler
                0x0800473c                OTG_FS_IRQHandler
                0x0800473c                SPI3_IRQHandler
                0x0800473c                DMA1_Stream4_IRQHandler
                0x0800473c                I2C1_ER_IRQHandler
                0x0800473c                DMA2_Stream6_IRQHandler
                0x0800473c                DMA1_Stream3_IRQHandler
 .text.memset   0x0800473e       0x10 C:/Program Files (x86)/Arm GNU Toolchain arm-none-eabi/14.2 rel1/bin/../lib/gcc/arm-none-eabi/14.2.1/thumb/v7e-m+fp/hard\libc_nano.a(libc_a-memset.o)
                0x0800473e                memset
 *fill*         0x0800474e        0x2 
 .text.__errno  0x08004750        0xc C:/Program Files (x86)/Arm GNU Toolchain arm-none-eabi/14.2 rel1/bin/../lib/gcc/arm-none-eabi/14.2.1/thumb/v7e-m+fp/hard\libc_nano.a(libc_a-errno.o)
                0x08004750                __errno
 .text.__libc_init_array
                0x0800475c       0x48 C:/Program Files (x86)/Arm GNU Toolchain arm-none-eabi/14.2 rel1/bin/../lib/gcc/arm-none-eabi/14.2.1/thumb/v7e-m+fp/hard\libc_nano.a(libc_a-init.o)
                0x0800475c                __libc_init_array
 .text.asinf    0x080047a4       0x58 C:/Program Files (x86)/Arm GNU Toolchain arm-none-eabi/14.2 rel1/bin/../lib/gcc/arm-none-eabi/14.2.1/thumb/v7e-m+fp/hard\libm.a(libm_a-wf_asin.o)
                0x080047a4                asinf
 .text.atan2f   0x080047fc        0x4 C:/Program Files (x86)/Arm GNU Toolchain arm-none-eabi/14.2 rel1/bin/../lib/gcc/arm-none-eabi/14.2.1/thumb/v7e-m+fp/hard\libm.a(libm_a-wf_atan2.o)
                0x080047fc                atan2f
 .text.fabsf    0x08004800       0x10 C:/Program Files (x86)/Arm GNU Toolchain arm-none-eabi/14.2 rel1/bin/../lib/gcc/arm-none-eabi/14.2.1/thumb/v7e-m+fp/hard\libm.a(libm_a-sf_fabs.o)
                0x08004800                fabsf
 .text.nanf     0x08004810        0xc C:/Program Files (x86)/Arm GNU Toolchain arm-none-eabi/14.2 rel1/bin/../lib/gcc/arm-none-eabi/14.2.1/thumb/v7e-m+fp/hard\libm.a(libm_a-sf_nan.o)
                0x08004810                nanf
 .text.__ieee754_asinf
                0x0800481c      0x1f4 C:/Program Files (x86)/Arm GNU Toolchain arm-none-eabi/14.2 rel1/bin/../lib/gcc/arm-none-eabi/14.2.1/thumb/v7e-m+fp/hard\libm.a(libm_a-ef_asin.o)
                0x0800481c                __ieee754_asinf
 .text.__ieee754_atan2f
                0x08004a10      0x14c C:/Program Files (x86)/Arm GNU Toolchain arm-none-eabi/14.2 rel1/bin/../lib/gcc/arm-none-eabi/14.2.1/thumb/v7e-m+fp/hard\libm.a(libm_a-ef_atan2.o)
                0x08004a10                __ieee754_atan2f
 .text.atanf    0x08004b5c      0x1a4 C:/Program Files (x86)/Arm GNU Toolchain arm-none-eabi/14.2 rel1/bin/../lib/gcc/arm-none-eabi/14.2.1/thumb/v7e-m+fp/hard\libm.a(libm_a-sf_atan.o)
                0x08004b5c                atanf
 .text.__ieee754_sqrtf
                0x08004d00        0x8 C:/Program Files (x86)/Arm GNU Toolchain arm-none-eabi/14.2 rel1/bin/../lib/gcc/arm-none-eabi/14.2.1/thumb/v7e-m+fp/hard\libm.a(libm_a-ef_sqrt.o)
                0x08004d00                __ieee754_sqrtf
 .text.__udivmoddi4
                0x08004d08      0x2f8 C:/Program Files (x86)/Arm GNU Toolchain arm-none-eabi/14.2 rel1/bin/../lib/gcc/arm-none-eabi/14.2.1/thumb/v7e-m+fp/hard\libgcc.a(_udivmoddi4.o)
                0x08004d08                __udivmoddi4
 *(.glue_7)
 .glue_7        0x08005000        0x0 linker stubs
 *(.glue_7t)
 .glue_7t       0x08005000        0x0 linker stubs
 *(.eh_frame)
 .eh_frame      0x08005000        0x0 C:/Program Files (x86)/Arm GNU Toolchain arm-none-eabi/14.2 rel1/bin/../lib/gcc/arm-none-eabi/14.2.1/thumb/v7e-m+fp/hard/crtbegin.o
 *(.init)
 .init          0x08005000        0x4 C:/Program Files (x86)/Arm GNU Toolchain arm-none-eabi/14.2 rel1/bin/../lib/gcc/arm-none-eabi/14.2.1/thumb/v7e-m+fp/hard/crti.o
                0x08005000                _init
 .init          0x08005004        0x8 C:/Program Files (x86)/Arm GNU Toolchain arm-none-eabi/14.2 rel1/bin/../lib/gcc/arm-none-eabi/14.2.1/thumb/v7e-m+fp/hard/crtn.o
 *(.fini)
 .fini          0x0800500c        0x4 C:/Program Files (x86)/Arm GNU Toolchain arm-none-eabi/14.2 rel1/bin/../lib/gcc/arm-none-eabi/14.2.1/thumb/v7e-m+fp/hard/crti.o
                0x0800500c                _fini
 .fini          0x08005010        0x8 C:/Program Files (x86)/Arm GNU Toolchain arm-none-eabi/14.2 rel1/bin/../lib/gcc/arm-none-eabi/14.2.1/thumb/v7e-m+fp/hard/crtn.o
                0x08005018                        . = ALIGN (0x4)
                0x08005018                        _etext = .

.vfp11_veneer   0x08005018        0x0
 .vfp11_veneer  0x08005018        0x0 linker stubs

.v4_bx          0x08005018        0x0
 .v4_bx         0x08005018        0x0 linker stubs

.iplt           0x08005018        0x0
 .iplt          0x08005018        0x0 C:/Program Files (x86)/Arm GNU Toolchain arm-none-eabi/14.2 rel1/bin/../lib/gcc/arm-none-eabi/14.2.1/thumb/v7e-m+fp/hard/crtbegin.o

.rodata         0x08005018       0x5c
                0x08005018                        . = ALIGN (0x4)
 *(.rodata)
 *(.rodata*)
 .rodata.APBPrescTable
                0x08005018        0x8 build/system_stm32f4xx.o
                0x08005018                APBPrescTable
 .rodata.AHBPrescTable
                0x08005020       0x10 build/system_stm32f4xx.o
                0x08005020                AHBPrescTable
 .rodata.nrf24l01_check.str1.4
                0x08005030        0x9 build/nrf24l01.o
                                  0x6 (size before relaxing)
 .rodata.asinf.str1.4
                0x08005039        0x1 C:/Program Files (x86)/Arm GNU Toolchain arm-none-eabi/14.2 rel1/bin/../lib/gcc/arm-none-eabi/14.2.1/thumb/v7e-m+fp/hard\libm.a(libm_a-wf_asin.o)
 *fill*         0x08005039        0x3 
 .rodata.CSWTCH.9
                0x0800503c        0xc C:/Program Files (x86)/Arm GNU Toolchain arm-none-eabi/14.2 rel1/bin/../lib/gcc/arm-none-eabi/14.2.1/thumb/v7e-m+fp/hard\libm.a(libm_a-ef_atan2.o)
 .rodata.CSWTCH.8
                0x08005048        0xc C:/Program Files (x86)/Arm GNU Toolchain arm-none-eabi/14.2 rel1/bin/../lib/gcc/arm-none-eabi/14.2.1/thumb/v7e-m+fp/hard\libm.a(libm_a-ef_atan2.o)
 .rodata.atanlo
                0x08005054       0x10 C:/Program Files (x86)/Arm GNU Toolchain arm-none-eabi/14.2 rel1/bin/../lib/gcc/arm-none-eabi/14.2.1/thumb/v7e-m+fp/hard\libm.a(libm_a-sf_atan.o)
 .rodata.atanhi
                0x08005064       0x10 C:/Program Files (x86)/Arm GNU Toolchain arm-none-eabi/14.2 rel1/bin/../lib/gcc/arm-none-eabi/14.2.1/thumb/v7e-m+fp/hard\libm.a(libm_a-sf_atan.o)
                0x08005074                        . = ALIGN (0x4)

.ARM.extab      0x08005074        0x0
                0x08005074                        . = ALIGN (0x4)
 *(.ARM.extab* .gnu.linkonce.armextab.*)
                0x08005074                        . = ALIGN (0x4)

.ARM            0x08005074        0x8
                0x08005074                        . = ALIGN (0x4)
                0x08005074                        __exidx_start = .
 *(.ARM.exidx*)
 .ARM.exidx.text.__udivmoddi4
                0x08005074        0x8 C:/Program Files (x86)/Arm GNU Toolchain arm-none-eabi/14.2 rel1/bin/../lib/gcc/arm-none-eabi/14.2.1/thumb/v7e-m+fp/hard\libgcc.a(_udivmoddi4.o)
                0x0800507c                        __exidx_end = .
                0x0800507c                        . = ALIGN (0x4)

.rel.dyn        0x0800507c        0x0
 .rel.iplt      0x0800507c        0x0 C:/Program Files (x86)/Arm GNU Toolchain arm-none-eabi/14.2 rel1/bin/../lib/gcc/arm-none-eabi/14.2.1/thumb/v7e-m+fp/hard/crtbegin.o

.preinit_array  0x0800507c        0x0
                0x0800507c                        . = ALIGN (0x4)
                0x0800507c                        PROVIDE (__preinit_array_start = .)
 *(.preinit_array*)
                0x0800507c                        PROVIDE (__preinit_array_end = .)
                0x0800507c                        . = ALIGN (0x4)

.init_array     0x0800507c        0x4
                0x0800507c                        . = ALIGN (0x4)
                0x0800507c                        PROVIDE (__init_array_start = .)
 *(SORT_BY_NAME(.init_array.*))
 *(.init_array*)
 .init_array    0x0800507c        0x4 C:/Program Files (x86)/Arm GNU Toolchain arm-none-eabi/14.2 rel1/bin/../lib/gcc/arm-none-eabi/14.2.1/thumb/v7e-m+fp/hard/crtbegin.o
                0x08005080                        PROVIDE (__init_array_end = .)
                0x08005080                        . = ALIGN (0x4)

.fini_array     0x08005080        0x4
                0x08005080                        . = ALIGN (0x4)
                [!provide]                        PROVIDE (__fini_array_start = .)
 *(SORT_BY_NAME(.fini_array.*))
 *(.fini_array*)
 .fini_array    0x08005080        0x4 C:/Program Files (x86)/Arm GNU Toolchain arm-none-eabi/14.2 rel1/bin/../lib/gcc/arm-none-eabi/14.2.1/thumb/v7e-m+fp/hard/crtbegin.o
                [!provide]                        PROVIDE (__fini_array_end = .)
                0x08005084                        . = ALIGN (0x4)
                0x08005084                        _sidata = LOADADDR (.data)

.data           0x20000000       0x70 load address 0x08005084
                0x20000000                        . = ALIGN (0x4)
                0x20000000                        _sdata = .
 *(.data)
 *(.data*)
 .data.uwTickFreq
                0x20000000        0x1 build/stm32f4xx_hal.o
                0x20000000                uwTickFreq
 *fill*         0x20000001        0x3 
 .data.uwTickPrio
                0x20000004        0x4 build/stm32f4xx_hal.o
                0x20000004                uwTickPrio
 .data.SystemCoreClock
                0x20000008        0x4 build/system_stm32f4xx.o
                0x20000008                SystemCoreClock
 .data.q0       0x2000000c        0x4 build/MahonyAHRS.o
                0x2000000c                q0
 .data.twoKi    0x20000010        0x4 build/MahonyAHRS.o
                0x20000010                twoKi
 .data.twoKp    0x20000014        0x4 build/MahonyAHRS.o
                0x20000014                twoKp
 .data.ADDR_AB  0x20000018        0x5 build/nrf24l01.o
                0x20000018                ADDR_AB
 *fill*         0x2000001d        0x3 
 .data._impure_ptr
                0x20000020        0x4 C:/Program Files (x86)/Arm GNU Toolchain arm-none-eabi/14.2 rel1/bin/../lib/gcc/arm-none-eabi/14.2.1/thumb/v7e-m+fp/hard\libc_nano.a(libc_a-impure.o)
                0x20000020                _impure_ptr
 .data._impure_data
                0x20000024       0x4c C:/Program Files (x86)/Arm GNU Toolchain arm-none-eabi/14.2 rel1/bin/../lib/gcc/arm-none-eabi/14.2.1/thumb/v7e-m+fp/hard\libc_nano.a(libc_a-impure.o)
                0x20000024                _impure_data
 *(.RamFunc)
 *(.RamFunc*)
                0x20000070                        . = ALIGN (0x4)
                0x20000070                        _edata = .
                0x080050f4                        _siccmram = LOADADDR (.ccmram)

.tm_clone_table
                0x20000070        0x0 load address 0x080050f4
 .tm_clone_table
                0x20000070        0x0 C:/Program Files (x86)/Arm GNU Toolchain arm-none-eabi/14.2 rel1/bin/../lib/gcc/arm-none-eabi/14.2.1/thumb/v7e-m+fp/hard/crtbegin.o
 .tm_clone_table
                0x20000070        0x0 C:/Program Files (x86)/Arm GNU Toolchain arm-none-eabi/14.2 rel1/bin/../lib/gcc/arm-none-eabi/14.2.1/thumb/v7e-m+fp/hard/crtend.o

.igot.plt       0x20000070        0x0 load address 0x080050f4
 .igot.plt      0x20000070        0x0 C:/Program Files (x86)/Arm GNU Toolchain arm-none-eabi/14.2 rel1/bin/../lib/gcc/arm-none-eabi/14.2.1/thumb/v7e-m+fp/hard/crtbegin.o

.ccmram         0x10000000        0x0 load address 0x080050f4
                0x10000000                        . = ALIGN (0x4)
                0x10000000                        _sccmram = .
 *(.ccmram)
 *(.ccmram*)
                0x10000000                        . = ALIGN (0x4)
                0x10000000                        _eccmram = .
                0x10000000                        . = ALIGN (0x4)

.bss            0x20000070      0x734
                0x20000070                        _sbss = .
                0x20000070                        __bss_start__ = _sbss
 *(.bss)
 *(.bss*)
 .bss.completed.1
                0x20000070        0x1 C:/Program Files (x86)/Arm GNU Toolchain arm-none-eabi/14.2 rel1/bin/../lib/gcc/arm-none-eabi/14.2.1/thumb/v7e-m+fp/hard/crtbegin.o
 *fill*         0x20000071        0x3 
 .bss.object.0  0x20000074       0x18 C:/Program Files (x86)/Arm GNU Toolchain arm-none-eabi/14.2 rel1/bin/../lib/gcc/arm-none-eabi/14.2.1/thumb/v7e-m+fp/hard/crtbegin.o
 .bss.last_tick.0
                0x2000008c        0x4 build/main.o
 .bss.g_yaw     0x20000090        0x4 build/main.o
                0x20000090                g_yaw
 .bss.g_pitch   0x20000094        0x4 build/main.o
                0x20000094                g_pitch
 .bss.g_roll    0x20000098        0x4 build/main.o
                0x20000098                g_roll
 .bss.s_led_off_tick
                0x2000009c        0x4 build/main.o
                0x2000009c                s_led_off_tick
 .bss.s_tx_len  0x200000a0        0x1 build/main.o
                0x200000a0                s_tx_len
 *fill*         0x200000a1        0x3 
 .bss.s_tx_buf  0x200000a4       0x23 build/main.o
                0x200000a4                s_tx_buf
 *fill*         0x200000c7        0x1 
 .bss.s_tx_pkt  0x200000c8       0x20 build/main.o
                0x200000c8                s_tx_pkt
 .bss.s_rx_pkt  0x200000e8       0x10 build/main.o
                0x200000e8                s_rx_pkt
 .bss.hspi2     0x200000f8       0x58 build/spi.o
                0x200000f8                hspi2
 .bss.htim8     0x20000150       0x48 build/tim.o
                0x20000150                htim8
 .bss.htim4     0x20000198       0x48 build/tim.o
                0x20000198                htim4
 .bss.htim3     0x200001e0       0x48 build/tim.o
                0x200001e0                htim3
 .bss.htim2     0x20000228       0x48 build/tim.o
                0x20000228                htim2
 .bss.htim1     0x20000270       0x48 build/tim.o
                0x20000270                htim1
 .bss.huart3    0x200002b8       0x48 build/usart.o
                0x200002b8                huart3
 .bss.nrf_task_flag
                0x20000300        0x1 build/stm32f4xx_it.o
                0x20000300                nrf_task_flag
 *fill*         0x20000301        0x1 
 .bss.nrf_Counter
                0x20000302        0x2 build/stm32f4xx_it.o
                0x20000302                nrf_Counter
 .bss.tim8_counter
                0x20000304        0x4 build/stm32f4xx_it.o
                0x20000304                tim8_counter
 .bss.s_tim8_encoder_counter
                0x20000308        0x1 build/stm32f4xx_it.o
 *fill*         0x20000309        0x1 
 .bss.s_tim8_divider
                0x2000030a        0x2 build/stm32f4xx_it.o
 .bss.s_uart_rx_rb
                0x2000030c      0x104 build/stm32f4xx_it.o
 .bss.htim7     0x20000410       0x48 build/stm32f4xx_hal_timebase_tim.o
                0x20000410                htim7
 .bss.uwTick    0x20000458        0x4 build/stm32f4xx_hal.o
                0x20000458                uwTick
 .bss.hi2c2     0x2000045c       0x54 build/i2c.o
                0x2000045c                hi2c2
 .bss.integralFBz
                0x200004b0        0x4 build/MahonyAHRS.o
                0x200004b0                integralFBz
 .bss.integralFBy
                0x200004b4        0x4 build/MahonyAHRS.o
                0x200004b4                integralFBy
 .bss.integralFBx
                0x200004b8        0x4 build/MahonyAHRS.o
                0x200004b8                integralFBx
 .bss.q3        0x200004bc        0x4 build/MahonyAHRS.o
                0x200004bc                q3
 .bss.q2        0x200004c0        0x4 build/MahonyAHRS.o
                0x200004c0                q2
 .bss.q1        0x200004c4        0x4 build/MahonyAHRS.o
                0x200004c4                q1
 .bss.last_tx_tick.0
                0x200004c8        0x4 build/bt_proto.o
 .bss.s_checksum
                0x200004cc        0x1 build/bt_proto.o
 .bss.s_data_idx
                0x200004cd        0x1 build/bt_proto.o
 *fill*         0x200004ce        0x2 
 .bss.s_data_buf
                0x200004d0       0x10 build/bt_proto.o
 .bss.s_state   0x200004e0        0x1 build/bt_proto.o
 *fill*         0x200004e1        0x3 
 .bss.g_motors  0x200004e4       0x60 build/motor.o
                0x200004e4                g_motors
 .bss.s_filtered.0
                0x20000544       0x10 build/speed_ctrl.o
 .bss.last_count.1
                0x20000554       0x10 build/speed_ctrl.o
 .bss.g_speed_ctrl_flag
                0x20000564        0x1 build/speed_ctrl.o
                0x20000564                g_speed_ctrl_flag
 *fill*         0x20000565        0x3 
 .bss.s_pids    0x20000568       0xc0 build/speed_ctrl.o
 .bss.g_encoders
                0x20000628       0x40 build/speed_ctrl.o
                0x20000628                g_encoders
 .bss.encoderr_value
                0x20000668        0x1 build/nrf24l01.o
                0x20000668                encoderr_value
 .bss.encoderl_value
                0x20000669        0x1 build/nrf24l01.o
                0x20000669                encoderl_value
 *fill*         0x2000066a        0x2 
 .bss.__sf      0x2000066c      0x138 C:/Program Files (x86)/Arm GNU Toolchain arm-none-eabi/14.2 rel1/bin/../lib/gcc/arm-none-eabi/14.2.1/thumb/v7e-m+fp/hard\libc_nano.a(libc_a-findfp.o)
                0x2000066c                __sf
 *(COMMON)
                0x200007a4                        . = ALIGN (0x4)
                0x200007a4                        _ebss = .
                0x200007a4                        __bss_end__ = _ebss

._user_heap_stack
                0x200007a4      0x604
                0x200007a8                        . = ALIGN (0x8)
 *fill*         0x200007a4        0x4 
                [!provide]                        PROVIDE (end = .)
                0x200007a8                        PROVIDE (_end = .)
                0x200009a8                        . = (. + _Min_Heap_Size)
 *fill*         0x200007a8      0x200 
                0x20000da8                        . = (. + _Min_Stack_Size)
 *fill*         0x200009a8      0x400 
                0x20000da8                        . = ALIGN (0x8)

/DISCARD/
 libc.a(*)
 libm.a(*)
 libgcc.a(*)
OUTPUT(build/F407_A.elf elf32-littlearm)
LOAD linker stubs
LOAD C:/Program Files (x86)/Arm GNU Toolchain arm-none-eabi/14.2 rel1/bin/../lib/gcc/arm-none-eabi/14.2.1/thumb/v7e-m+fp/hard\libc.a
LOAD C:/Program Files (x86)/Arm GNU Toolchain arm-none-eabi/14.2 rel1/bin/../lib/gcc/arm-none-eabi/14.2.1/thumb/v7e-m+fp/hard\libm.a
LOAD C:/Program Files (x86)/Arm GNU Toolchain arm-none-eabi/14.2 rel1/bin/../lib/gcc/arm-none-eabi/14.2.1/thumb/v7e-m+fp/hard\libgcc.a

.ARM.attributes
                0x00000000       0x30
 .ARM.attributes
                0x00000000       0x22 C:/Program Files (x86)/Arm GNU Toolchain arm-none-eabi/14.2 rel1/bin/../lib/gcc/arm-none-eabi/14.2.1/thumb/v7e-m+fp/hard/crti.o
 .ARM.attributes
                0x00000022       0x34 C:/Program Files (x86)/Arm GNU Toolchain arm-none-eabi/14.2 rel1/bin/../lib/gcc/arm-none-eabi/14.2.1/thumb/v7e-m+fp/hard/crtbegin.o
 .ARM.attributes
                0x00000056       0x34 build/main.o
 .ARM.attributes
                0x0000008a       0x34 build/gpio.o
 .ARM.attributes
                0x000000be       0x34 build/spi.o
 .ARM.attributes
                0x000000f2       0x34 build/tim.o
 .ARM.attributes
                0x00000126       0x34 build/usart.o
 .ARM.attributes
                0x0000015a       0x34 build/stm32f4xx_it.o
 .ARM.attributes
                0x0000018e       0x34 build/stm32f4xx_hal_msp.o
 .ARM.attributes
                0x000001c2       0x34 build/stm32f4xx_hal_timebase_tim.o
 .ARM.attributes
                0x000001f6       0x34 build/stm32f4xx_hal_tim.o
 .ARM.attributes
                0x0000022a       0x34 build/stm32f4xx_hal_tim_ex.o
 .ARM.attributes
                0x0000025e       0x34 build/stm32f4xx_hal_spi.o
 .ARM.attributes
                0x00000292       0x34 build/stm32f4xx_hal_rcc.o
 .ARM.attributes
                0x000002c6       0x34 build/stm32f4xx_hal_gpio.o
 .ARM.attributes
                0x000002fa       0x34 build/stm32f4xx_hal_dma.o
 .ARM.attributes
                0x0000032e       0x34 build/stm32f4xx_hal_cortex.o
 .ARM.attributes
                0x00000362       0x34 build/stm32f4xx_hal.o
 .ARM.attributes
                0x00000396       0x34 build/stm32f4xx_hal_uart.o
 .ARM.attributes
                0x000003ca       0x34 build/system_stm32f4xx.o
 .ARM.attributes
                0x000003fe       0x34 build/i2c.o
 .ARM.attributes
                0x00000432       0x34 build/MPU6050.o
 .ARM.attributes
                0x00000466       0x34 build/MahonyAHRS.o
 .ARM.attributes
                0x0000049a       0x34 build/bt_proto.o
 .ARM.attributes
                0x000004ce       0x34 build/encoder.o
 .ARM.attributes
                0x00000502       0x34 build/motor.o
 .ARM.attributes
                0x00000536       0x34 build/speed_ctrl.o
 .ARM.attributes
                0x0000056a       0x34 build/pid.o
 .ARM.attributes
                0x0000059e       0x34 build/ringbuf.o
 .ARM.attributes
                0x000005d2       0x34 build/nrf24l01.o
 .ARM.attributes
                0x00000606       0x34 build/stm32f4xx_hal_i2c.o
 .ARM.attributes
                0x0000063a       0x21 build/startup_stm32f407xx.o
 .ARM.attributes
                0x0000065b       0x34 C:/Program Files (x86)/Arm GNU Toolchain arm-none-eabi/14.2 rel1/bin/../lib/gcc/arm-none-eabi/14.2.1/thumb/v7e-m+fp/hard\libc_nano.a(libc_a-findfp.o)
 .ARM.attributes
                0x0000068f       0x34 C:/Program Files (x86)/Arm GNU Toolchain arm-none-eabi/14.2 rel1/bin/../lib/gcc/arm-none-eabi/14.2.1/thumb/v7e-m+fp/hard\libc_nano.a(libc_a-memset.o)
 .ARM.attributes
                0x000006c3       0x34 C:/Program Files (x86)/Arm GNU Toolchain arm-none-eabi/14.2 rel1/bin/../lib/gcc/arm-none-eabi/14.2.1/thumb/v7e-m+fp/hard\libc_nano.a(libc_a-impure.o)
 .ARM.attributes
                0x000006f7       0x34 C:/Program Files (x86)/Arm GNU Toolchain arm-none-eabi/14.2 rel1/bin/../lib/gcc/arm-none-eabi/14.2.1/thumb/v7e-m+fp/hard\libc_nano.a(libc_a-errno.o)
 .ARM.attributes
                0x0000072b       0x34 C:/Program Files (x86)/Arm GNU Toolchain arm-none-eabi/14.2 rel1/bin/../lib/gcc/arm-none-eabi/14.2.1/thumb/v7e-m+fp/hard\libc_nano.a(libc_a-init.o)
 .ARM.attributes
                0x0000075f       0x34 C:/Program Files (x86)/Arm GNU Toolchain arm-none-eabi/14.2 rel1/bin/../lib/gcc/arm-none-eabi/14.2.1/thumb/v7e-m+fp/hard\libm.a(libm_a-wf_asin.o)
 .ARM.attributes
                0x00000793       0x34 C:/Program Files (x86)/Arm GNU Toolchain arm-none-eabi/14.2 rel1/bin/../lib/gcc/arm-none-eabi/14.2.1/thumb/v7e-m+fp/hard\libm.a(libm_a-wf_atan2.o)
 .ARM.attributes
                0x000007c7       0x34 C:/Program Files (x86)/Arm GNU Toolchain arm-none-eabi/14.2 rel1/bin/../lib/gcc/arm-none-eabi/14.2.1/thumb/v7e-m+fp/hard\libm.a(libm_a-sf_fabs.o)
 .ARM.attributes
                0x000007fb       0x34 C:/Program Files (x86)/Arm GNU Toolchain arm-none-eabi/14.2 rel1/bin/../lib/gcc/arm-none-eabi/14.2.1/thumb/v7e-m+fp/hard\libm.a(libm_a-sf_nan.o)
 .ARM.attributes
                0x0000082f       0x34 C:/Program Files (x86)/Arm GNU Toolchain arm-none-eabi/14.2 rel1/bin/../lib/gcc/arm-none-eabi/14.2.1/thumb/v7e-m+fp/hard\libm.a(libm_a-ef_asin.o)
 .ARM.attributes
                0x00000863       0x34 C:/Program Files (x86)/Arm GNU Toolchain arm-none-eabi/14.2 rel1/bin/../lib/gcc/arm-none-eabi/14.2.1/thumb/v7e-m+fp/hard\libm.a(libm_a-ef_atan2.o)
 .ARM.attributes
                0x00000897       0x34 C:/Program Files (x86)/Arm GNU Toolchain arm-none-eabi/14.2 rel1/bin/../lib/gcc/arm-none-eabi/14.2.1/thumb/v7e-m+fp/hard\libm.a(libm_a-sf_atan.o)
 .ARM.attributes
                0x000008cb       0x34 C:/Program Files (x86)/Arm GNU Toolchain arm-none-eabi/14.2 rel1/bin/../lib/gcc/arm-none-eabi/14.2.1/thumb/v7e-m+fp/hard\libm.a(libm_a-ef_sqrt.o)
 .ARM.attributes
                0x000008ff       0x22 C:/Program Files (x86)/Arm GNU Toolchain arm-none-eabi/14.2 rel1/bin/../lib/gcc/arm-none-eabi/14.2.1/thumb/v7e-m+fp/hard\libgcc.a(_aeabi_uldivmod.o)
 .ARM.attributes
                0x00000921       0x34 C:/Program Files (x86)/Arm GNU Toolchain arm-none-eabi/14.2 rel1/bin/../lib/gcc/arm-none-eabi/14.2.1/thumb/v7e-m+fp/hard\libgcc.a(_udivmoddi4.o)
 .ARM.attributes
                0x00000955       0x22 C:/Program Files (x86)/Arm GNU Toolchain arm-none-eabi/14.2 rel1/bin/../lib/gcc/arm-none-eabi/14.2.1/thumb/v7e-m+fp/hard\libgcc.a(_dvmd_tls.o)
 .ARM.attributes
                0x00000977       0x34 C:/Program Files (x86)/Arm GNU Toolchain arm-none-eabi/14.2 rel1/bin/../lib/gcc/arm-none-eabi/14.2.1/thumb/v7e-m+fp/hard/crtend.o
 .ARM.attributes
                0x000009ab       0x22 C:/Program Files (x86)/Arm GNU Toolchain arm-none-eabi/14.2 rel1/bin/../lib/gcc/arm-none-eabi/14.2.1/thumb/v7e-m+fp/hard/crtn.o

.comment        0x00000000       0x45
 .comment       0x00000000       0x45 build/main.o
                                 0x46 (size before relaxing)
 .comment       0x00000045       0x46 build/gpio.o
 .comment       0x00000045       0x46 build/spi.o
 .comment       0x00000045       0x46 build/tim.o
 .comment       0x00000045       0x46 build/usart.o
 .comment       0x00000045       0x46 build/stm32f4xx_it.o
 .comment       0x00000045       0x46 build/stm32f4xx_hal_msp.o
 .comment       0x00000045       0x46 build/stm32f4xx_hal_timebase_tim.o
 .comment       0x00000045       0x46 build/stm32f4xx_hal_tim.o
 .comment       0x00000045       0x46 build/stm32f4xx_hal_tim_ex.o
 .comment       0x00000045       0x46 build/stm32f4xx_hal_spi.o
 .comment       0x00000045       0x46 build/stm32f4xx_hal_rcc.o
 .comment       0x00000045       0x46 build/stm32f4xx_hal_gpio.o
 .comment       0x00000045       0x46 build/stm32f4xx_hal_dma.o
 .comment       0x00000045       0x46 build/stm32f4xx_hal_cortex.o
 .comment       0x00000045       0x46 build/stm32f4xx_hal.o
 .comment       0x00000045       0x46 build/stm32f4xx_hal_uart.o
 .comment       0x00000045       0x46 build/system_stm32f4xx.o
 .comment       0x00000045       0x46 build/i2c.o
 .comment       0x00000045       0x46 build/MPU6050.o
 .comment       0x00000045       0x46 build/MahonyAHRS.o
 .comment       0x00000045       0x46 build/bt_proto.o
 .comment       0x00000045       0x46 build/encoder.o
 .comment       0x00000045       0x46 build/motor.o
 .comment       0x00000045       0x46 build/speed_ctrl.o
 .comment       0x00000045       0x46 build/pid.o
 .comment       0x00000045       0x46 build/ringbuf.o
 .comment       0x00000045       0x46 build/nrf24l01.o
 .comment       0x00000045       0x46 build/stm32f4xx_hal_i2c.o

.debug_info     0x00000000    0x21d05
 .debug_info    0x00000000     0x1445 build/main.o
 .debug_info    0x00001445      0x5e5 build/gpio.o
 .debug_info    0x00001a2a      0xb5e build/spi.o
 .debug_info    0x00002588     0x1832 build/tim.o
 .debug_info    0x00003dba      0xde0 build/usart.o
 .debug_info    0x00004b9a      0xce0 build/stm32f4xx_it.o
 .debug_info    0x0000587a      0x2f2 build/stm32f4xx_hal_msp.o
 .debug_info    0x00005b6c      0xde4 build/stm32f4xx_hal_timebase_tim.o
 .debug_info    0x00006950     0x41a0 build/stm32f4xx_hal_tim.o
 .debug_info    0x0000aaf0     0x1d97 build/stm32f4xx_hal_tim_ex.o
 .debug_info    0x0000c887     0x1f80 build/stm32f4xx_hal_spi.o
 .debug_info    0x0000e807      0xc20 build/stm32f4xx_hal_rcc.o
 .debug_info    0x0000f427      0x848 build/stm32f4xx_hal_gpio.o
 .debug_info    0x0000fc6f      0xbce build/stm32f4xx_hal_dma.o
 .debug_info    0x0001083d     0x11e0 build/stm32f4xx_hal_cortex.o
 .debug_info    0x00011a1d      0xafa build/stm32f4xx_hal.o
 .debug_info    0x00012517     0x43b5 build/stm32f4xx_hal_uart.o
 .debug_info    0x000168cc      0x5b3 build/system_stm32f4xx.o
 .debug_info    0x00016e7f      0xb8b build/i2c.o
 .debug_info    0x00017a0a      0xaba build/MPU6050.o
 .debug_info    0x000184c4      0x85c build/MahonyAHRS.o
 .debug_info    0x00018d20      0xfc7 build/bt_proto.o
 .debug_info    0x00019ce7      0x8d3 build/encoder.o
 .debug_info    0x0001a5ba      0xb44 build/motor.o
 .debug_info    0x0001b0fe      0xecc build/speed_ctrl.o
 .debug_info    0x0001bfca      0x332 build/pid.o
 .debug_info    0x0001c2fc      0x220 build/ringbuf.o
 .debug_info    0x0001c51c     0x1ba9 build/nrf24l01.o
 .debug_info    0x0001e0c5     0x3c10 build/stm32f4xx_hal_i2c.o
 .debug_info    0x00021cd5       0x30 build/startup_stm32f407xx.o

.debug_abbrev   0x00000000     0x43c5
 .debug_abbrev  0x00000000      0x31e build/main.o
 .debug_abbrev  0x0000031e      0x160 build/gpio.o
 .debug_abbrev  0x0000047e      0x20f build/spi.o
 .debug_abbrev  0x0000068d      0x265 build/tim.o
 .debug_abbrev  0x000008f2      0x22d build/usart.o
 .debug_abbrev  0x00000b1f      0x278 build/stm32f4xx_it.o
 .debug_abbrev  0x00000d97       0xd3 build/stm32f4xx_hal_msp.o
 .debug_abbrev  0x00000e6a      0x22d build/stm32f4xx_hal_timebase_tim.o
 .debug_abbrev  0x00001097      0x2bd build/stm32f4xx_hal_tim.o
 .debug_abbrev  0x00001354      0x2b7 build/stm32f4xx_hal_tim_ex.o
 .debug_abbrev  0x0000160b      0x2be build/stm32f4xx_hal_spi.o
 .debug_abbrev  0x000018c9      0x2de build/stm32f4xx_hal_rcc.o
 .debug_abbrev  0x00001ba7      0x22b build/stm32f4xx_hal_gpio.o
 .debug_abbrev  0x00001dd2      0x2fe build/stm32f4xx_hal_dma.o
 .debug_abbrev  0x000020d0      0x3ca build/stm32f4xx_hal_cortex.o
 .debug_abbrev  0x0000249a      0x244 build/stm32f4xx_hal.o
 .debug_abbrev  0x000026de      0x366 build/stm32f4xx_hal_uart.o
 .debug_abbrev  0x00002a44      0x11b build/system_stm32f4xx.o
 .debug_abbrev  0x00002b5f      0x208 build/i2c.o
 .debug_abbrev  0x00002d67      0x1db build/MPU6050.o
 .debug_abbrev  0x00002f42      0x1ba build/MahonyAHRS.o
 .debug_abbrev  0x000030fc      0x2a3 build/bt_proto.o
 .debug_abbrev  0x0000339f      0x1f7 build/encoder.o
 .debug_abbrev  0x00003596      0x217 build/motor.o
 .debug_abbrev  0x000037ad      0x286 build/speed_ctrl.o
 .debug_abbrev  0x00003a33      0x189 build/pid.o
 .debug_abbrev  0x00003bbc      0x12c build/ringbuf.o
 .debug_abbrev  0x00003ce8      0x398 build/nrf24l01.o
 .debug_abbrev  0x00004080      0x328 build/stm32f4xx_hal_i2c.o
 .debug_abbrev  0x000043a8       0x1d build/startup_stm32f407xx.o

.debug_loc      0x00000000    0x1a705
 .debug_loc     0x00000000      0x249 build/main.o
 .debug_loc     0x00000249       0x39 build/gpio.o
 .debug_loc     0x00000282      0x120 build/spi.o
 .debug_loc     0x000003a2      0x48d build/tim.o
 .debug_loc     0x0000082f      0x120 build/usart.o
 .debug_loc     0x0000094f       0x75 build/stm32f4xx_it.o
 .debug_loc     0x000009c4       0x2c build/stm32f4xx_hal_msp.o
 .debug_loc     0x000009f0      0x150 build/stm32f4xx_hal_timebase_tim.o
 .debug_loc     0x00000b40     0x60a7 build/stm32f4xx_hal_tim.o
 .debug_loc     0x00006be7     0x2309 build/stm32f4xx_hal_tim_ex.o
 .debug_loc     0x00008ef0     0x2590 build/stm32f4xx_hal_spi.o
 .debug_loc     0x0000b480      0x712 build/stm32f4xx_hal_rcc.o
 .debug_loc     0x0000bb92      0x60b build/stm32f4xx_hal_gpio.o
 .debug_loc     0x0000c19d      0xe9a build/stm32f4xx_hal_dma.o
 .debug_loc     0x0000d037      0x8ff build/stm32f4xx_hal_cortex.o
 .debug_loc     0x0000d936      0x1f9 build/stm32f4xx_hal.o
 .debug_loc     0x0000db2f     0x507d build/stm32f4xx_hal_uart.o
 .debug_loc     0x00012bac       0xb0 build/system_stm32f4xx.o
 .debug_loc     0x00012c5c       0xfd build/i2c.o
 .debug_loc     0x00012d59      0x2f1 build/MPU6050.o
 .debug_loc     0x0001304a      0xe27 build/MahonyAHRS.o
 .debug_loc     0x00013e71      0x2e8 build/bt_proto.o
 .debug_loc     0x00014159       0xfd build/encoder.o
 .debug_loc     0x00014256      0x1b2 build/motor.o
 .debug_loc     0x00014408      0x2b8 build/speed_ctrl.o
 .debug_loc     0x000146c0      0x231 build/pid.o
 .debug_loc     0x000148f1       0xff build/ringbuf.o
 .debug_loc     0x000149f0      0x8bb build/nrf24l01.o
 .debug_loc     0x000152ab     0x545a build/stm32f4xx_hal_i2c.o

.debug_aranges  0x00000000     0x1428
 .debug_aranges
                0x00000000       0x40 build/main.o
 .debug_aranges
                0x00000040       0x20 build/gpio.o
 .debug_aranges
                0x00000060       0x30 build/spi.o
 .debug_aranges
                0x00000090       0x68 build/tim.o
 .debug_aranges
                0x000000f8       0x30 build/usart.o
 .debug_aranges
                0x00000128       0x80 build/stm32f4xx_it.o
 .debug_aranges
                0x000001a8       0x20 build/stm32f4xx_hal_msp.o
 .debug_aranges
                0x000001c8       0x30 build/stm32f4xx_hal_timebase_tim.o
 .debug_aranges
                0x000001f8      0x3d0 build/stm32f4xx_hal_tim.o
 .debug_aranges
                0x000005c8      0x168 build/stm32f4xx_hal_tim_ex.o
 .debug_aranges
                0x00000730      0x1d0 build/stm32f4xx_hal_spi.o
 .debug_aranges
                0x00000900       0x88 build/stm32f4xx_hal_rcc.o
 .debug_aranges
                0x00000988       0x58 build/stm32f4xx_hal_gpio.o
 .debug_aranges
                0x000009e0       0x90 build/stm32f4xx_hal_dma.o
 .debug_aranges
                0x00000a70       0xf8 build/stm32f4xx_hal_cortex.o
 .debug_aranges
                0x00000b68       0xf0 build/stm32f4xx_hal.o
 .debug_aranges
                0x00000c58      0x208 build/stm32f4xx_hal_uart.o
 .debug_aranges
                0x00000e60       0x28 build/system_stm32f4xx.o
 .debug_aranges
                0x00000e88       0x30 build/i2c.o
 .debug_aranges
                0x00000eb8       0x40 build/MPU6050.o
 .debug_aranges
                0x00000ef8       0x38 build/MahonyAHRS.o
 .debug_aranges
                0x00000f30       0x30 build/bt_proto.o
 .debug_aranges
                0x00000f60       0x38 build/encoder.o
 .debug_aranges
                0x00000f98       0x38 build/motor.o
 .debug_aranges
                0x00000fd0       0x50 build/speed_ctrl.o
 .debug_aranges
                0x00001020       0x40 build/pid.o
 .debug_aranges
                0x00001060       0x40 build/ringbuf.o
 .debug_aranges
                0x000010a0       0xb8 build/nrf24l01.o
 .debug_aranges
                0x00001158      0x2a8 build/stm32f4xx_hal_i2c.o
 .debug_aranges
                0x00001400       0x28 build/startup_stm32f407xx.o

.debug_ranges   0x00000000     0x12b0
 .debug_ranges  0x00000000       0x30 build/main.o
 .debug_ranges  0x00000030       0x10 build/gpio.o
 .debug_ranges  0x00000040       0x20 build/spi.o
 .debug_ranges  0x00000060       0x58 build/tim.o
 .debug_ranges  0x000000b8       0x20 build/usart.o
 .debug_ranges  0x000000d8       0x70 build/stm32f4xx_it.o
 .debug_ranges  0x00000148       0x10 build/stm32f4xx_hal_msp.o
 .debug_ranges  0x00000158       0x20 build/stm32f4xx_hal_timebase_tim.o
 .debug_ranges  0x00000178      0x3c0 build/stm32f4xx_hal_tim.o
 .debug_ranges  0x00000538      0x158 build/stm32f4xx_hal_tim_ex.o
 .debug_ranges  0x00000690      0x1c0 build/stm32f4xx_hal_spi.o
 .debug_ranges  0x00000850       0x90 build/stm32f4xx_hal_rcc.o
 .debug_ranges  0x000008e0       0x48 build/stm32f4xx_hal_gpio.o
 .debug_ranges  0x00000928       0x80 build/stm32f4xx_hal_dma.o
 .debug_ranges  0x000009a8       0xe8 build/stm32f4xx_hal_cortex.o
 .debug_ranges  0x00000a90       0xe0 build/stm32f4xx_hal.o
 .debug_ranges  0x00000b70      0x1f8 build/stm32f4xx_hal_uart.o
 .debug_ranges  0x00000d68       0x18 build/system_stm32f4xx.o
 .debug_ranges  0x00000d80       0x20 build/i2c.o
 .debug_ranges  0x00000da0       0x30 build/MPU6050.o
 .debug_ranges  0x00000dd0       0x28 build/MahonyAHRS.o
 .debug_ranges  0x00000df8       0x50 build/bt_proto.o
 .debug_ranges  0x00000e48       0x28 build/encoder.o
 .debug_ranges  0x00000e70       0x28 build/motor.o
 .debug_ranges  0x00000e98       0x40 build/speed_ctrl.o
 .debug_ranges  0x00000ed8       0x30 build/pid.o
 .debug_ranges  0x00000f08       0x30 build/ringbuf.o
 .debug_ranges  0x00000f38       0xa8 build/nrf24l01.o
 .debug_ranges  0x00000fe0      0x2b0 build/stm32f4xx_hal_i2c.o
 .debug_ranges  0x00001290       0x20 build/startup_stm32f407xx.o

.debug_line     0x00000000    0x1875e
 .debug_line    0x00000000      0x4df build/main.o
 .debug_line    0x000004df      0x241 build/gpio.o
 .debug_line    0x00000720      0x300 build/spi.o
 .debug_line    0x00000a20      0x852 build/tim.o
 .debug_line    0x00001272      0x306 build/usart.o
 .debug_line    0x00001578      0x3f8 build/stm32f4xx_it.o
 .debug_line    0x00001970      0x176 build/stm32f4xx_hal_msp.o
 .debug_line    0x00001ae6      0x309 build/stm32f4xx_hal_timebase_tim.o
 .debug_line    0x00001def     0x4735 build/stm32f4xx_hal_tim.o
 .debug_line    0x00006524     0x1a67 build/stm32f4xx_hal_tim_ex.o
 .debug_line    0x00007f8b     0x244d build/stm32f4xx_hal_spi.o
 .debug_line    0x0000a3d8      0xbea build/stm32f4xx_hal_rcc.o
 .debug_line    0x0000afc2      0x715 build/stm32f4xx_hal_gpio.o
 .debug_line    0x0000b6d7      0xe40 build/stm32f4xx_hal_dma.o
 .debug_line    0x0000c517      0x84a build/stm32f4xx_hal_cortex.o
 .debug_line    0x0000cd61      0x587 build/stm32f4xx_hal.o
 .debug_line    0x0000d2e8     0x351a build/stm32f4xx_hal_uart.o
 .debug_line    0x00010802      0x26d build/system_stm32f4xx.o
 .debug_line    0x00010a6f      0x2ea build/i2c.o
 .debug_line    0x00010d59      0x2f2 build/MPU6050.o
 .debug_line    0x0001104b      0x73f build/MahonyAHRS.o
 .debug_line    0x0001178a      0x484 build/bt_proto.o
 .debug_line    0x00011c0e      0x26a build/encoder.o
 .debug_line    0x00011e78      0x3d5 build/motor.o
 .debug_line    0x0001224d      0x395 build/speed_ctrl.o
 .debug_line    0x000125e2      0x2c2 build/pid.o
 .debug_line    0x000128a4      0x233 build/ringbuf.o
 .debug_line    0x00012ad7      0x81b build/nrf24l01.o
 .debug_line    0x000132f2     0x53f9 build/stm32f4xx_hal_i2c.o
 .debug_line    0x000186eb       0x73 build/startup_stm32f407xx.o

.debug_str      0x00000000     0x579a
 .debug_str     0x00000000     0x579a build/main.o
                                0xc65 (size before relaxing)
 .debug_str     0x0000579a      0x350 build/gpio.o
 .debug_str     0x0000579a      0x7dd build/spi.o
 .debug_str     0x0000579a     0x112b build/tim.o
 .debug_str     0x0000579a      0xd40 build/usart.o
 .debug_str     0x0000579a      0xa85 build/stm32f4xx_it.o
 .debug_str     0x0000579a      0x291 build/stm32f4xx_hal_msp.o
 .debug_str     0x0000579a      0xe3c build/stm32f4xx_hal_timebase_tim.o
 .debug_str     0x0000579a     0x16cf build/stm32f4xx_hal_tim.o
 .debug_str     0x0000579a      0xedb build/stm32f4xx_hal_tim_ex.o
 .debug_str     0x0000579a      0xbc4 build/stm32f4xx_hal_spi.o
 .debug_str     0x0000579a      0x6d6 build/stm32f4xx_hal_rcc.o
 .debug_str     0x0000579a      0x4b0 build/stm32f4xx_hal_gpio.o
 .debug_str     0x0000579a      0x746 build/stm32f4xx_hal_dma.o
 .debug_str     0x0000579a      0xc45 build/stm32f4xx_hal_cortex.o
 .debug_str     0x0000579a      0xb34 build/stm32f4xx_hal.o
 .debug_str     0x0000579a      0xd6b build/stm32f4xx_hal_uart.o
 .debug_str     0x0000579a      0x345 build/system_stm32f4xx.o
 .debug_str     0x0000579a      0x880 build/i2c.o
 .debug_str     0x0000579a      0x765 build/MPU6050.o
 .debug_str     0x0000579a      0x2ae build/MahonyAHRS.o
 .debug_str     0x0000579a      0xb68 build/bt_proto.o
 .debug_str     0x0000579a      0x777 build/encoder.o
 .debug_str     0x0000579a      0x7fe build/motor.o
 .debug_str     0x0000579a      0x925 build/speed_ctrl.o
 .debug_str     0x0000579a      0x20e build/pid.o
 .debug_str     0x0000579a      0x1e1 build/ringbuf.o
 .debug_str     0x0000579a      0xaaa build/nrf24l01.o
 .debug_str     0x0000579a     0x100d build/stm32f4xx_hal_i2c.o
 .debug_str     0x0000579a       0x52 build/startup_stm32f407xx.o

.debug_frame    0x00000000     0x3b4c
 .debug_frame   0x00000000       0x9c build/main.o
 .debug_frame   0x0000009c       0x38 build/gpio.o
 .debug_frame   0x000000d4       0x60 build/spi.o
 .debug_frame   0x00000134      0x140 build/tim.o
 .debug_frame   0x00000274       0x60 build/usart.o
 .debug_frame   0x000002d4       0xf8 build/stm32f4xx_it.o
 .debug_frame   0x000003cc       0x28 build/stm32f4xx_hal_msp.o
 .debug_frame   0x000003f4       0x54 build/stm32f4xx_hal_timebase_tim.o
 .debug_frame   0x00000448      0xb10 build/stm32f4xx_hal_tim.o
 .debug_frame   0x00000f58      0x418 build/stm32f4xx_hal_tim_ex.o
 .debug_frame   0x00001370      0x5b4 build/stm32f4xx_hal_spi.o
 .debug_frame   0x00001924      0x16c build/stm32f4xx_hal_rcc.o
 .debug_frame   0x00001a90       0xd8 build/stm32f4xx_hal_gpio.o
 .debug_frame   0x00001b68      0x188 build/stm32f4xx_hal_dma.o
 .debug_frame   0x00001cf0      0x214 build/stm32f4xx_hal_cortex.o
 .debug_frame   0x00001f04      0x1ec build/stm32f4xx_hal.o
 .debug_frame   0x000020f0      0x5e0 build/stm32f4xx_hal_uart.o
 .debug_frame   0x000026d0       0x30 build/system_stm32f4xx.o
 .debug_frame   0x00002700       0x64 build/i2c.o
 .debug_frame   0x00002764       0x98 build/MPU6050.o
 .debug_frame   0x000027fc      0x10c build/MahonyAHRS.o
 .debug_frame   0x00002908       0x54 build/bt_proto.o
 .debug_frame   0x0000295c       0x58 build/encoder.o
 .debug_frame   0x000029b4       0x7c build/motor.o
 .debug_frame   0x00002a30       0xcc build/speed_ctrl.o
 .debug_frame   0x00002afc       0x80 build/pid.o
 .debug_frame   0x00002b7c       0x60 build/ringbuf.o
 .debug_frame   0x00002bdc      0x230 build/nrf24l01.o
 .debug_frame   0x00002e0c      0x988 build/stm32f4xx_hal_i2c.o
 .debug_frame   0x00003794      0x144 C:/Program Files (x86)/Arm GNU Toolchain arm-none-eabi/14.2 rel1/bin/../lib/gcc/arm-none-eabi/14.2.1/thumb/v7e-m+fp/hard\libc_nano.a(libc_a-findfp.o)
 .debug_frame   0x000038d8       0x20 C:/Program Files (x86)/Arm GNU Toolchain arm-none-eabi/14.2 rel1/bin/../lib/gcc/arm-none-eabi/14.2.1/thumb/v7e-m+fp/hard\libc_nano.a(libc_a-memset.o)
 .debug_frame   0x000038f8       0x20 C:/Program Files (x86)/Arm GNU Toolchain arm-none-eabi/14.2 rel1/bin/../lib/gcc/arm-none-eabi/14.2.1/thumb/v7e-m+fp/hard\libc_nano.a(libc_a-errno.o)
 .debug_frame   0x00003918       0x2c C:/Program Files (x86)/Arm GNU Toolchain arm-none-eabi/14.2 rel1/bin/../lib/gcc/arm-none-eabi/14.2.1/thumb/v7e-m+fp/hard\libc_nano.a(libc_a-init.o)
 .debug_frame   0x00003944       0x48 C:/Program Files (x86)/Arm GNU Toolchain arm-none-eabi/14.2 rel1/bin/../lib/gcc/arm-none-eabi/14.2.1/thumb/v7e-m+fp/hard\libm.a(libm_a-wf_asin.o)
 .debug_frame   0x0000398c       0x20 C:/Program Files (x86)/Arm GNU Toolchain arm-none-eabi/14.2 rel1/bin/../lib/gcc/arm-none-eabi/14.2.1/thumb/v7e-m+fp/hard\libm.a(libm_a-wf_atan2.o)
 .debug_frame   0x000039ac       0x20 C:/Program Files (x86)/Arm GNU Toolchain arm-none-eabi/14.2 rel1/bin/../lib/gcc/arm-none-eabi/14.2.1/thumb/v7e-m+fp/hard\libm.a(libm_a-sf_fabs.o)
 .debug_frame   0x000039cc       0x20 C:/Program Files (x86)/Arm GNU Toolchain arm-none-eabi/14.2 rel1/bin/../lib/gcc/arm-none-eabi/14.2.1/thumb/v7e-m+fp/hard\libm.a(libm_a-sf_nan.o)
 .debug_frame   0x000039ec       0x70 C:/Program Files (x86)/Arm GNU Toolchain arm-none-eabi/14.2 rel1/bin/../lib/gcc/arm-none-eabi/14.2.1/thumb/v7e-m+fp/hard\libm.a(libm_a-ef_asin.o)
 .debug_frame   0x00003a5c       0x44 C:/Program Files (x86)/Arm GNU Toolchain arm-none-eabi/14.2 rel1/bin/../lib/gcc/arm-none-eabi/14.2.1/thumb/v7e-m+fp/hard\libm.a(libm_a-ef_atan2.o)
 .debug_frame   0x00003aa0       0x2c C:/Program Files (x86)/Arm GNU Toolchain arm-none-eabi/14.2 rel1/bin/../lib/gcc/arm-none-eabi/14.2.1/thumb/v7e-m+fp/hard\libm.a(libm_a-sf_atan.o)
 .debug_frame   0x00003acc       0x20 C:/Program Files (x86)/Arm GNU Toolchain arm-none-eabi/14.2 rel1/bin/../lib/gcc/arm-none-eabi/14.2.1/thumb/v7e-m+fp/hard\libm.a(libm_a-ef_sqrt.o)
 .debug_frame   0x00003aec       0x2c C:/Program Files (x86)/Arm GNU Toolchain arm-none-eabi/14.2 rel1/bin/../lib/gcc/arm-none-eabi/14.2.1/thumb/v7e-m+fp/hard\libgcc.a(_aeabi_uldivmod.o)
 .debug_frame   0x00003b18       0x34 C:/Program Files (x86)/Arm GNU Toolchain arm-none-eabi/14.2 rel1/bin/../lib/gcc/arm-none-eabi/14.2.1/thumb/v7e-m+fp/hard\libgcc.a(_udivmoddi4.o)

.debug_line_str
                0x00000000       0xd5
 .debug_line_str
                0x00000000       0xd5 C:/Program Files (x86)/Arm GNU Toolchain arm-none-eabi/14.2 rel1/bin/../lib/gcc/arm-none-eabi/14.2.1/thumb/v7e-m+fp/hard\libgcc.a(_aeabi_uldivmod.o)
                                 0xc9 (size before relaxing)
 .debug_line_str
                0x000000d5       0xcd C:/Program Files (x86)/Arm GNU Toolchain arm-none-eabi/14.2 rel1/bin/../lib/gcc/arm-none-eabi/14.2.1/thumb/v7e-m+fp/hard\libgcc.a(_dvmd_tls.o)

Cross Reference Table

Symbol                                            File
ADC_IRQHandler                                    build/startup_stm32f407xx.o
ADDR_AB                                           build/nrf24l01.o
ADDR_BC                                           build/nrf24l01.o
AHBPrescTable                                     build/system_stm32f4xx.o
                                                  build/stm32f4xx_hal_rcc.o
APBPrescTable                                     build/system_stm32f4xx.o
                                                  build/stm32f4xx_hal_rcc.o
BT_Pack_Tx                                        build/bt_proto.o
BT_Parse_Byte                                     build/bt_proto.o
B_nrf24l01_switch_rx_from_A                       build/nrf24l01.o
B_nrf24l01_switch_tx_to_C                         build/nrf24l01.o
B_receive_from_host                               build/nrf24l01.o
BusFault_Handler                                  build/stm32f4xx_it.o
CAN1_RX0_IRQHandler                               build/startup_stm32f407xx.o
CAN1_RX1_IRQHandler                               build/startup_stm32f407xx.o
CAN1_SCE_IRQHandler                               build/startup_stm32f407xx.o
CAN1_TX_IRQHandler                                build/startup_stm32f407xx.o
CAN2_RX0_IRQHandler                               build/startup_stm32f407xx.o
CAN2_RX1_IRQHandler                               build/startup_stm32f407xx.o
CAN2_SCE_IRQHandler                               build/startup_stm32f407xx.o
CAN2_TX_IRQHandler                                build/startup_stm32f407xx.o
DCMI_IRQHandler                                   build/startup_stm32f407xx.o
DMA1_Stream0_IRQHandler                           build/startup_stm32f407xx.o
DMA1_Stream1_IRQHandler                           build/startup_stm32f407xx.o
DMA1_Stream2_IRQHandler                           build/startup_stm32f407xx.o
DMA1_Stream3_IRQHandler                           build/startup_stm32f407xx.o
DMA1_Stream4_IRQHandler                           build/startup_stm32f407xx.o
DMA1_Stream5_IRQHandler                           build/startup_stm32f407xx.o
DMA1_Stream6_IRQHandler                           build/startup_stm32f407xx.o
DMA1_Stream7_IRQHandler                           build/startup_stm32f407xx.o
DMA2_Stream0_IRQHandler                           build/startup_stm32f407xx.o
DMA2_Stream1_IRQHandler                           build/startup_stm32f407xx.o
DMA2_Stream2_IRQHandler                           build/startup_stm32f407xx.o
DMA2_Stream3_IRQHandler                           build/startup_stm32f407xx.o
DMA2_Stream4_IRQHandler                           build/startup_stm32f407xx.o
DMA2_Stream5_IRQHandler                           build/startup_stm32f407xx.o
DMA2_Stream6_IRQHandler                           build/startup_stm32f407xx.o
DMA2_Stream7_IRQHandler                           build/startup_stm32f407xx.o
DebugMon_Handler                                  build/stm32f4xx_it.o
Default_Handler                                   build/startup_stm32f407xx.o
ETH_IRQHandler                                    build/startup_stm32f407xx.o
ETH_WKUP_IRQHandler                               build/startup_stm32f407xx.o
EXTI0_IRQHandler                                  build/startup_stm32f407xx.o
EXTI15_10_IRQHandler                              build/startup_stm32f407xx.o
EXTI1_IRQHandler                                  build/startup_stm32f407xx.o
EXTI2_IRQHandler                                  build/startup_stm32f407xx.o
EXTI3_IRQHandler                                  build/startup_stm32f407xx.o
EXTI4_IRQHandler                                  build/startup_stm32f407xx.o
EXTI9_5_IRQHandler                                build/startup_stm32f407xx.o
Encoder_GetCount                                  build/encoder.o
                                                  build/speed_ctrl.o
Encoder_GetSpeed                                  build/encoder.o
                                                  build/speed_ctrl.o
Encoder_Init                                      build/encoder.o
                                                  build/speed_ctrl.o
Encoder_Update                                    build/encoder.o
                                                  build/speed_ctrl.o
Error_Handler                                     build/main.o
                                                  build/i2c.o
                                                  build/usart.o
                                                  build/tim.o
                                                  build/spi.o
FLASH_Erase_Sector                                build/stm32f4xx_hal_flash_ex.o
                                                  build/stm32f4xx_hal_flash.o
FLASH_FlushCaches                                 build/stm32f4xx_hal_flash_ex.o
                                                  build/stm32f4xx_hal_flash.o
FLASH_IRQHandler                                  build/startup_stm32f407xx.o
FLASH_WaitForLastOperation                        build/stm32f4xx_hal_flash.o
                                                  build/stm32f4xx_hal_flash_ex.o
FPU_IRQHandler                                    build/startup_stm32f407xx.o
FSMC_IRQHandler                                   build/startup_stm32f407xx.o
Get_UART_RxRingBuf                                build/stm32f4xx_it.o
                                                  build/bt_proto.o
HAL_CORTEX_ClearEvent                             build/stm32f4xx_hal_cortex.o
HAL_DBGMCU_DisableDBGSleepMode                    build/stm32f4xx_hal.o
HAL_DBGMCU_DisableDBGStandbyMode                  build/stm32f4xx_hal.o
HAL_DBGMCU_DisableDBGStopMode                     build/stm32f4xx_hal.o
HAL_DBGMCU_EnableDBGSleepMode                     build/stm32f4xx_hal.o
HAL_DBGMCU_EnableDBGStandbyMode                   build/stm32f4xx_hal.o
HAL_DBGMCU_EnableDBGStopMode                      build/stm32f4xx_hal.o
HAL_DMAEx_ChangeMemory                            build/stm32f4xx_hal_dma_ex.o
HAL_DMAEx_MultiBufferStart                        build/stm32f4xx_hal_dma_ex.o
HAL_DMAEx_MultiBufferStart_IT                     build/stm32f4xx_hal_dma_ex.o
HAL_DMA_Abort                                     build/stm32f4xx_hal_dma.o
                                                  build/stm32f4xx_hal_uart.o
                                                  build/stm32f4xx_hal_spi.o
HAL_DMA_Abort_IT                                  build/stm32f4xx_hal_dma.o
                                                  build/stm32f4xx_hal_i2c.o
                                                  build/stm32f4xx_hal_uart.o
                                                  build/stm32f4xx_hal_spi.o
                                                  build/stm32f4xx_hal_tim_ex.o
                                                  build/stm32f4xx_hal_tim.o
HAL_DMA_DeInit                                    build/stm32f4xx_hal_dma.o
HAL_DMA_GetError                                  build/stm32f4xx_hal_dma.o
                                                  build/stm32f4xx_hal_i2c.o
                                                  build/stm32f4xx_hal_uart.o
HAL_DMA_GetState                                  build/stm32f4xx_hal_dma.o
                                                  build/stm32f4xx_hal_i2c.o
HAL_DMA_IRQHandler                                build/stm32f4xx_hal_dma.o
HAL_DMA_Init                                      build/stm32f4xx_hal_dma.o
HAL_DMA_PollForTransfer                           build/stm32f4xx_hal_dma.o
HAL_DMA_RegisterCallback                          build/stm32f4xx_hal_dma.o
HAL_DMA_Start                                     build/stm32f4xx_hal_dma.o
HAL_DMA_Start_IT                                  build/stm32f4xx_hal_dma.o
                                                  build/stm32f4xx_hal_i2c.o
                                                  build/stm32f4xx_hal_uart.o
                                                  build/stm32f4xx_hal_spi.o
                                                  build/stm32f4xx_hal_tim_ex.o
                                                  build/stm32f4xx_hal_tim.o
HAL_DMA_UnRegisterCallback                        build/stm32f4xx_hal_dma.o
HAL_DeInit                                        build/stm32f4xx_hal.o
HAL_Delay                                         build/stm32f4xx_hal.o
                                                  build/nrf24l01.o
                                                  build/oled.o
HAL_DisableCompensationCell                       build/stm32f4xx_hal.o
HAL_EXTI_ClearConfigLine                          build/stm32f4xx_hal_exti.o
HAL_EXTI_ClearPending                             build/stm32f4xx_hal_exti.o
HAL_EXTI_GenerateSWI                              build/stm32f4xx_hal_exti.o
HAL_EXTI_GetConfigLine                            build/stm32f4xx_hal_exti.o
HAL_EXTI_GetHandle                                build/stm32f4xx_hal_exti.o
HAL_EXTI_GetPending                               build/stm32f4xx_hal_exti.o
HAL_EXTI_IRQHandler                               build/stm32f4xx_hal_exti.o
HAL_EXTI_RegisterCallback                         build/stm32f4xx_hal_exti.o
HAL_EXTI_SetConfigLine                            build/stm32f4xx_hal_exti.o
HAL_EnableCompensationCell                        build/stm32f4xx_hal.o
HAL_FLASHEx_Erase                                 build/stm32f4xx_hal_flash_ex.o
HAL_FLASHEx_Erase_IT                              build/stm32f4xx_hal_flash_ex.o
HAL_FLASHEx_OBGetConfig                           build/stm32f4xx_hal_flash_ex.o
HAL_FLASHEx_OBProgram                             build/stm32f4xx_hal_flash_ex.o
HAL_FLASH_EndOfOperationCallback                  build/stm32f4xx_hal_flash.o
HAL_FLASH_GetError                                build/stm32f4xx_hal_flash.o
HAL_FLASH_IRQHandler                              build/stm32f4xx_hal_flash.o
HAL_FLASH_Lock                                    build/stm32f4xx_hal_flash.o
HAL_FLASH_OB_Launch                               build/stm32f4xx_hal_flash.o
HAL_FLASH_OB_Lock                                 build/stm32f4xx_hal_flash.o
HAL_FLASH_OB_Unlock                               build/stm32f4xx_hal_flash.o
HAL_FLASH_OperationErrorCallback                  build/stm32f4xx_hal_flash.o
HAL_FLASH_Program                                 build/stm32f4xx_hal_flash.o
HAL_FLASH_Program_IT                              build/stm32f4xx_hal_flash.o
HAL_FLASH_Unlock                                  build/stm32f4xx_hal_flash.o
HAL_GPIO_DeInit                                   build/stm32f4xx_hal_gpio.o
                                                  build/i2c.o
                                                  build/usart.o
                                                  build/tim.o
                                                  build/spi.o
HAL_GPIO_EXTI_Callback                            build/stm32f4xx_hal_gpio.o
HAL_GPIO_EXTI_IRQHandler                          build/stm32f4xx_hal_gpio.o
HAL_GPIO_Init                                     build/stm32f4xx_hal_gpio.o
                                                  build/nrf24l01.o
                                                  build/i2c.o
                                                  build/stm32f4xx_hal_rcc.o
                                                  build/usart.o
                                                  build/tim.o
                                                  build/spi.o
                                                  build/gpio.o
HAL_GPIO_LockPin                                  build/stm32f4xx_hal_gpio.o
HAL_GPIO_ReadPin                                  build/stm32f4xx_hal_gpio.o
                                                  build/nrf24l01.o
HAL_GPIO_TogglePin                                build/stm32f4xx_hal_gpio.o
                                                  build/nrf24l01.o
HAL_GPIO_WritePin                                 build/stm32f4xx_hal_gpio.o
                                                  build/nrf24l01.o
                                                  build/motor.o
                                                  build/gpio.o
                                                  build/main.o
HAL_GetDEVID                                      build/stm32f4xx_hal.o
HAL_GetHalVersion                                 build/stm32f4xx_hal.o
HAL_GetREVID                                      build/stm32f4xx_hal.o
HAL_GetTick                                       build/stm32f4xx_hal.o
                                                  build/stm32f4xx_hal_i2c.o
                                                  build/nrf24l01.o
                                                  build/bt_proto.o
                                                  build/stm32f4xx_hal_uart.o
                                                  build/stm32f4xx_hal_pwr_ex.o
                                                  build/stm32f4xx_hal_dma.o
                                                  build/stm32f4xx_hal_flash.o
                                                  build/stm32f4xx_hal_rcc_ex.o
                                                  build/stm32f4xx_hal_rcc.o
                                                  build/stm32f4xx_hal_spi.o
                                                  build/main.o
HAL_GetTickFreq                                   build/stm32f4xx_hal.o
HAL_GetTickPrio                                   build/stm32f4xx_hal.o
HAL_GetUIDw0                                      build/stm32f4xx_hal.o
HAL_GetUIDw1                                      build/stm32f4xx_hal.o
HAL_GetUIDw2                                      build/stm32f4xx_hal.o
HAL_HalfDuplex_EnableReceiver                     build/stm32f4xx_hal_uart.o
HAL_HalfDuplex_EnableTransmitter                  build/stm32f4xx_hal_uart.o
HAL_HalfDuplex_Init                               build/stm32f4xx_hal_uart.o
HAL_I2C_AbortCpltCallback                         build/stm32f4xx_hal_i2c.o
HAL_I2C_AddrCallback                              build/stm32f4xx_hal_i2c.o
HAL_I2C_DeInit                                    build/stm32f4xx_hal_i2c.o
HAL_I2C_DisableListen_IT                          build/stm32f4xx_hal_i2c.o
HAL_I2C_ER_IRQHandler                             build/stm32f4xx_hal_i2c.o
HAL_I2C_EV_IRQHandler                             build/stm32f4xx_hal_i2c.o
HAL_I2C_EnableListen_IT                           build/stm32f4xx_hal_i2c.o
HAL_I2C_ErrorCallback                             build/stm32f4xx_hal_i2c.o
HAL_I2C_GetError                                  build/stm32f4xx_hal_i2c.o
HAL_I2C_GetMode                                   build/stm32f4xx_hal_i2c.o
HAL_I2C_GetState                                  build/stm32f4xx_hal_i2c.o
HAL_I2C_Init                                      build/stm32f4xx_hal_i2c.o
                                                  build/i2c.o
HAL_I2C_IsDeviceReady                             build/stm32f4xx_hal_i2c.o
HAL_I2C_ListenCpltCallback                        build/stm32f4xx_hal_i2c.o
HAL_I2C_MasterRxCpltCallback                      build/stm32f4xx_hal_i2c.o
HAL_I2C_MasterTxCpltCallback                      build/stm32f4xx_hal_i2c.o
HAL_I2C_Master_Abort_IT                           build/stm32f4xx_hal_i2c.o
HAL_I2C_Master_Receive                            build/stm32f4xx_hal_i2c.o
HAL_I2C_Master_Receive_DMA                        build/stm32f4xx_hal_i2c.o
HAL_I2C_Master_Receive_IT                         build/stm32f4xx_hal_i2c.o
HAL_I2C_Master_Seq_Receive_DMA                    build/stm32f4xx_hal_i2c.o
HAL_I2C_Master_Seq_Receive_IT                     build/stm32f4xx_hal_i2c.o
HAL_I2C_Master_Seq_Transmit_DMA                   build/stm32f4xx_hal_i2c.o
HAL_I2C_Master_Seq_Transmit_IT                    build/stm32f4xx_hal_i2c.o
HAL_I2C_Master_Transmit                           build/stm32f4xx_hal_i2c.o
                                                  build/oled.o
HAL_I2C_Master_Transmit_DMA                       build/stm32f4xx_hal_i2c.o
HAL_I2C_Master_Transmit_IT                        build/stm32f4xx_hal_i2c.o
HAL_I2C_MemRxCpltCallback                         build/stm32f4xx_hal_i2c.o
HAL_I2C_MemTxCpltCallback                         build/stm32f4xx_hal_i2c.o
HAL_I2C_Mem_Read                                  build/stm32f4xx_hal_i2c.o
                                                  build/MPU6050.o
HAL_I2C_Mem_Read_DMA                              build/stm32f4xx_hal_i2c.o
HAL_I2C_Mem_Read_IT                               build/stm32f4xx_hal_i2c.o
HAL_I2C_Mem_Write                                 build/stm32f4xx_hal_i2c.o
                                                  build/MPU6050.o
HAL_I2C_Mem_Write_DMA                             build/stm32f4xx_hal_i2c.o
HAL_I2C_Mem_Write_IT                              build/stm32f4xx_hal_i2c.o
HAL_I2C_MspDeInit                                 build/i2c.o
HAL_I2C_MspInit                                   build/i2c.o
HAL_I2C_SlaveRxCpltCallback                       build/stm32f4xx_hal_i2c.o
HAL_I2C_SlaveTxCpltCallback                       build/stm32f4xx_hal_i2c.o
HAL_I2C_Slave_Receive                             build/stm32f4xx_hal_i2c.o
HAL_I2C_Slave_Receive_DMA                         build/stm32f4xx_hal_i2c.o
HAL_I2C_Slave_Receive_IT                          build/stm32f4xx_hal_i2c.o
HAL_I2C_Slave_Seq_Receive_DMA                     build/stm32f4xx_hal_i2c.o
HAL_I2C_Slave_Seq_Receive_IT                      build/stm32f4xx_hal_i2c.o
HAL_I2C_Slave_Seq_Transmit_DMA                    build/stm32f4xx_hal_i2c.o
HAL_I2C_Slave_Seq_Transmit_IT                     build/stm32f4xx_hal_i2c.o
HAL_I2C_Slave_Transmit                            build/stm32f4xx_hal_i2c.o
HAL_I2C_Slave_Transmit_DMA                        build/stm32f4xx_hal_i2c.o
HAL_I2C_Slave_Transmit_IT                         build/stm32f4xx_hal_i2c.o
HAL_IncTick                                       build/stm32f4xx_hal.o
                                                  build/main.o
HAL_Init                                          build/stm32f4xx_hal.o
                                                  build/main.o
HAL_InitTick                                      build/stm32f4xx_hal_timebase_tim.o
                                                  build/stm32f4xx_hal_rcc_ex.o
                                                  build/stm32f4xx_hal_rcc.o
HAL_LIN_Init                                      build/stm32f4xx_hal_uart.o
HAL_LIN_SendBreak                                 build/stm32f4xx_hal_uart.o
HAL_MPU_ConfigRegion                              build/stm32f4xx_hal_cortex.o
HAL_MPU_Disable                                   build/stm32f4xx_hal_cortex.o
HAL_MPU_DisableRegion                             build/stm32f4xx_hal_cortex.o
HAL_MPU_Enable                                    build/stm32f4xx_hal_cortex.o
HAL_MPU_EnableRegion                              build/stm32f4xx_hal_cortex.o
HAL_MspDeInit                                     build/stm32f4xx_hal.o
HAL_MspInit                                       build/stm32f4xx_hal_msp.o
HAL_MultiProcessor_EnterMuteMode                  build/stm32f4xx_hal_uart.o
HAL_MultiProcessor_ExitMuteMode                   build/stm32f4xx_hal_uart.o
HAL_MultiProcessor_Init                           build/stm32f4xx_hal_uart.o
HAL_NVIC_ClearPendingIRQ                          build/stm32f4xx_hal_cortex.o
HAL_NVIC_DisableIRQ                               build/stm32f4xx_hal_cortex.o
                                                  build/usart.o
                                                  build/tim.o
HAL_NVIC_EnableIRQ                                build/stm32f4xx_hal_cortex.o
                                                  build/stm32f4xx_hal_timebase_tim.o
                                                  build/usart.o
                                                  build/tim.o
HAL_NVIC_GetActive                                build/stm32f4xx_hal_cortex.o
HAL_NVIC_GetPendingIRQ                            build/stm32f4xx_hal_cortex.o