ARM GAS  C:\Users\10369\AppData\Local\Temp\ccj5Wg4a.s 			page 1


   1              		.cpu cortex-m4
   2              		.arch armv7e-m
   3              		.fpu fpv4-sp-d16
   4              		.eabi_attribute 27, 1
   5              		.eabi_attribute 28, 1
   6              		.eabi_attribute 20, 1
   7              		.eabi_attribute 21, 1
   8              		.eabi_attribute 23, 3
   9              		.eabi_attribute 24, 1
  10              		.eabi_attribute 25, 1
  11              		.eabi_attribute 26, 1
  12              		.eabi_attribute 30, 1
  13              		.eabi_attribute 34, 1
  14              		.eabi_attribute 18, 4
  15              		.file	"motor.c"
  16              		.text
  17              	.Ltext0:
  18              		.cfi_sections	.debug_frame
  19              		.file 1 "Core/Src/motor.c"
  20              		.section	.text.Motor_SetDuty,"ax",%progbits
  21              		.align	1
  22              		.global	Motor_SetDuty
  23              		.syntax unified
  24              		.thumb
  25              		.thumb_func
  27              	Motor_SetDuty:
  28              	.LVL0:
  29              	.LFB135:
   1:Core/Src/motor.c **** #include "motor.h"
   2:Core/Src/motor.c **** #include "tim.h"
   3:Core/Src/motor.c **** #include <stdlib.h>
   4:Core/Src/motor.c **** 
   5:Core/Src/motor.c **** /* 电机1: PE14,PE15 + TIM8_CH1(PC6) */
   6:Core/Src/motor.c **** /* 电机2: PE0,PE1   + TIM8_CH3(PC8) */
   7:Core/Src/motor.c **** /* 电机3: PE12,PE13 + TIM8_CH2(PC7) */
   8:Core/Src/motor.c **** /* 电机4: PB8,PB9   + TIM8_CH4(PC9) */
   9:Core/Src/motor.c **** Motor_t g_motors[4];
  10:Core/Src/motor.c **** 
  11:Core/Src/motor.c **** void Motor_InitAll(void)
  12:Core/Src/motor.c **** {
  13:Core/Src/motor.c ****     /* 电机1 */
  14:Core/Src/motor.c ****     g_motors[0].in1_port = GPIOE;
  15:Core/Src/motor.c ****     g_motors[0].in1_pin  = GPIO_PIN_14;
  16:Core/Src/motor.c ****     g_motors[0].in2_port = GPIOE;
  17:Core/Src/motor.c ****     g_motors[0].in2_pin  = GPIO_PIN_15;
  18:Core/Src/motor.c ****     g_motors[0].htim     = &htim8;
  19:Core/Src/motor.c ****     g_motors[0].channel  = TIM_CHANNEL_1;
  20:Core/Src/motor.c **** 
  21:Core/Src/motor.c ****     /* 电机2 */
  22:Core/Src/motor.c ****     g_motors[1].in1_port = GPIOE;
  23:Core/Src/motor.c ****     g_motors[1].in1_pin  = GPIO_PIN_0;
  24:Core/Src/motor.c ****     g_motors[1].in2_port = GPIOE;
  25:Core/Src/motor.c ****     g_motors[1].in2_pin  = GPIO_PIN_1;
  26:Core/Src/motor.c ****     g_motors[1].htim     = &htim8;
  27:Core/Src/motor.c ****     g_motors[1].channel  = TIM_CHANNEL_3;
  28:Core/Src/motor.c **** 
  29:Core/Src/motor.c ****     /* 电机3 */
ARM GAS  C:\Users\10369\AppData\Local\Temp\ccj5Wg4a.s 			page 2


  30:Core/Src/motor.c ****     g_motors[2].in1_port = GPIOE;
  31:Core/Src/motor.c ****     g_motors[2].in1_pin  = GPIO_PIN_12;
  32:Core/Src/motor.c ****     g_motors[2].in2_port = GPIOE;
  33:Core/Src/motor.c ****     g_motors[2].in2_pin  = GPIO_PIN_13;
  34:Core/Src/motor.c ****     g_motors[2].htim     = &htim8;
  35:Core/Src/motor.c ****     g_motors[2].channel  = TIM_CHANNEL_2;
  36:Core/Src/motor.c **** 
  37:Core/Src/motor.c ****     /* 电机4 */
  38:Core/Src/motor.c ****     g_motors[3].in1_port = GPIOB;
  39:Core/Src/motor.c ****     g_motors[3].in1_pin  = GPIO_PIN_8;
  40:Core/Src/motor.c ****     g_motors[3].in2_port = GPIOB;
  41:Core/Src/motor.c ****     g_motors[3].in2_pin  = GPIO_PIN_9;
  42:Core/Src/motor.c ****     g_motors[3].htim     = &htim8;
  43:Core/Src/motor.c ****     g_motors[3].channel  = TIM_CHANNEL_4;
  44:Core/Src/motor.c **** 
  45:Core/Src/motor.c ****     /* 启动所有 PWM 通道 */
  46:Core/Src/motor.c ****     HAL_TIM_PWM_Start(&htim8, TIM_CHANNEL_1);
  47:Core/Src/motor.c ****     HAL_TIM_PWM_Start(&htim8, TIM_CHANNEL_2);
  48:Core/Src/motor.c ****     HAL_TIM_PWM_Start(&htim8, TIM_CHANNEL_3);
  49:Core/Src/motor.c ****     HAL_TIM_PWM_Start(&htim8, TIM_CHANNEL_4);
  50:Core/Src/motor.c **** 
  51:Core/Src/motor.c ****     /* 初始停止 */
  52:Core/Src/motor.c ****     for (int i = 0; i < 4; i++) {
  53:Core/Src/motor.c ****         Motor_Stop(&g_motors[i]);
  54:Core/Src/motor.c ****     }
  55:Core/Src/motor.c **** }
  56:Core/Src/motor.c **** 
  57:Core/Src/motor.c **** void Motor_SetDuty(Motor_t *m, int32_t duty)
  58:Core/Src/motor.c **** {
  30              		.loc 1 58 1 view -0
  31              		.cfi_startproc
  32              		@ args = 0, pretend = 0, frame = 0
  33              		@ frame_needed = 0, uses_anonymous_args = 0
  34              		.loc 1 58 1 is_stmt 0 view .LVU1
  35 0000 38B5     		push	{r3, r4, r5, lr}
  36              	.LCFI0:
  37              		.cfi_def_cfa_offset 16
  38              		.cfi_offset 3, -16
  39              		.cfi_offset 4, -12
  40              		.cfi_offset 5, -8
  41              		.cfi_offset 14, -4
  42 0002 0546     		mov	r5, r0
  59:Core/Src/motor.c ****     /* 限幅到 PWM 最大值 */
  60:Core/Src/motor.c ****     if (duty > MOTOR_PWM_MAX)  duty = MOTOR_PWM_MAX;
  43              		.loc 1 60 5 is_stmt 1 view .LVU2
  44              		.loc 1 60 8 is_stmt 0 view .LVU3
  45 0004 44F29F13 		movw	r3, #16799
  46 0008 9942     		cmp	r1, r3
  47 000a 05DC     		bgt	.L10
  48 000c 0C46     		mov	r4, r1
  61:Core/Src/motor.c ****     if (duty < -MOTOR_PWM_MAX) duty = -MOTOR_PWM_MAX;
  49              		.loc 1 61 5 is_stmt 1 view .LVU4
  50              		.loc 1 61 8 is_stmt 0 view .LVU5
  51 000e 234B     		ldr	r3, .L17
  52 0010 9942     		cmp	r1, r3
  53 0012 03DA     		bge	.L2
  54              		.loc 1 61 37 discriminator 1 view .LVU6
ARM GAS  C:\Users\10369\AppData\Local\Temp\ccj5Wg4a.s 			page 3


  55 0014 214C     		ldr	r4, .L17
  56 0016 03E0     		b	.L3
  57              	.L10:
  60:Core/Src/motor.c ****     if (duty < -MOTOR_PWM_MAX) duty = -MOTOR_PWM_MAX;
  58              		.loc 1 60 37 discriminator 1 view .LVU7
  59 0018 44F29F14 		movw	r4, #16799
  60              	.L2:
  61              	.LVL1:
  62:Core/Src/motor.c **** 
  63:Core/Src/motor.c ****     uint16_t pulse;
  62              		.loc 1 63 5 is_stmt 1 view .LVU8
  64:Core/Src/motor.c **** 
  65:Core/Src/motor.c ****     if (duty > 0) {
  63              		.loc 1 65 5 view .LVU9
  64              		.loc 1 65 8 is_stmt 0 view .LVU10
  65 001c 002C     		cmp	r4, #0
  66 001e 12DC     		bgt	.L13
  67              	.LVL2:
  68              	.L3:
  66:Core/Src/motor.c ****         /* 正转: IN1=H, IN2=L */
  67:Core/Src/motor.c ****         HAL_GPIO_WritePin(m->in1_port, m->in1_pin, GPIO_PIN_SET);
  68:Core/Src/motor.c ****         HAL_GPIO_WritePin(m->in2_port, m->in2_pin, GPIO_PIN_RESET);
  69:Core/Src/motor.c ****         pulse = (uint16_t)duty;
  70:Core/Src/motor.c ****     } else if (duty < 0) {
  69              		.loc 1 70 12 is_stmt 1 view .LVU11
  70              		.loc 1 70 15 is_stmt 0 view .LVU12
  71 0020 002C     		cmp	r4, #0
  72 0022 1CDB     		blt	.L14
  71:Core/Src/motor.c ****         /* 反转: IN1=L, IN2=H */
  72:Core/Src/motor.c ****         HAL_GPIO_WritePin(m->in1_port, m->in1_pin, GPIO_PIN_RESET);
  73:Core/Src/motor.c ****         HAL_GPIO_WritePin(m->in2_port, m->in2_pin, GPIO_PIN_SET);
  74:Core/Src/motor.c ****         pulse = (uint16_t)(-duty);
  75:Core/Src/motor.c ****     } else {
  76:Core/Src/motor.c ****         /* 停止: IN1=L, IN2=L */
  77:Core/Src/motor.c ****         HAL_GPIO_WritePin(m->in1_port, m->in1_pin, GPIO_PIN_RESET);
  73              		.loc 1 77 9 is_stmt 1 view .LVU13
  74 0024 0022     		movs	r2, #0
  75 0026 A988     		ldrh	r1, [r5, #4]
  76 0028 2868     		ldr	r0, [r5]
  77              	.LVL3:
  78              		.loc 1 77 9 is_stmt 0 view .LVU14
  79 002a FFF7FEFF 		bl	HAL_GPIO_WritePin
  80              	.LVL4:
  78:Core/Src/motor.c ****         HAL_GPIO_WritePin(m->in2_port, m->in2_pin, GPIO_PIN_RESET);
  81              		.loc 1 78 9 is_stmt 1 view .LVU15
  82 002e 0022     		movs	r2, #0
  83 0030 A989     		ldrh	r1, [r5, #12]
  84 0032 A868     		ldr	r0, [r5, #8]
  85 0034 FFF7FEFF 		bl	HAL_GPIO_WritePin
  86              	.LVL5:
  79:Core/Src/motor.c ****         pulse = 0;
  87              		.loc 1 79 9 view .LVU16
  88              		.loc 1 79 15 is_stmt 0 view .LVU17
  89 0038 0024     		movs	r4, #0
  90              	.LVL6:
  91              	.L4:
  80:Core/Src/motor.c ****     }
ARM GAS  C:\Users\10369\AppData\Local\Temp\ccj5Wg4a.s 			page 4


  81:Core/Src/motor.c **** 
  82:Core/Src/motor.c ****     __HAL_TIM_SET_COMPARE(m->htim, m->channel, pulse);
  92              		.loc 1 82 5 is_stmt 1 view .LVU18
  93 003a 6B69     		ldr	r3, [r5, #20]
  94 003c EBB9     		cbnz	r3, .L6
  95              		.loc 1 82 5 is_stmt 0 discriminator 1 view .LVU19
  96 003e 2B69     		ldr	r3, [r5, #16]
  97 0040 1B68     		ldr	r3, [r3]
  98 0042 5C63     		str	r4, [r3, #52]
  99              	.L1:
  83:Core/Src/motor.c **** }
 100              		.loc 1 83 1 view .LVU20
 101 0044 38BD     		pop	{r3, r4, r5, pc}
 102              	.LVL7:
 103              	.L13:
  67:Core/Src/motor.c ****         HAL_GPIO_WritePin(m->in2_port, m->in2_pin, GPIO_PIN_RESET);
 104              		.loc 1 67 9 is_stmt 1 view .LVU21
 105 0046 0122     		movs	r2, #1
 106 0048 A988     		ldrh	r1, [r5, #4]
 107 004a 2868     		ldr	r0, [r5]
 108              	.LVL8:
  67:Core/Src/motor.c ****         HAL_GPIO_WritePin(m->in2_port, m->in2_pin, GPIO_PIN_RESET);
 109              		.loc 1 67 9 is_stmt 0 view .LVU22
 110 004c FFF7FEFF 		bl	HAL_GPIO_WritePin
 111              	.LVL9:
  68:Core/Src/motor.c ****         pulse = (uint16_t)duty;
 112              		.loc 1 68 9 is_stmt 1 view .LVU23
 113 0050 0022     		movs	r2, #0
 114 0052 A989     		ldrh	r1, [r5, #12]
 115 0054 A868     		ldr	r0, [r5, #8]
 116 0056 FFF7FEFF 		bl	HAL_GPIO_WritePin
 117              	.LVL10:
  69:Core/Src/motor.c ****     } else if (duty < 0) {
 118              		.loc 1 69 9 view .LVU24
  69:Core/Src/motor.c ****     } else if (duty < 0) {
 119              		.loc 1 69 15 is_stmt 0 view .LVU25
 120 005a A4B2     		uxth	r4, r4
 121              	.LVL11:
  69:Core/Src/motor.c ****     } else if (duty < 0) {
 122              		.loc 1 69 15 view .LVU26
 123 005c EDE7     		b	.L4
 124              	.LVL12:
 125              	.L14:
  72:Core/Src/motor.c ****         HAL_GPIO_WritePin(m->in2_port, m->in2_pin, GPIO_PIN_SET);
 126              		.loc 1 72 9 is_stmt 1 view .LVU27
 127 005e 0022     		movs	r2, #0
 128 0060 A988     		ldrh	r1, [r5, #4]
 129 0062 2868     		ldr	r0, [r5]
 130              	.LVL13:
  72:Core/Src/motor.c ****         HAL_GPIO_WritePin(m->in2_port, m->in2_pin, GPIO_PIN_SET);
 131              		.loc 1 72 9 is_stmt 0 view .LVU28
 132 0064 FFF7FEFF 		bl	HAL_GPIO_WritePin
 133              	.LVL14:
  73:Core/Src/motor.c ****         pulse = (uint16_t)(-duty);
 134              		.loc 1 73 9 is_stmt 1 view .LVU29
 135 0068 0122     		movs	r2, #1
 136 006a A989     		ldrh	r1, [r5, #12]
ARM GAS  C:\Users\10369\AppData\Local\Temp\ccj5Wg4a.s 			page 5


 137 006c A868     		ldr	r0, [r5, #8]
 138 006e FFF7FEFF 		bl	HAL_GPIO_WritePin
 139              	.LVL15:
  74:Core/Src/motor.c ****     } else {
 140              		.loc 1 74 9 view .LVU30
  74:Core/Src/motor.c ****     } else {
 141              		.loc 1 74 17 is_stmt 0 view .LVU31
 142 0072 A4B2     		uxth	r4, r4
  74:Core/Src/motor.c ****     } else {
 143              		.loc 1 74 15 view .LVU32
 144 0074 6442     		rsbs	r4, r4, #0
 145 0076 A4B2     		uxth	r4, r4
 146              	.LVL16:
  74:Core/Src/motor.c ****     } else {
 147              		.loc 1 74 15 view .LVU33
 148 0078 DFE7     		b	.L4
 149              	.L6:
  82:Core/Src/motor.c **** }
 150              		.loc 1 82 5 discriminator 2 view .LVU34
 151 007a 042B     		cmp	r3, #4
 152 007c 05D0     		beq	.L15
  82:Core/Src/motor.c **** }
 153              		.loc 1 82 5 discriminator 4 view .LVU35
 154 007e 082B     		cmp	r3, #8
 155 0080 07D0     		beq	.L16
  82:Core/Src/motor.c **** }
 156              		.loc 1 82 5 discriminator 7 view .LVU36
 157 0082 2B69     		ldr	r3, [r5, #16]
 158 0084 1B68     		ldr	r3, [r3]
 159 0086 1C64     		str	r4, [r3, #64]
 160              		.loc 1 83 1 view .LVU37
 161 0088 DCE7     		b	.L1
 162              	.L15:
  82:Core/Src/motor.c **** }
 163              		.loc 1 82 5 discriminator 3 view .LVU38
 164 008a 2B69     		ldr	r3, [r5, #16]
 165 008c 1B68     		ldr	r3, [r3]
 166 008e 9C63     		str	r4, [r3, #56]
 167 0090 D8E7     		b	.L1
 168              	.L16:
  82:Core/Src/motor.c **** }
 169              		.loc 1 82 5 discriminator 6 view .LVU39
 170 0092 2B69     		ldr	r3, [r5, #16]
 171 0094 1B68     		ldr	r3, [r3]
 172 0096 DC63     		str	r4, [r3, #60]
 173 0098 D4E7     		b	.L1
 174              	.L18:
 175 009a 00BF     		.align	2
 176              	.L17:
 177 009c 61BEFFFF 		.word	-16799
 178              		.cfi_endproc
 179              	.LFE135:
 181              		.section	.text.Motor_Stop,"ax",%progbits
 182              		.align	1
 183              		.global	Motor_Stop
 184              		.syntax unified
 185              		.thumb
ARM GAS  C:\Users\10369\AppData\Local\Temp\ccj5Wg4a.s 			page 6


 186              		.thumb_func
 188              	Motor_Stop:
 189              	.LVL17:
 190              	.LFB136:
  84:Core/Src/motor.c **** 
  85:Core/Src/motor.c **** void Motor_Stop(Motor_t *m)
  86:Core/Src/motor.c **** {
 191              		.loc 1 86 1 is_stmt 1 view -0
 192              		.cfi_startproc
 193              		@ args = 0, pretend = 0, frame = 0
 194              		@ frame_needed = 0, uses_anonymous_args = 0
 195              		.loc 1 86 1 is_stmt 0 view .LVU41
 196 0000 08B5     		push	{r3, lr}
 197              	.LCFI1:
 198              		.cfi_def_cfa_offset 8
 199              		.cfi_offset 3, -8
 200              		.cfi_offset 14, -4
  87:Core/Src/motor.c ****     Motor_SetDuty(m, 0);
 201              		.loc 1 87 5 is_stmt 1 view .LVU42
 202 0002 0021     		movs	r1, #0
 203 0004 FFF7FEFF 		bl	Motor_SetDuty
 204              	.LVL18:
  88:Core/Src/motor.c **** }
 205              		.loc 1 88 1 is_stmt 0 view .LVU43
 206 0008 08BD     		pop	{r3, pc}
 207              		.cfi_endproc
 208              	.LFE136:
 210              		.section	.text.Motor_InitAll,"ax",%progbits
 211              		.align	1
 212              		.global	Motor_InitAll
 213              		.syntax unified
 214              		.thumb
 215              		.thumb_func
 217              	Motor_InitAll:
 218              	.LFB134:
  12:Core/Src/motor.c ****     /* 电机1 */
 219              		.loc 1 12 1 is_stmt 1 view -0
 220              		.cfi_startproc
 221              		@ args = 0, pretend = 0, frame = 0
 222              		@ frame_needed = 0, uses_anonymous_args = 0
 223 0000 2DE9F041 		push	{r4, r5, r6, r7, r8, lr}
 224              	.LCFI2:
 225              		.cfi_def_cfa_offset 24
 226              		.cfi_offset 4, -24
 227              		.cfi_offset 5, -20
 228              		.cfi_offset 6, -16
 229              		.cfi_offset 7, -12
 230              		.cfi_offset 8, -8
 231              		.cfi_offset 14, -4
  14:Core/Src/motor.c ****     g_motors[0].in1_pin  = GPIO_PIN_14;
 232              		.loc 1 14 5 view .LVU45
  14:Core/Src/motor.c ****     g_motors[0].in1_pin  = GPIO_PIN_14;
 233              		.loc 1 14 26 is_stmt 0 view .LVU46
 234 0004 284B     		ldr	r3, .L25
 235 0006 294A     		ldr	r2, .L25+4
 236 0008 1A60     		str	r2, [r3]
  15:Core/Src/motor.c ****     g_motors[0].in2_port = GPIOE;
ARM GAS  C:\Users\10369\AppData\Local\Temp\ccj5Wg4a.s 			page 7


 237              		.loc 1 15 5 is_stmt 1 view .LVU47
  15:Core/Src/motor.c ****     g_motors[0].in2_port = GPIOE;
 238              		.loc 1 15 26 is_stmt 0 view .LVU48
 239 000a 4FF48041 		mov	r1, #16384
 240 000e 9980     		strh	r1, [r3, #4]	@ movhi
  16:Core/Src/motor.c ****     g_motors[0].in2_pin  = GPIO_PIN_15;
 241              		.loc 1 16 5 is_stmt 1 view .LVU49
  16:Core/Src/motor.c ****     g_motors[0].in2_pin  = GPIO_PIN_15;
 242              		.loc 1 16 26 is_stmt 0 view .LVU50
 243 0010 9A60     		str	r2, [r3, #8]
  17:Core/Src/motor.c ****     g_motors[0].htim     = &htim8;
 244              		.loc 1 17 5 is_stmt 1 view .LVU51
  17:Core/Src/motor.c ****     g_motors[0].htim     = &htim8;
 245              		.loc 1 17 26 is_stmt 0 view .LVU52
 246 0012 4FF40041 		mov	r1, #32768
 247 0016 9981     		strh	r1, [r3, #12]	@ movhi
  18:Core/Src/motor.c ****     g_motors[0].channel  = TIM_CHANNEL_1;
 248              		.loc 1 18 5 is_stmt 1 view .LVU53
  18:Core/Src/motor.c ****     g_motors[0].channel  = TIM_CHANNEL_1;
 249              		.loc 1 18 26 is_stmt 0 view .LVU54
 250 0018 254D     		ldr	r5, .L25+8
 251 001a 1D61     		str	r5, [r3, #16]
  19:Core/Src/motor.c **** 
 252              		.loc 1 19 5 is_stmt 1 view .LVU55
  19:Core/Src/motor.c **** 
 253              		.loc 1 19 26 is_stmt 0 view .LVU56
 254 001c 0024     		movs	r4, #0
 255 001e 5C61     		str	r4, [r3, #20]
  22:Core/Src/motor.c ****     g_motors[1].in1_pin  = GPIO_PIN_0;
 256              		.loc 1 22 5 is_stmt 1 view .LVU57
  22:Core/Src/motor.c ****     g_motors[1].in1_pin  = GPIO_PIN_0;
 257              		.loc 1 22 26 is_stmt 0 view .LVU58
 258 0020 9A61     		str	r2, [r3, #24]
  23:Core/Src/motor.c ****     g_motors[1].in2_port = GPIOE;
 259              		.loc 1 23 5 is_stmt 1 view .LVU59
  23:Core/Src/motor.c ****     g_motors[1].in2_port = GPIOE;
 260              		.loc 1 23 26 is_stmt 0 view .LVU60
 261 0022 0121     		movs	r1, #1
 262 0024 9983     		strh	r1, [r3, #28]	@ movhi
  24:Core/Src/motor.c ****     g_motors[1].in2_pin  = GPIO_PIN_1;
 263              		.loc 1 24 5 is_stmt 1 view .LVU61
  24:Core/Src/motor.c ****     g_motors[1].in2_pin  = GPIO_PIN_1;
 264              		.loc 1 24 26 is_stmt 0 view .LVU62
 265 0026 1A62     		str	r2, [r3, #32]
  25:Core/Src/motor.c ****     g_motors[1].htim     = &htim8;
 266              		.loc 1 25 5 is_stmt 1 view .LVU63
  25:Core/Src/motor.c ****     g_motors[1].htim     = &htim8;
 267              		.loc 1 25 26 is_stmt 0 view .LVU64
 268 0028 0221     		movs	r1, #2
 269 002a 9984     		strh	r1, [r3, #36]	@ movhi
  26:Core/Src/motor.c ****     g_motors[1].channel  = TIM_CHANNEL_3;
 270              		.loc 1 26 5 is_stmt 1 view .LVU65
  26:Core/Src/motor.c ****     g_motors[1].channel  = TIM_CHANNEL_3;
 271              		.loc 1 26 26 is_stmt 0 view .LVU66
 272 002c 9D62     		str	r5, [r3, #40]
  27:Core/Src/motor.c **** 
 273              		.loc 1 27 5 is_stmt 1 view .LVU67
ARM GAS  C:\Users\10369\AppData\Local\Temp\ccj5Wg4a.s 			page 8


  27:Core/Src/motor.c **** 
 274              		.loc 1 27 26 is_stmt 0 view .LVU68
 275 002e 0827     		movs	r7, #8
 276 0030 DF62     		str	r7, [r3, #44]
  30:Core/Src/motor.c ****     g_motors[2].in1_pin  = GPIO_PIN_12;
 277              		.loc 1 30 5 is_stmt 1 view .LVU69
  30:Core/Src/motor.c ****     g_motors[2].in1_pin  = GPIO_PIN_12;
 278              		.loc 1 30 26 is_stmt 0 view .LVU70
 279 0032 1A63     		str	r2, [r3, #48]
  31:Core/Src/motor.c ****     g_motors[2].in2_port = GPIOE;
 280              		.loc 1 31 5 is_stmt 1 view .LVU71
  31:Core/Src/motor.c ****     g_motors[2].in2_port = GPIOE;
 281              		.loc 1 31 26 is_stmt 0 view .LVU72
 282 0034 4FF48051 		mov	r1, #4096
 283 0038 9986     		strh	r1, [r3, #52]	@ movhi
  32:Core/Src/motor.c ****     g_motors[2].in2_pin  = GPIO_PIN_13;
 284              		.loc 1 32 5 is_stmt 1 view .LVU73
  32:Core/Src/motor.c ****     g_motors[2].in2_pin  = GPIO_PIN_13;
 285              		.loc 1 32 26 is_stmt 0 view .LVU74
 286 003a 9A63     		str	r2, [r3, #56]
  33:Core/Src/motor.c ****     g_motors[2].htim     = &htim8;
 287              		.loc 1 33 5 is_stmt 1 view .LVU75
  33:Core/Src/motor.c ****     g_motors[2].htim     = &htim8;
 288              		.loc 1 33 26 is_stmt 0 view .LVU76
 289 003c 4FF40052 		mov	r2, #8192
 290 0040 9A87     		strh	r2, [r3, #60]	@ movhi
  34:Core/Src/motor.c ****     g_motors[2].channel  = TIM_CHANNEL_2;
 291              		.loc 1 34 5 is_stmt 1 view .LVU77
  34:Core/Src/motor.c ****     g_motors[2].channel  = TIM_CHANNEL_2;
 292              		.loc 1 34 26 is_stmt 0 view .LVU78
 293 0042 1D64     		str	r5, [r3, #64]
  35:Core/Src/motor.c **** 
 294              		.loc 1 35 5 is_stmt 1 view .LVU79
  35:Core/Src/motor.c **** 
 295              		.loc 1 35 26 is_stmt 0 view .LVU80
 296 0044 4FF00408 		mov	r8, #4
 297 0048 C3F84480 		str	r8, [r3, #68]
  38:Core/Src/motor.c ****     g_motors[3].in1_pin  = GPIO_PIN_8;
 298              		.loc 1 38 5 is_stmt 1 view .LVU81
  38:Core/Src/motor.c ****     g_motors[3].in1_pin  = GPIO_PIN_8;
 299              		.loc 1 38 26 is_stmt 0 view .LVU82
 300 004c 02F18042 		add	r2, r2, #1073741824
 301 0050 02F5F232 		add	r2, r2, #123904
 302 0054 9A64     		str	r2, [r3, #72]
  39:Core/Src/motor.c ****     g_motors[3].in2_port = GPIOB;
 303              		.loc 1 39 5 is_stmt 1 view .LVU83
  39:Core/Src/motor.c ****     g_motors[3].in2_port = GPIOB;
 304              		.loc 1 39 26 is_stmt 0 view .LVU84
 305 0056 4FF48071 		mov	r1, #256
 306 005a A3F84C10 		strh	r1, [r3, #76]	@ movhi
  40:Core/Src/motor.c ****     g_motors[3].in2_pin  = GPIO_PIN_9;
 307              		.loc 1 40 5 is_stmt 1 view .LVU85
  40:Core/Src/motor.c ****     g_motors[3].in2_pin  = GPIO_PIN_9;
 308              		.loc 1 40 26 is_stmt 0 view .LVU86
 309 005e 1A65     		str	r2, [r3, #80]
  41:Core/Src/motor.c ****     g_motors[3].htim     = &htim8;
 310              		.loc 1 41 5 is_stmt 1 view .LVU87
ARM GAS  C:\Users\10369\AppData\Local\Temp\ccj5Wg4a.s 			page 9


  41:Core/Src/motor.c ****     g_motors[3].htim     = &htim8;
 311              		.loc 1 41 26 is_stmt 0 view .LVU88
 312 0060 4FF40072 		mov	r2, #512
 313 0064 A3F85420 		strh	r2, [r3, #84]	@ movhi
  42:Core/Src/motor.c ****     g_motors[3].channel  = TIM_CHANNEL_4;
 314              		.loc 1 42 5 is_stmt 1 view .LVU89
  42:Core/Src/motor.c ****     g_motors[3].channel  = TIM_CHANNEL_4;
 315              		.loc 1 42 26 is_stmt 0 view .LVU90
 316 0068 9D65     		str	r5, [r3, #88]
  43:Core/Src/motor.c **** 
 317              		.loc 1 43 5 is_stmt 1 view .LVU91
  43:Core/Src/motor.c **** 
 318              		.loc 1 43 26 is_stmt 0 view .LVU92
 319 006a 0C26     		movs	r6, #12
 320 006c DE65     		str	r6, [r3, #92]
  46:Core/Src/motor.c ****     HAL_TIM_PWM_Start(&htim8, TIM_CHANNEL_2);
 321              		.loc 1 46 5 is_stmt 1 view .LVU93
 322 006e 2146     		mov	r1, r4
 323 0070 2846     		mov	r0, r5
 324 0072 FFF7FEFF 		bl	HAL_TIM_PWM_Start
 325              	.LVL19:
  47:Core/Src/motor.c ****     HAL_TIM_PWM_Start(&htim8, TIM_CHANNEL_3);
 326              		.loc 1 47 5 view .LVU94
 327 0076 4146     		mov	r1, r8
 328 0078 2846     		mov	r0, r5
 329 007a FFF7FEFF 		bl	HAL_TIM_PWM_Start
 330              	.LVL20:
  48:Core/Src/motor.c ****     HAL_TIM_PWM_Start(&htim8, TIM_CHANNEL_4);
 331              		.loc 1 48 5 view .LVU95
 332 007e 3946     		mov	r1, r7
 333 0080 2846     		mov	r0, r5
 334 0082 FFF7FEFF 		bl	HAL_TIM_PWM_Start
 335              	.LVL21:
  49:Core/Src/motor.c **** 
 336              		.loc 1 49 5 view .LVU96
 337 0086 3146     		mov	r1, r6
 338 0088 2846     		mov	r0, r5
 339 008a FFF7FEFF 		bl	HAL_TIM_PWM_Start
 340              	.LVL22:
  52:Core/Src/motor.c ****         Motor_Stop(&g_motors[i]);
 341              		.loc 1 52 5 view .LVU97
 342              	.LBB2:
  52:Core/Src/motor.c ****         Motor_Stop(&g_motors[i]);
 343              		.loc 1 52 10 view .LVU98
  52:Core/Src/motor.c ****         Motor_Stop(&g_motors[i]);
 344              		.loc 1 52 5 is_stmt 0 view .LVU99
 345 008e 07E0     		b	.L22
 346              	.LVL23:
 347              	.L23:
  53:Core/Src/motor.c ****     }
 348              		.loc 1 53 9 is_stmt 1 view .LVU100
 349 0090 04EB4402 		add	r2, r4, r4, lsl #1
 350 0094 D300     		lsls	r3, r2, #3
 351 0096 0448     		ldr	r0, .L25
 352 0098 1844     		add	r0, r0, r3
 353 009a FFF7FEFF 		bl	Motor_Stop
 354              	.LVL24:
ARM GAS  C:\Users\10369\AppData\Local\Temp\ccj5Wg4a.s 			page 10


  52:Core/Src/motor.c ****         Motor_Stop(&g_motors[i]);
 355              		.loc 1 52 29 discriminator 3 view .LVU101
 356 009e 0134     		adds	r4, r4, #1
 357              	.LVL25:
 358              	.L22:
  52:Core/Src/motor.c ****         Motor_Stop(&g_motors[i]);
 359              		.loc 1 52 23 discriminator 1 view .LVU102
 360 00a0 032C     		cmp	r4, #3
 361 00a2 F5DD     		ble	.L23
 362              	.LBE2:
  55:Core/Src/motor.c **** 
 363              		.loc 1 55 1 is_stmt 0 view .LVU103
 364 00a4 BDE8F081 		pop	{r4, r5, r6, r7, r8, pc}
 365              	.LVL26:
 366              	.L26:
  55:Core/Src/motor.c **** 
 367              		.loc 1 55 1 view .LVU104
 368              		.align	2
 369              	.L25:
 370 00a8 00000000 		.word	g_motors
 371 00ac 00100240 		.word	1073876992
 372 00b0 00000000 		.word	htim8
 373              		.cfi_endproc
 374              	.LFE134:
 376              		.section	.text.Motor_Brake,"ax",%progbits
 377              		.align	1
 378              		.global	Motor_Brake
 379              		.syntax unified
 380              		.thumb
 381              		.thumb_func
 383              	Motor_Brake:
 384              	.LVL27:
 385              	.LFB137:
  89:Core/Src/motor.c **** 
  90:Core/Src/motor.c **** void Motor_Brake(Motor_t *m)
  91:Core/Src/motor.c **** {
 386              		.loc 1 91 1 is_stmt 1 view -0
 387              		.cfi_startproc
 388              		@ args = 0, pretend = 0, frame = 0
 389              		@ frame_needed = 0, uses_anonymous_args = 0
 390              		.loc 1 91 1 is_stmt 0 view .LVU106
 391 0000 10B5     		push	{r4, lr}
 392              	.LCFI3:
 393              		.cfi_def_cfa_offset 8
 394              		.cfi_offset 4, -8
 395              		.cfi_offset 14, -4
 396 0002 0446     		mov	r4, r0
  92:Core/Src/motor.c ****     /* TB6612: IN1=H, IN2=H = brake */
  93:Core/Src/motor.c ****     HAL_GPIO_WritePin(m->in1_port, m->in1_pin, GPIO_PIN_SET);
 397              		.loc 1 93 5 is_stmt 1 view .LVU107
 398 0004 0122     		movs	r2, #1
 399 0006 8188     		ldrh	r1, [r0, #4]
 400 0008 0068     		ldr	r0, [r0]
 401              	.LVL28:
 402              		.loc 1 93 5 is_stmt 0 view .LVU108
 403 000a FFF7FEFF 		bl	HAL_GPIO_WritePin
 404              	.LVL29:
ARM GAS  C:\Users\10369\AppData\Local\Temp\ccj5Wg4a.s 			page 11


  94:Core/Src/motor.c ****     HAL_GPIO_WritePin(m->in2_port, m->in2_pin, GPIO_PIN_SET);
 405              		.loc 1 94 5 is_stmt 1 view .LVU109
 406 000e 0122     		movs	r2, #1
 407 0010 A189     		ldrh	r1, [r4, #12]
 408 0012 A068     		ldr	r0, [r4, #8]
 409 0014 FFF7FEFF 		bl	HAL_GPIO_WritePin
 410              	.LVL30:
  95:Core/Src/motor.c ****     __HAL_TIM_SET_COMPARE(m->htim, m->channel, 0);
 411              		.loc 1 95 5 view .LVU110
 412 0018 6369     		ldr	r3, [r4, #20]
 413 001a 23B9     		cbnz	r3, .L28
 414              		.loc 1 95 5 is_stmt 0 discriminator 1 view .LVU111
 415 001c 2369     		ldr	r3, [r4, #16]
 416 001e 1B68     		ldr	r3, [r3]
 417 0020 0022     		movs	r2, #0
 418 0022 5A63     		str	r2, [r3, #52]
 419              	.L27:
  96:Core/Src/motor.c **** }
 420              		.loc 1 96 1 view .LVU112
 421 0024 10BD     		pop	{r4, pc}
 422              	.LVL31:
 423              	.L28:
  95:Core/Src/motor.c ****     __HAL_TIM_SET_COMPARE(m->htim, m->channel, 0);
 424              		.loc 1 95 5 discriminator 2 view .LVU113
 425 0026 042B     		cmp	r3, #4
 426 0028 06D0     		beq	.L33
  95:Core/Src/motor.c ****     __HAL_TIM_SET_COMPARE(m->htim, m->channel, 0);
 427              		.loc 1 95 5 discriminator 4 view .LVU114
 428 002a 082B     		cmp	r3, #8
 429 002c 09D0     		beq	.L34
  95:Core/Src/motor.c ****     __HAL_TIM_SET_COMPARE(m->htim, m->channel, 0);
 430              		.loc 1 95 5 discriminator 7 view .LVU115
 431 002e 2369     		ldr	r3, [r4, #16]
 432 0030 1B68     		ldr	r3, [r3]
 433 0032 0022     		movs	r2, #0
 434 0034 1A64     		str	r2, [r3, #64]
 435              		.loc 1 96 1 view .LVU116
 436 0036 F5E7     		b	.L27
 437              	.L33:
  95:Core/Src/motor.c ****     __HAL_TIM_SET_COMPARE(m->htim, m->channel, 0);
 438              		.loc 1 95 5 discriminator 3 view .LVU117
 439 0038 2369     		ldr	r3, [r4, #16]
 440 003a 1B68     		ldr	r3, [r3]
 441 003c 0022     		movs	r2, #0
 442 003e 9A63     		str	r2, [r3, #56]
 443 0040 F0E7     		b	.L27
 444              	.L34:
  95:Core/Src/motor.c ****     __HAL_TIM_SET_COMPARE(m->htim, m->channel, 0);
 445              		.loc 1 95 5 discriminator 6 view .LVU118
 446 0042 2369     		ldr	r3, [r4, #16]
 447 0044 1B68     		ldr	r3, [r3]
 448 0046 0022     		movs	r2, #0
 449 0048 DA63     		str	r2, [r3, #60]
 450 004a EBE7     		b	.L27
 451              		.cfi_endproc
 452              	.LFE137:
 454              		.global	g_motors
ARM GAS  C:\Users\10369\AppData\Local\Temp\ccj5Wg4a.s 			page 12


 455              		.section	.bss.g_motors,"aw",%nobits
 456              		.align	2
 459              	g_motors:
 460 0000 00000000 		.space	96
 460      00000000 
 460      00000000 
 460      00000000 
 460      00000000 
 461              		.text
 462              	.Letext0:
 463              		.file 2 "C:/Program Files (x86)/Arm GNU Toolchain arm-none-eabi/14.2 rel1/arm-none-eabi/include/ma
 464              		.file 3 "C:/Program Files (x86)/Arm GNU Toolchain arm-none-eabi/14.2 rel1/arm-none-eabi/include/sy
 465              		.file 4 "Drivers/CMSIS/Device/ST/STM32F4xx/Include/stm32f407xx.h"
 466              		.file 5 "Drivers/STM32F4xx_HAL_Driver/Inc/stm32f4xx_hal_def.h"
 467              		.file 6 "Drivers/STM32F4xx_HAL_Driver/Inc/stm32f4xx_hal_gpio.h"
 468              		.file 7 "Drivers/STM32F4xx_HAL_Driver/Inc/stm32f4xx_hal_dma.h"
 469              		.file 8 "Drivers/STM32F4xx_HAL_Driver/Inc/stm32f4xx_hal_tim.h"
 470              		.file 9 "Core/Inc/motor.h"
 471              		.file 10 "Core/Inc/tim.h"
ARM GAS  C:\Users\10369\AppData\Local\Temp\ccj5Wg4a.s 			page 13


DEFINED SYMBOLS
                            *ABS*:00000000 motor.c
C:\Users\10369\AppData\Local\Temp\ccj5Wg4a.s:21     .text.Motor_SetDuty:00000000 $t
C:\Users\10369\AppData\Local\Temp\ccj5Wg4a.s:27     .text.Motor_SetDuty:00000000 Motor_SetDuty
C:\Users\10369\AppData\Local\Temp\ccj5Wg4a.s:177    .text.Motor_SetDuty:0000009c $d
C:\Users\10369\AppData\Local\Temp\ccj5Wg4a.s:182    .text.Motor_Stop:00000000 $t
C:\Users\10369\AppData\Local\Temp\ccj5Wg4a.s:188    .text.Motor_Stop:00000000 Motor_Stop
C:\Users\10369\AppData\Local\Temp\ccj5Wg4a.s:211    .text.Motor_InitAll:00000000 $t
C:\Users\10369\AppData\Local\Temp\ccj5Wg4a.s:217    .text.Motor_InitAll:00000000 Motor_InitAll
C:\Users\10369\AppData\Local\Temp\ccj5Wg4a.s:370    .text.Motor_InitAll:000000a8 $d
C:\Users\10369\AppData\Local\Temp\ccj5Wg4a.s:459    .bss.g_motors:00000000 g_motors
C:\Users\10369\AppData\Local\Temp\ccj5Wg4a.s:377    .text.Motor_Brake:00000000 $t
C:\Users\10369\AppData\Local\Temp\ccj5Wg4a.s:383    .text.Motor_Brake:00000000 Motor_Brake
C:\Users\10369\AppData\Local\Temp\ccj5Wg4a.s:456    .bss.g_motors:00000000 $d

UNDEFINED SYMBOLS
HAL_GPIO_WritePin
HAL_TIM_PWM_Start
htim8
