ARM GAS  C:\Users\10369\AppData\Local\Temp\ccXfDuvT.s 			page 1


   1              		.cpu cortex-m4
   2              		.arch armv7e-m
   3              		.fpu fpv4-sp-d16
   4              		.eabi_attribute 27, 1
   5              		.eabi_attribute 28, 1
   6              		.eabi_attribute 20, 1
   7              		.eabi_attribute 21, 1
   8              		.eabi_attribute 23, 3
   9              		.eabi_attribute 24, 1
  10              		.eabi_attribute 25, 1
  11              		.eabi_attribute 26, 1
  12              		.eabi_attribute 30, 1
  13              		.eabi_attribute 34, 1
  14              		.eabi_attribute 18, 4
  15              		.file	"ringbuf.c"
  16              		.text
  17              	.Ltext0:
  18              		.cfi_sections	.debug_frame
  19              		.file 1 "Core/Src/ringbuf.c"
  20              		.section	.text.RingBuf_Init,"ax",%progbits
  21              		.align	1
  22              		.global	RingBuf_Init
  23              		.syntax unified
  24              		.thumb
  25              		.thumb_func
  27              	RingBuf_Init:
  28              	.LVL0:
  29              	.LFB0:
   1:Core/Src/ringbuf.c **** #include "ringbuf.h"
   2:Core/Src/ringbuf.c **** 
   3:Core/Src/ringbuf.c **** void RingBuf_Init(RingBuf_t *rb)
   4:Core/Src/ringbuf.c **** {
  30              		.loc 1 4 1 view -0
  31              		.cfi_startproc
  32              		@ args = 0, pretend = 0, frame = 0
  33              		@ frame_needed = 0, uses_anonymous_args = 0
  34              		@ link register save eliminated.
   5:Core/Src/ringbuf.c ****     rb->head = 0;
  35              		.loc 1 5 5 view .LVU1
  36              		.loc 1 5 14 is_stmt 0 view .LVU2
  37 0000 0023     		movs	r3, #0
  38 0002 A0F80031 		strh	r3, [r0, #256]	@ movhi
   6:Core/Src/ringbuf.c ****     rb->tail = 0;
  39              		.loc 1 6 5 is_stmt 1 view .LVU3
  40              		.loc 1 6 14 is_stmt 0 view .LVU4
  41 0006 A0F80231 		strh	r3, [r0, #258]	@ movhi
   7:Core/Src/ringbuf.c **** }
  42              		.loc 1 7 1 view .LVU5
  43 000a 7047     		bx	lr
  44              		.cfi_endproc
  45              	.LFE0:
  47              		.section	.text.RingBuf_Put,"ax",%progbits
  48              		.align	1
  49              		.global	RingBuf_Put
  50              		.syntax unified
  51              		.thumb
  52              		.thumb_func
ARM GAS  C:\Users\10369\AppData\Local\Temp\ccXfDuvT.s 			page 2


  54              	RingBuf_Put:
  55              	.LVL1:
  56              	.LFB1:
   8:Core/Src/ringbuf.c **** 
   9:Core/Src/ringbuf.c **** bool RingBuf_Put(RingBuf_t *rb, uint8_t byte)
  10:Core/Src/ringbuf.c **** {
  57              		.loc 1 10 1 is_stmt 1 view -0
  58              		.cfi_startproc
  59              		@ args = 0, pretend = 0, frame = 0
  60              		@ frame_needed = 0, uses_anonymous_args = 0
  61              		@ link register save eliminated.
  11:Core/Src/ringbuf.c ****     uint16_t next = (rb->head + 1) % RINGBUF_SIZE;
  62              		.loc 1 11 5 view .LVU7
  63              		.loc 1 11 24 is_stmt 0 view .LVU8
  64 0000 B0F80031 		ldrh	r3, [r0, #256]
  65 0004 9BB2     		uxth	r3, r3
  66              		.loc 1 11 31 view .LVU9
  67 0006 0133     		adds	r3, r3, #1
  68              		.loc 1 11 36 view .LVU10
  69 0008 5A42     		rsbs	r2, r3, #0
  70 000a DBB2     		uxtb	r3, r3
  71 000c D2B2     		uxtb	r2, r2
  72 000e 58BF     		it	pl
  73 0010 5342     		rsbpl	r3, r2, #0
  74              		.loc 1 11 14 view .LVU11
  75 0012 9BB2     		uxth	r3, r3
  76              	.LVL2:
  12:Core/Src/ringbuf.c ****     if (next == rb->tail) {
  77              		.loc 1 12 5 is_stmt 1 view .LVU12
  78              		.loc 1 12 19 is_stmt 0 view .LVU13
  79 0014 B0F80221 		ldrh	r2, [r0, #258]
  80              		.loc 1 12 8 view .LVU14
  81 0018 9A42     		cmp	r2, r3
  82 001a 07D0     		beq	.L4
  13:Core/Src/ringbuf.c ****         return false;  /* full */
  14:Core/Src/ringbuf.c ****     }
  15:Core/Src/ringbuf.c ****     rb->buf[rb->head] = byte;
  83              		.loc 1 15 5 is_stmt 1 view .LVU15
  84              		.loc 1 15 15 is_stmt 0 view .LVU16
  85 001c B0F80021 		ldrh	r2, [r0, #256]
  86 0020 92B2     		uxth	r2, r2
  87              		.loc 1 15 23 view .LVU17
  88 0022 8154     		strb	r1, [r0, r2]
  16:Core/Src/ringbuf.c ****     rb->head = next;
  89              		.loc 1 16 5 is_stmt 1 view .LVU18
  90              		.loc 1 16 14 is_stmt 0 view .LVU19
  91 0024 A0F80031 		strh	r3, [r0, #256]	@ movhi
  17:Core/Src/ringbuf.c ****     return true;
  92              		.loc 1 17 5 is_stmt 1 view .LVU20
  93              		.loc 1 17 12 is_stmt 0 view .LVU21
  94 0028 0120     		movs	r0, #1
  95              	.LVL3:
  96              		.loc 1 17 12 view .LVU22
  97 002a 7047     		bx	lr
  98              	.LVL4:
  99              	.L4:
  13:Core/Src/ringbuf.c ****         return false;  /* full */
ARM GAS  C:\Users\10369\AppData\Local\Temp\ccXfDuvT.s 			page 3


 100              		.loc 1 13 16 view .LVU23
 101 002c 0020     		movs	r0, #0
 102              	.LVL5:
  18:Core/Src/ringbuf.c **** }
 103              		.loc 1 18 1 view .LVU24
 104 002e 7047     		bx	lr
 105              		.cfi_endproc
 106              	.LFE1:
 108              		.section	.text.RingBuf_Get,"ax",%progbits
 109              		.align	1
 110              		.global	RingBuf_Get
 111              		.syntax unified
 112              		.thumb
 113              		.thumb_func
 115              	RingBuf_Get:
 116              	.LVL6:
 117              	.LFB2:
  19:Core/Src/ringbuf.c **** 
  20:Core/Src/ringbuf.c **** bool RingBuf_Get(RingBuf_t *rb, uint8_t *byte)
  21:Core/Src/ringbuf.c **** {
 118              		.loc 1 21 1 is_stmt 1 view -0
 119              		.cfi_startproc
 120              		@ args = 0, pretend = 0, frame = 0
 121              		@ frame_needed = 0, uses_anonymous_args = 0
 122              		@ link register save eliminated.
  22:Core/Src/ringbuf.c ****     if (rb->tail == rb->head) {
 123              		.loc 1 22 5 view .LVU26
 124              		.loc 1 22 11 is_stmt 0 view .LVU27
 125 0000 B0F80221 		ldrh	r2, [r0, #258]
 126              		.loc 1 22 23 view .LVU28
 127 0004 B0F80031 		ldrh	r3, [r0, #256]
 128 0008 9BB2     		uxth	r3, r3
 129              		.loc 1 22 8 view .LVU29
 130 000a 9A42     		cmp	r2, r3
 131 000c 0DD0     		beq	.L7
  23:Core/Src/ringbuf.c ****         return false;  /* empty */
  24:Core/Src/ringbuf.c ****     }
  25:Core/Src/ringbuf.c ****     *byte = rb->buf[rb->tail];
 132              		.loc 1 25 5 is_stmt 1 view .LVU30
 133              		.loc 1 25 20 is_stmt 0 view .LVU31
 134 000e 835C     		ldrb	r3, [r0, r2]	@ zero_extendqisi2
 135              		.loc 1 25 11 view .LVU32
 136 0010 0B70     		strb	r3, [r1]
  26:Core/Src/ringbuf.c ****     rb->tail = (rb->tail + 1) % RINGBUF_SIZE;
 137              		.loc 1 26 5 is_stmt 1 view .LVU33
 138              		.loc 1 26 19 is_stmt 0 view .LVU34
 139 0012 B0F80231 		ldrh	r3, [r0, #258]
 140              		.loc 1 26 26 view .LVU35
 141 0016 0133     		adds	r3, r3, #1
 142              		.loc 1 26 31 view .LVU36
 143 0018 5A42     		rsbs	r2, r3, #0
 144 001a DBB2     		uxtb	r3, r3
 145 001c D2B2     		uxtb	r2, r2
 146 001e 58BF     		it	pl
 147 0020 5342     		rsbpl	r3, r2, #0
 148              		.loc 1 26 14 view .LVU37
 149 0022 A0F80231 		strh	r3, [r0, #258]	@ movhi
ARM GAS  C:\Users\10369\AppData\Local\Temp\ccXfDuvT.s 			page 4


  27:Core/Src/ringbuf.c ****     return true;
 150              		.loc 1 27 5 is_stmt 1 view .LVU38
 151              		.loc 1 27 12 is_stmt 0 view .LVU39
 152 0026 0120     		movs	r0, #1
 153              	.LVL7:
 154              		.loc 1 27 12 view .LVU40
 155 0028 7047     		bx	lr
 156              	.LVL8:
 157              	.L7:
  23:Core/Src/ringbuf.c ****         return false;  /* empty */
 158              		.loc 1 23 16 view .LVU41
 159 002a 0020     		movs	r0, #0
 160              	.LVL9:
  28:Core/Src/ringbuf.c **** }
 161              		.loc 1 28 1 view .LVU42
 162 002c 7047     		bx	lr
 163              		.cfi_endproc
 164              	.LFE2:
 166              		.section	.text.RingBuf_Available,"ax",%progbits
 167              		.align	1
 168              		.global	RingBuf_Available
 169              		.syntax unified
 170              		.thumb
 171              		.thumb_func
 173              	RingBuf_Available:
 174              	.LVL10:
 175              	.LFB3:
  29:Core/Src/ringbuf.c **** 
  30:Core/Src/ringbuf.c **** uint16_t RingBuf_Available(RingBuf_t *rb)
  31:Core/Src/ringbuf.c **** {
 176              		.loc 1 31 1 is_stmt 1 view -0
 177              		.cfi_startproc
 178              		@ args = 0, pretend = 0, frame = 0
 179              		@ frame_needed = 0, uses_anonymous_args = 0
 180              		@ link register save eliminated.
  32:Core/Src/ringbuf.c ****     if (rb->head >= rb->tail) {
 181              		.loc 1 32 5 view .LVU44
 182              		.loc 1 32 11 is_stmt 0 view .LVU45
 183 0000 B0F80031 		ldrh	r3, [r0, #256]
 184 0004 9BB2     		uxth	r3, r3
 185              		.loc 1 32 23 view .LVU46
 186 0006 B0F80221 		ldrh	r2, [r0, #258]
 187              		.loc 1 32 8 view .LVU47
 188 000a 9342     		cmp	r3, r2
 189 000c 07D2     		bcs	.L11
  33:Core/Src/ringbuf.c ****         return rb->head - rb->tail;
  34:Core/Src/ringbuf.c ****     }
  35:Core/Src/ringbuf.c ****     return RINGBUF_SIZE - rb->tail + rb->head;
 190              		.loc 1 35 5 is_stmt 1 view .LVU48
 191              		.loc 1 35 40 is_stmt 0 view .LVU49
 192 000e B0F80001 		ldrh	r0, [r0, #256]
 193              	.LVL11:
 194              		.loc 1 35 40 view .LVU50
 195 0012 80B2     		uxth	r0, r0
 196              		.loc 1 35 36 view .LVU51
 197 0014 801A     		subs	r0, r0, r2
 198 0016 00F58070 		add	r0, r0, #256
ARM GAS  C:\Users\10369\AppData\Local\Temp\ccXfDuvT.s 			page 5


 199 001a 80B2     		uxth	r0, r0
  36:Core/Src/ringbuf.c **** }
 200              		.loc 1 36 1 view .LVU52
 201 001c 7047     		bx	lr
 202              	.LVL12:
 203              	.L11:
  33:Core/Src/ringbuf.c ****         return rb->head - rb->tail;
 204              		.loc 1 33 9 is_stmt 1 view .LVU53
  33:Core/Src/ringbuf.c ****         return rb->head - rb->tail;
 205              		.loc 1 33 18 is_stmt 0 view .LVU54
 206 001e B0F80001 		ldrh	r0, [r0, #256]
 207              	.LVL13:
  33:Core/Src/ringbuf.c ****         return rb->head - rb->tail;
 208              		.loc 1 33 18 view .LVU55
 209 0022 80B2     		uxth	r0, r0
  33:Core/Src/ringbuf.c ****         return rb->head - rb->tail;
 210              		.loc 1 33 25 view .LVU56
 211 0024 801A     		subs	r0, r0, r2
 212 0026 80B2     		uxth	r0, r0
 213 0028 7047     		bx	lr
 214              		.cfi_endproc
 215              	.LFE3:
 217              		.section	.text.RingBuf_Flush,"ax",%progbits
 218              		.align	1
 219              		.global	RingBuf_Flush
 220              		.syntax unified
 221              		.thumb
 222              		.thumb_func
 224              	RingBuf_Flush:
 225              	.LVL14:
 226              	.LFB4:
  37:Core/Src/ringbuf.c **** 
  38:Core/Src/ringbuf.c **** void RingBuf_Flush(RingBuf_t *rb)
  39:Core/Src/ringbuf.c **** {
 227              		.loc 1 39 1 is_stmt 1 view -0
 228              		.cfi_startproc
 229              		@ args = 0, pretend = 0, frame = 0
 230              		@ frame_needed = 0, uses_anonymous_args = 0
 231              		@ link register save eliminated.
  40:Core/Src/ringbuf.c ****     rb->tail = rb->head;
 232              		.loc 1 40 5 view .LVU58
 233              		.loc 1 40 18 is_stmt 0 view .LVU59
 234 0000 B0F80031 		ldrh	r3, [r0, #256]
 235              		.loc 1 40 14 view .LVU60
 236 0004 A0F80231 		strh	r3, [r0, #258]	@ movhi
  41:Core/Src/ringbuf.c **** }
 237              		.loc 1 41 1 view .LVU61
 238 0008 7047     		bx	lr
 239              		.cfi_endproc
 240              	.LFE4:
 242              		.text
 243              	.Letext0:
 244              		.file 2 "C:/Program Files (x86)/Arm GNU Toolchain arm-none-eabi/14.2 rel1/arm-none-eabi/include/ma
 245              		.file 3 "C:/Program Files (x86)/Arm GNU Toolchain arm-none-eabi/14.2 rel1/arm-none-eabi/include/sy
 246              		.file 4 "Core/Inc/ringbuf.h"
ARM GAS  C:\Users\10369\AppData\Local\Temp\ccXfDuvT.s 			page 6


DEFINED SYMBOLS
                            *ABS*:00000000 ringbuf.c
C:\Users\10369\AppData\Local\Temp\ccXfDuvT.s:21     .text.RingBuf_Init:00000000 $t
C:\Users\10369\AppData\Local\Temp\ccXfDuvT.s:27     .text.RingBuf_Init:00000000 RingBuf_Init
C:\Users\10369\AppData\Local\Temp\ccXfDuvT.s:48     .text.RingBuf_Put:00000000 $t
C:\Users\10369\AppData\Local\Temp\ccXfDuvT.s:54     .text.RingBuf_Put:00000000 RingBuf_Put
C:\Users\10369\AppData\Local\Temp\ccXfDuvT.s:109    .text.RingBuf_Get:00000000 $t
C:\Users\10369\AppData\Local\Temp\ccXfDuvT.s:115    .text.RingBuf_Get:00000000 RingBuf_Get
C:\Users\10369\AppData\Local\Temp\ccXfDuvT.s:167    .text.RingBuf_Available:00000000 $t
C:\Users\10369\AppData\Local\Temp\ccXfDuvT.s:173    .text.RingBuf_Available:00000000 RingBuf_Available
C:\Users\10369\AppData\Local\Temp\ccXfDuvT.s:218    .text.RingBuf_Flush:00000000 $t
C:\Users\10369\AppData\Local\Temp\ccXfDuvT.s:224    .text.RingBuf_Flush:00000000 RingBuf_Flush

NO UNDEFINED SYMBOLS
