ARM GAS  C:\Users\10369\AppData\Local\Temp\ccTr5mFH.s 			page 1


   1              		.cpu cortex-m4
   2              		.arch armv7e-m
   3              		.fpu fpv4-sp-d16
   4              		.eabi_attribute 27, 1
   5              		.eabi_attribute 28, 1
   6              		.eabi_attribute 20, 1
   7              		.eabi_attribute 21, 1
   8              		.eabi_attribute 23, 3
   9              		.eabi_attribute 24, 1
  10              		.eabi_attribute 25, 1
  11              		.eabi_attribute 26, 1
  12              		.eabi_attribute 30, 1
  13              		.eabi_attribute 34, 1
  14              		.eabi_attribute 18, 4
  15              		.file	"speed_ctrl.c"
  16              		.text
  17              	.Ltext0:
  18              		.cfi_sections	.debug_frame
  19              		.file 1 "Core/Src/speed_ctrl.c"
  20              		.section	.text.SpeedCtrl_Init,"ax",%progbits
  21              		.align	1
  22              		.global	SpeedCtrl_Init
  23              		.syntax unified
  24              		.thumb
  25              		.thumb_func
  27              	SpeedCtrl_Init:
  28              	.LFB134:
   1:Core/Src/speed_ctrl.c **** #include "speed_ctrl.h"
   2:Core/Src/speed_ctrl.c **** #include "tim.h"
   3:Core/Src/speed_ctrl.c **** 
   4:Core/Src/speed_ctrl.c **** /* 编码器 + PID + 电机 实例 */
   5:Core/Src/speed_ctrl.c **** Encoder_t g_encoders[SPEED_CTRL_MOTOR_COUNT];
   6:Core/Src/speed_ctrl.c **** static PID_t     s_pids[SPEED_CTRL_MOTOR_COUNT];
   7:Core/Src/speed_ctrl.c **** 
   8:Core/Src/speed_ctrl.c **** /* 控制标志位：TIM8 ISR 每10次中断置1 */
   9:Core/Src/speed_ctrl.c **** volatile uint8_t g_speed_ctrl_flag = 0;
  10:Core/Src/speed_ctrl.c **** 
  11:Core/Src/speed_ctrl.c **** /* TIM 句柄来自 tim.h */
  12:Core/Src/speed_ctrl.c **** 
  13:Core/Src/speed_ctrl.c **** void SpeedCtrl_Init(void)
  14:Core/Src/speed_ctrl.c **** {
  29              		.loc 1 14 1 view -0
  30              		.cfi_startproc
  31              		@ args = 0, pretend = 0, frame = 0
  32              		@ frame_needed = 0, uses_anonymous_args = 0
  33 0000 38B5     		push	{r3, r4, r5, lr}
  34              	.LCFI0:
  35              		.cfi_def_cfa_offset 16
  36              		.cfi_offset 3, -16
  37              		.cfi_offset 4, -12
  38              		.cfi_offset 5, -8
  39              		.cfi_offset 14, -4
  40 0002 2DED028B 		vpush.64	{d8}
  41              	.LCFI1:
  42              		.cfi_def_cfa_offset 24
  43              		.cfi_offset 80, -24
  44              		.cfi_offset 81, -20
ARM GAS  C:\Users\10369\AppData\Local\Temp\ccTr5mFH.s 			page 2


  15:Core/Src/speed_ctrl.c ****     /* 初始化编码器 */
  16:Core/Src/speed_ctrl.c ****     Encoder_Init(&g_encoders[0], &htim1);
  45              		.loc 1 16 5 view .LVU1
  46 0006 194C     		ldr	r4, .L5
  47 0008 1949     		ldr	r1, .L5+4
  48 000a 2046     		mov	r0, r4
  49 000c FFF7FEFF 		bl	Encoder_Init
  50              	.LVL0:
  17:Core/Src/speed_ctrl.c ****     Encoder_Init(&g_encoders[1], &htim2);
  51              		.loc 1 17 5 view .LVU2
  52 0010 1849     		ldr	r1, .L5+8
  53 0012 04F11000 		add	r0, r4, #16
  54 0016 FFF7FEFF 		bl	Encoder_Init
  55              	.LVL1:
  18:Core/Src/speed_ctrl.c ****     Encoder_Init(&g_encoders[2], &htim3);
  56              		.loc 1 18 5 view .LVU3
  57 001a 1749     		ldr	r1, .L5+12
  58 001c 04F12000 		add	r0, r4, #32
  59 0020 FFF7FEFF 		bl	Encoder_Init
  60              	.LVL2:
  19:Core/Src/speed_ctrl.c ****     Encoder_Init(&g_encoders[3], &htim4);
  61              		.loc 1 19 5 view .LVU4
  62 0024 1549     		ldr	r1, .L5+16
  63 0026 04F13000 		add	r0, r4, #48
  64 002a FFF7FEFF 		bl	Encoder_Init
  65              	.LVL3:
  20:Core/Src/speed_ctrl.c **** 
  21:Core/Src/speed_ctrl.c ****     /* 初始化 PID */
  22:Core/Src/speed_ctrl.c ****     for (int i = 0; i < SPEED_CTRL_MOTOR_COUNT; i++) {
  66              		.loc 1 22 5 view .LVU5
  67              	.LBB2:
  68              		.loc 1 22 10 view .LVU6
  69              		.loc 1 22 14 is_stmt 0 view .LVU7
  70 002e 0025     		movs	r5, #0
  71              		.loc 1 22 5 view .LVU8
  72 0030 17E0     		b	.L2
  73              	.LVL4:
  74              	.L3:
  23:Core/Src/speed_ctrl.c ****         PID_Init(&s_pids[i], DEFAULT_KP, DEFAULT_KI, DEFAULT_KD, (float)MOTOR_PWM_MAX);
  75              		.loc 1 23 9 is_stmt 1 view .LVU9
  76 0032 05EB4503 		add	r3, r5, r5, lsl #1
  77 0036 1C01     		lsls	r4, r3, #4
  78 0038 114B     		ldr	r3, .L5+20
  79 003a 1C44     		add	r4, r4, r3
  80 003c 9FED118A 		vldr.32	s16, .L5+24
  81 0040 DFED111A 		vldr.32	s3, .L5+28
  82 0044 B0EE481A 		vmov.f32	s2, s16
  83 0048 F0EE480A 		vmov.f32	s1, s16
  84 004c B0EE480A 		vmov.f32	s0, s16
  85 0050 2046     		mov	r0, r4
  86 0052 FFF7FEFF 		bl	PID_Init
  87              	.LVL5:
  24:Core/Src/speed_ctrl.c ****         PID_SetTarget(&s_pids[i], 0.0f);
  88              		.loc 1 24 9 view .LVU10
  89 0056 B0EE480A 		vmov.f32	s0, s16
  90 005a 2046     		mov	r0, r4
  91 005c FFF7FEFF 		bl	PID_SetTarget
ARM GAS  C:\Users\10369\AppData\Local\Temp\ccTr5mFH.s 			page 3


  92              	.LVL6:
  22:Core/Src/speed_ctrl.c ****         PID_Init(&s_pids[i], DEFAULT_KP, DEFAULT_KI, DEFAULT_KD, (float)MOTOR_PWM_MAX);
  93              		.loc 1 22 50 discriminator 3 view .LVU11
  94 0060 0135     		adds	r5, r5, #1
  95              	.LVL7:
  96              	.L2:
  22:Core/Src/speed_ctrl.c ****         PID_Init(&s_pids[i], DEFAULT_KP, DEFAULT_KI, DEFAULT_KD, (float)MOTOR_PWM_MAX);
  97              		.loc 1 22 23 discriminator 1 view .LVU12
  98 0062 032D     		cmp	r5, #3
  99 0064 E5DD     		ble	.L3
 100              	.LBE2:
  25:Core/Src/speed_ctrl.c ****     }
  26:Core/Src/speed_ctrl.c **** }
 101              		.loc 1 26 1 is_stmt 0 view .LVU13
 102 0066 BDEC028B 		vldm	sp!, {d8}
 103              	.LCFI2:
 104              		.cfi_restore 80
 105              		.cfi_restore 81
 106              		.cfi_def_cfa_offset 16
 107 006a 38BD     		pop	{r3, r4, r5, pc}
 108              	.LVL8:
 109              	.L6:
 110              		.loc 1 26 1 view .LVU14
 111              		.align	2
 112              	.L5:
 113 006c 00000000 		.word	g_encoders
 114 0070 00000000 		.word	htim1
 115 0074 00000000 		.word	htim2
 116 0078 00000000 		.word	htim3
 117 007c 00000000 		.word	htim4
 118 0080 00000000 		.word	s_pids
 119 0084 00000000 		.word	0
 120 0088 003E8346 		.word	1183006208
 121              		.cfi_endproc
 122              	.LFE134:
 124              		.section	.text.SpeedCtrl_UpdateEncoders,"ax",%progbits
 125              		.align	1
 126              		.global	SpeedCtrl_UpdateEncoders
 127              		.syntax unified
 128              		.thumb
 129              		.thumb_func
 131              	SpeedCtrl_UpdateEncoders:
 132              	.LFB135:
  27:Core/Src/speed_ctrl.c **** 
  28:Core/Src/speed_ctrl.c **** /* 只读取编码器并计算速度，不动电机（供开环测试用） */
  29:Core/Src/speed_ctrl.c **** void SpeedCtrl_UpdateEncoders(void)
  30:Core/Src/speed_ctrl.c **** {
 133              		.loc 1 30 1 is_stmt 1 view -0
 134              		.cfi_startproc
 135              		@ args = 0, pretend = 0, frame = 0
 136              		@ frame_needed = 0, uses_anonymous_args = 0
 137 0000 38B5     		push	{r3, r4, r5, lr}
 138              	.LCFI3:
 139              		.cfi_def_cfa_offset 16
 140              		.cfi_offset 3, -16
 141              		.cfi_offset 4, -12
 142              		.cfi_offset 5, -8
ARM GAS  C:\Users\10369\AppData\Local\Temp\ccTr5mFH.s 			page 4


 143              		.cfi_offset 14, -4
  31:Core/Src/speed_ctrl.c ****     static int32_t last_count[SPEED_CTRL_MOTOR_COUNT];
 144              		.loc 1 31 5 view .LVU16
  32:Core/Src/speed_ctrl.c ****     static float   s_filtered[SPEED_CTRL_MOTOR_COUNT];  /* 滤波后的 RPM */
 145              		.loc 1 32 5 view .LVU17
  33:Core/Src/speed_ctrl.c ****     /* 滤波系数：越小越平滑但响应越慢，0.15~0.3 适合速度环 */
  34:Core/Src/speed_ctrl.c ****     #define RPM_FILTER_ALPHA 0.3f
  35:Core/Src/speed_ctrl.c **** 
  36:Core/Src/speed_ctrl.c ****     for (int i = 0; i < SPEED_CTRL_MOTOR_COUNT; i++) {
 146              		.loc 1 36 5 view .LVU18
 147              	.LBB3:
 148              		.loc 1 36 10 view .LVU19
 149              	.LVL9:
 150              		.loc 1 36 14 is_stmt 0 view .LVU20
 151 0002 0024     		movs	r4, #0
 152              		.loc 1 36 5 view .LVU21
 153 0004 32E0     		b	.L8
 154              	.LVL10:
 155              	.L9:
 156              	.LBB4:
  37:Core/Src/speed_ctrl.c ****         /* 读取硬件编码器，更新累积值 */
  38:Core/Src/speed_ctrl.c ****         Encoder_Update(&g_encoders[i]);
 157              		.loc 1 38 9 is_stmt 1 view .LVU22
 158 0006 1B4D     		ldr	r5, .L11
 159 0008 05EB0415 		add	r5, r5, r4, lsl #4
 160 000c 2846     		mov	r0, r5
 161 000e FFF7FEFF 		bl	Encoder_Update
 162              	.LVL11:
  39:Core/Src/speed_ctrl.c **** 
  40:Core/Src/speed_ctrl.c ****         /* 差分计算瞬时转速 RPM */
  41:Core/Src/speed_ctrl.c ****         int32_t count = Encoder_GetCount(&g_encoders[i]);
 163              		.loc 1 41 9 view .LVU23
 164              		.loc 1 41 25 is_stmt 0 view .LVU24
 165 0012 2846     		mov	r0, r5
 166 0014 FFF7FEFF 		bl	Encoder_GetCount
 167              	.LVL12:
  42:Core/Src/speed_ctrl.c ****         int32_t delta = count - last_count[i];
 168              		.loc 1 42 9 is_stmt 1 view .LVU25
 169              		.loc 1 42 43 is_stmt 0 view .LVU26
 170 0018 174A     		ldr	r2, .L11+4
 171 001a 52F82430 		ldr	r3, [r2, r4, lsl #2]
 172              		.loc 1 42 17 view .LVU27
 173 001e C31A     		subs	r3, r0, r3
 174              	.LVL13:
  43:Core/Src/speed_ctrl.c ****         last_count[i] = count;
 175              		.loc 1 43 9 is_stmt 1 view .LVU28
 176              		.loc 1 43 23 is_stmt 0 view .LVU29
 177 0020 42F82400 		str	r0, [r2, r4, lsl #2]
  44:Core/Src/speed_ctrl.c **** 
  45:Core/Src/speed_ctrl.c ****         float rpm_raw = (float)delta / (float)(ENCODER_PPR * 4) / SPEED_CTRL_DT * 60.0f;
 178              		.loc 1 45 9 is_stmt 1 view .LVU30
 179              		.loc 1 45 25 is_stmt 0 view .LVU31
 180 0024 07EE903A 		vmov	s15, r3	@ int
 181 0028 F8EEE77A 		vcvt.f32.s32	s15, s15
 182              		.loc 1 45 38 view .LVU32
 183 002c 9FED137A 		vldr.32	s14, .L11+8
 184 0030 C7EE876A 		vdiv.f32	s13, s15, s14
ARM GAS  C:\Users\10369\AppData\Local\Temp\ccTr5mFH.s 			page 5


 185              		.loc 1 45 65 view .LVU33
 186 0034 DFED127A 		vldr.32	s15, .L11+12
 187 0038 86EEA77A 		vdiv.f32	s14, s13, s15
 188              		.loc 1 45 15 view .LVU34
 189 003c DFED117A 		vldr.32	s15, .L11+16
 190 0040 27EE277A 		vmul.f32	s14, s14, s15
 191              	.LVL14:
  46:Core/Src/speed_ctrl.c **** 
  47:Core/Src/speed_ctrl.c ****         /* 一阶低通滤波：filtered = filtered*(1-α) + raw*α */
  48:Core/Src/speed_ctrl.c ****         s_filtered[i] = s_filtered[i] * (1.0f - RPM_FILTER_ALPHA) + rpm_raw * RPM_FILTER_ALPHA;
 192              		.loc 1 48 9 is_stmt 1 view .LVU35
 193              		.loc 1 48 35 is_stmt 0 view .LVU36
 194 0044 104B     		ldr	r3, .L11+20
 195              	.LVL15:
 196              		.loc 1 48 35 view .LVU37
 197 0046 03EB8403 		add	r3, r3, r4, lsl #2
 198 004a D3ED007A 		vldr.32	s15, [r3]
 199              		.loc 1 48 39 view .LVU38
 200 004e DFED0F6A 		vldr.32	s13, .L11+24
 201 0052 67EEA67A 		vmul.f32	s15, s15, s13
 202              		.loc 1 48 77 view .LVU39
 203 0056 DFED0E6A 		vldr.32	s13, .L11+28
 204 005a 27EE267A 		vmul.f32	s14, s14, s13
 205              	.LVL16:
 206              		.loc 1 48 67 view .LVU40
 207 005e 77EE877A 		vadd.f32	s15, s15, s14
 208              		.loc 1 48 23 view .LVU41
 209 0062 C3ED007A 		vstr.32	s15, [r3]
  49:Core/Src/speed_ctrl.c ****         g_encoders[i].speed_rpm = s_filtered[i];
 210              		.loc 1 49 9 is_stmt 1 view .LVU42
 211              		.loc 1 49 33 is_stmt 0 view .LVU43
 212 0066 C5ED037A 		vstr.32	s15, [r5, #12]
 213              	.LBE4:
  36:Core/Src/speed_ctrl.c ****         /* 读取硬件编码器，更新累积值 */
 214              		.loc 1 36 50 is_stmt 1 discriminator 3 view .LVU44
 215 006a 0134     		adds	r4, r4, #1
 216              	.LVL17:
 217              	.L8:
  36:Core/Src/speed_ctrl.c ****         /* 读取硬件编码器，更新累积值 */
 218              		.loc 1 36 23 discriminator 1 view .LVU45
 219 006c 032C     		cmp	r4, #3
 220 006e CADD     		ble	.L9
 221              	.LBE3:
  50:Core/Src/speed_ctrl.c ****     }
  51:Core/Src/speed_ctrl.c **** }
 222              		.loc 1 51 1 is_stmt 0 view .LVU46
 223 0070 38BD     		pop	{r3, r4, r5, pc}
 224              	.LVL18:
 225              	.L12:
 226              		.loc 1 51 1 view .LVU47
 227 0072 00BF     		.align	2
 228              	.L11:
 229 0074 00000000 		.word	g_encoders
 230 0078 00000000 		.word	last_count.1
 231 007c 0080A244 		.word	1151500288
 232 0080 CDCC4C3D 		.word	1028443341
 233 0084 00007042 		.word	1114636288
ARM GAS  C:\Users\10369\AppData\Local\Temp\ccTr5mFH.s 			page 6


 234 0088 00000000 		.word	s_filtered.0
 235 008c 3333333F 		.word	1060320051
 236 0090 9A99993E 		.word	1050253722
 237              		.cfi_endproc
 238              	.LFE135:
 240              		.section	.text.SpeedCtrl_1kHz_Tick,"ax",%progbits
 241              		.align	1
 242              		.global	SpeedCtrl_1kHz_Tick
 243              		.syntax unified
 244              		.thumb
 245              		.thumb_func
 247              	SpeedCtrl_1kHz_Tick:
 248              	.LFB136:
  52:Core/Src/speed_ctrl.c **** 
  53:Core/Src/speed_ctrl.c **** /* 编码器读取 + PID 控制 + PWM 输出（完整的闭环控制） */
  54:Core/Src/speed_ctrl.c **** void SpeedCtrl_1kHz_Tick(void)
  55:Core/Src/speed_ctrl.c **** {
 249              		.loc 1 55 1 is_stmt 1 view -0
 250              		.cfi_startproc
 251              		@ args = 0, pretend = 0, frame = 0
 252              		@ frame_needed = 0, uses_anonymous_args = 0
 253 0000 38B5     		push	{r3, r4, r5, lr}
 254              	.LCFI4:
 255              		.cfi_def_cfa_offset 16
 256              		.cfi_offset 3, -16
 257              		.cfi_offset 4, -12
 258              		.cfi_offset 5, -8
 259              		.cfi_offset 14, -4
  56:Core/Src/speed_ctrl.c ****     SpeedCtrl_UpdateEncoders();
 260              		.loc 1 56 5 view .LVU49
 261 0002 FFF7FEFF 		bl	SpeedCtrl_UpdateEncoders
 262              	.LVL19:
  57:Core/Src/speed_ctrl.c **** 
  58:Core/Src/speed_ctrl.c ****     for (int i = 0; i < SPEED_CTRL_MOTOR_COUNT; i++) {
 263              		.loc 1 58 5 view .LVU50
 264              	.LBB5:
 265              		.loc 1 58 10 view .LVU51
 266              		.loc 1 58 14 is_stmt 0 view .LVU52
 267 0006 0024     		movs	r4, #0
 268              		.loc 1 58 5 view .LVU53
 269 0008 17E0     		b	.L14
 270              	.LVL20:
 271              	.L15:
 272              	.LBB6:
  59:Core/Src/speed_ctrl.c ****         float output = PID_Update(&s_pids[i], g_encoders[i].speed_rpm);
 273              		.loc 1 59 9 is_stmt 1 view .LVU54
 274              		.loc 1 59 24 is_stmt 0 view .LVU55
 275 000a 0D4B     		ldr	r3, .L17
 276 000c 03EB0413 		add	r3, r3, r4, lsl #4
 277 0010 6500     		lsls	r5, r4, #1
 278 0012 04EB4400 		add	r0, r4, r4, lsl #1
 279 0016 93ED030A 		vldr.32	s0, [r3, #12]
 280 001a 0A4B     		ldr	r3, .L17+4
 281 001c 03EB0010 		add	r0, r3, r0, lsl #4
 282 0020 FFF7FEFF 		bl	PID_Update
 283              	.LVL21:
  60:Core/Src/speed_ctrl.c ****         Motor_SetDuty(&g_motors[i], (int32_t)output);
ARM GAS  C:\Users\10369\AppData\Local\Temp\ccTr5mFH.s 			page 7


 284              		.loc 1 60 9 is_stmt 1 view .LVU56
 285 0024 2544     		add	r5, r5, r4
 286 0026 FDEEC07A 		vcvt.s32.f32	s15, s0
 287 002a 17EE901A 		vmov	r1, s15	@ int
 288 002e 0648     		ldr	r0, .L17+8
 289 0030 00EBC500 		add	r0, r0, r5, lsl #3
 290 0034 FFF7FEFF 		bl	Motor_SetDuty
 291              	.LVL22:
 292              		.loc 1 60 9 is_stmt 0 view .LVU57
 293              	.LBE6:
  58:Core/Src/speed_ctrl.c ****         float output = PID_Update(&s_pids[i], g_encoders[i].speed_rpm);
 294              		.loc 1 58 50 is_stmt 1 discriminator 3 view .LVU58
 295 0038 0134     		adds	r4, r4, #1
 296              	.LVL23:
 297              	.L14:
  58:Core/Src/speed_ctrl.c ****         float output = PID_Update(&s_pids[i], g_encoders[i].speed_rpm);
 298              		.loc 1 58 23 discriminator 1 view .LVU59
 299 003a 032C     		cmp	r4, #3
 300 003c E5DD     		ble	.L15
 301              	.LBE5:
  61:Core/Src/speed_ctrl.c ****     }
  62:Core/Src/speed_ctrl.c **** }
 302              		.loc 1 62 1 is_stmt 0 view .LVU60
 303 003e 38BD     		pop	{r3, r4, r5, pc}
 304              	.LVL24:
 305              	.L18:
 306              		.loc 1 62 1 view .LVU61
 307              		.align	2
 308              	.L17:
 309 0040 00000000 		.word	g_encoders
 310 0044 00000000 		.word	s_pids
 311 0048 00000000 		.word	g_motors
 312              		.cfi_endproc
 313              	.LFE136:
 315              		.section	.text.SpeedCtrl_SetTarget,"ax",%progbits
 316              		.align	1
 317              		.global	SpeedCtrl_SetTarget
 318              		.syntax unified
 319              		.thumb
 320              		.thumb_func
 322              	SpeedCtrl_SetTarget:
 323              	.LVL25:
 324              	.LFB137:
  63:Core/Src/speed_ctrl.c **** 
  64:Core/Src/speed_ctrl.c **** void SpeedCtrl_SetTarget(uint8_t id, float rpm)
  65:Core/Src/speed_ctrl.c **** {
 325              		.loc 1 65 1 is_stmt 1 view -0
 326              		.cfi_startproc
 327              		@ args = 0, pretend = 0, frame = 0
 328              		@ frame_needed = 0, uses_anonymous_args = 0
  66:Core/Src/speed_ctrl.c ****     if (id < SPEED_CTRL_MOTOR_COUNT) {
 329              		.loc 1 66 5 view .LVU63
 330              		.loc 1 66 8 is_stmt 0 view .LVU64
 331 0000 0328     		cmp	r0, #3
 332 0002 00D9     		bls	.L25
 333 0004 7047     		bx	lr
 334              	.L25:
ARM GAS  C:\Users\10369\AppData\Local\Temp\ccTr5mFH.s 			page 8


  65:Core/Src/speed_ctrl.c ****     if (id < SPEED_CTRL_MOTOR_COUNT) {
 335              		.loc 1 65 1 view .LVU65
 336 0006 08B5     		push	{r3, lr}
 337              	.LCFI5:
 338              		.cfi_def_cfa_offset 8
 339              		.cfi_offset 3, -8
 340              		.cfi_offset 14, -4
  67:Core/Src/speed_ctrl.c ****         PID_SetTarget(&s_pids[id], rpm);
 341              		.loc 1 67 9 is_stmt 1 view .LVU66
 342 0008 00EB4000 		add	r0, r0, r0, lsl #1
 343              	.LVL26:
 344              		.loc 1 67 9 is_stmt 0 view .LVU67
 345 000c 024B     		ldr	r3, .L26
 346 000e 03EB0010 		add	r0, r3, r0, lsl #4
 347 0012 FFF7FEFF 		bl	PID_SetTarget
 348              	.LVL27:
  68:Core/Src/speed_ctrl.c ****     }
  69:Core/Src/speed_ctrl.c **** }
 349              		.loc 1 69 1 view .LVU68
 350 0016 08BD     		pop	{r3, pc}
 351              	.L27:
 352              		.align	2
 353              	.L26:
 354 0018 00000000 		.word	s_pids
 355              		.cfi_endproc
 356              	.LFE137:
 358              		.section	.text.SpeedCtrl_SetPID,"ax",%progbits
 359              		.align	1
 360              		.global	SpeedCtrl_SetPID
 361              		.syntax unified
 362              		.thumb
 363              		.thumb_func
 365              	SpeedCtrl_SetPID:
 366              	.LVL28:
 367              	.LFB138:
  70:Core/Src/speed_ctrl.c **** 
  71:Core/Src/speed_ctrl.c **** void SpeedCtrl_SetPID(uint8_t id, float Kp, float Ki, float Kd)
  72:Core/Src/speed_ctrl.c **** {
 368              		.loc 1 72 1 is_stmt 1 view -0
 369              		.cfi_startproc
 370              		@ args = 0, pretend = 0, frame = 0
 371              		@ frame_needed = 0, uses_anonymous_args = 0
  73:Core/Src/speed_ctrl.c ****     if (id < SPEED_CTRL_MOTOR_COUNT) {
 372              		.loc 1 73 5 view .LVU70
 373              		.loc 1 73 8 is_stmt 0 view .LVU71
 374 0000 0328     		cmp	r0, #3
 375 0002 00D9     		bls	.L34
 376 0004 7047     		bx	lr
 377              	.L34:
  72:Core/Src/speed_ctrl.c ****     if (id < SPEED_CTRL_MOTOR_COUNT) {
 378              		.loc 1 72 1 view .LVU72
 379 0006 08B5     		push	{r3, lr}
 380              	.LCFI6:
 381              		.cfi_def_cfa_offset 8
 382              		.cfi_offset 3, -8
 383              		.cfi_offset 14, -4
  74:Core/Src/speed_ctrl.c ****         PID_SetTunings(&s_pids[id], Kp, Ki, Kd);
ARM GAS  C:\Users\10369\AppData\Local\Temp\ccTr5mFH.s 			page 9


 384              		.loc 1 74 9 is_stmt 1 view .LVU73
 385 0008 00EB4000 		add	r0, r0, r0, lsl #1
 386              	.LVL29:
 387              		.loc 1 74 9 is_stmt 0 view .LVU74
 388 000c 024B     		ldr	r3, .L35
 389 000e 03EB0010 		add	r0, r3, r0, lsl #4
 390 0012 FFF7FEFF 		bl	PID_SetTunings
 391              	.LVL30:
  75:Core/Src/speed_ctrl.c ****     }
  76:Core/Src/speed_ctrl.c **** }
 392              		.loc 1 76 1 view .LVU75
 393 0016 08BD     		pop	{r3, pc}
 394              	.L36:
 395              		.align	2
 396              	.L35:
 397 0018 00000000 		.word	s_pids
 398              		.cfi_endproc
 399              	.LFE138:
 401              		.section	.text.SpeedCtrl_GetSpeed,"ax",%progbits
 402              		.align	1
 403              		.global	SpeedCtrl_GetSpeed
 404              		.syntax unified
 405              		.thumb
 406              		.thumb_func
 408              	SpeedCtrl_GetSpeed:
 409              	.LVL31:
 410              	.LFB139:
  77:Core/Src/speed_ctrl.c **** 
  78:Core/Src/speed_ctrl.c **** float SpeedCtrl_GetSpeed(uint8_t id)
  79:Core/Src/speed_ctrl.c **** {
 411              		.loc 1 79 1 is_stmt 1 view -0
 412              		.cfi_startproc
 413              		@ args = 0, pretend = 0, frame = 0
 414              		@ frame_needed = 0, uses_anonymous_args = 0
  80:Core/Src/speed_ctrl.c ****     if (id < SPEED_CTRL_MOTOR_COUNT) {
 415              		.loc 1 80 5 view .LVU77
 416              		.loc 1 80 8 is_stmt 0 view .LVU78
 417 0000 0328     		cmp	r0, #3
 418 0002 02D9     		bls	.L44
  81:Core/Src/speed_ctrl.c ****         return Encoder_GetSpeed(&g_encoders[id]);
  82:Core/Src/speed_ctrl.c ****     }
  83:Core/Src/speed_ctrl.c ****     return 0.0f;
 419              		.loc 1 83 12 view .LVU79
 420 0004 9FED040A 		vldr.32	s0, .L45
  84:Core/Src/speed_ctrl.c **** }
 421              		.loc 1 84 1 view .LVU80
 422 0008 7047     		bx	lr
 423              	.L44:
  79:Core/Src/speed_ctrl.c ****     if (id < SPEED_CTRL_MOTOR_COUNT) {
 424              		.loc 1 79 1 view .LVU81
 425 000a 08B5     		push	{r3, lr}
 426              	.LCFI7:
 427              		.cfi_def_cfa_offset 8
 428              		.cfi_offset 3, -8
 429              		.cfi_offset 14, -4
  81:Core/Src/speed_ctrl.c ****         return Encoder_GetSpeed(&g_encoders[id]);
 430              		.loc 1 81 9 is_stmt 1 view .LVU82
ARM GAS  C:\Users\10369\AppData\Local\Temp\ccTr5mFH.s 			page 10


  81:Core/Src/speed_ctrl.c ****         return Encoder_GetSpeed(&g_encoders[id]);
 431              		.loc 1 81 16 is_stmt 0 view .LVU83
 432 000c 034B     		ldr	r3, .L45+4
 433 000e 03EB0010 		add	r0, r3, r0, lsl #4
 434              	.LVL32:
  81:Core/Src/speed_ctrl.c ****         return Encoder_GetSpeed(&g_encoders[id]);
 435              		.loc 1 81 16 view .LVU84
 436 0012 FFF7FEFF 		bl	Encoder_GetSpeed
 437              	.LVL33:
 438              		.loc 1 84 1 view .LVU85
 439 0016 08BD     		pop	{r3, pc}
 440              	.L46:
 441              		.align	2
 442              	.L45:
 443 0018 00000000 		.word	0
 444 001c 00000000 		.word	g_encoders
 445              		.cfi_endproc
 446              	.LFE139:
 448              		.section	.text.SpeedCtrl_GetError,"ax",%progbits
 449              		.align	1
 450              		.global	SpeedCtrl_GetError
 451              		.syntax unified
 452              		.thumb
 453              		.thumb_func
 455              	SpeedCtrl_GetError:
 456              	.LVL34:
 457              	.LFB140:
  85:Core/Src/speed_ctrl.c **** 
  86:Core/Src/speed_ctrl.c **** float SpeedCtrl_GetError(uint8_t id)
  87:Core/Src/speed_ctrl.c **** {
 458              		.loc 1 87 1 is_stmt 1 view -0
 459              		.cfi_startproc
 460              		@ args = 0, pretend = 0, frame = 0
 461              		@ frame_needed = 0, uses_anonymous_args = 0
 462              		@ link register save eliminated.
  88:Core/Src/speed_ctrl.c ****     if (id < SPEED_CTRL_MOTOR_COUNT) {
 463              		.loc 1 88 5 view .LVU87
 464              		.loc 1 88 8 is_stmt 0 view .LVU88
 465 0000 0328     		cmp	r0, #3
 466 0002 02D9     		bls	.L50
  89:Core/Src/speed_ctrl.c ****         return s_pids[id].target - g_encoders[id].speed_rpm;
  90:Core/Src/speed_ctrl.c ****     }
  91:Core/Src/speed_ctrl.c ****     return 0.0f;
 467              		.loc 1 91 12 view .LVU89
 468 0004 9FED080A 		vldr.32	s0, .L51
  92:Core/Src/speed_ctrl.c **** }
 469              		.loc 1 92 1 view .LVU90
 470 0008 7047     		bx	lr
 471              	.L50:
  89:Core/Src/speed_ctrl.c ****         return s_pids[id].target - g_encoders[id].speed_rpm;
 472              		.loc 1 89 9 is_stmt 1 view .LVU91
  89:Core/Src/speed_ctrl.c ****         return s_pids[id].target - g_encoders[id].speed_rpm;
 473              		.loc 1 89 26 is_stmt 0 view .LVU92
 474 000a 00EB4002 		add	r2, r0, r0, lsl #1
 475 000e 074B     		ldr	r3, .L51+4
 476 0010 03EB0213 		add	r3, r3, r2, lsl #4
 477 0014 93ED030A 		vldr.32	s0, [r3, #12]
ARM GAS  C:\Users\10369\AppData\Local\Temp\ccTr5mFH.s 			page 11


  89:Core/Src/speed_ctrl.c ****         return s_pids[id].target - g_encoders[id].speed_rpm;
 478              		.loc 1 89 50 view .LVU93
 479 0018 054B     		ldr	r3, .L51+8
 480 001a 03EB0013 		add	r3, r3, r0, lsl #4
 481 001e D3ED037A 		vldr.32	s15, [r3, #12]
  89:Core/Src/speed_ctrl.c ****         return s_pids[id].target - g_encoders[id].speed_rpm;
 482              		.loc 1 89 34 view .LVU94
 483 0022 30EE670A 		vsub.f32	s0, s0, s15
 484 0026 7047     		bx	lr
 485              	.L52:
 486              		.align	2
 487              	.L51:
 488 0028 00000000 		.word	0
 489 002c 00000000 		.word	s_pids
 490 0030 00000000 		.word	g_encoders
 491              		.cfi_endproc
 492              	.LFE140:
 494              		.section	.bss.s_filtered.0,"aw",%nobits
 495              		.align	2
 498              	s_filtered.0:
 499 0000 00000000 		.space	16
 499      00000000 
 499      00000000 
 499      00000000 
 500              		.section	.bss.last_count.1,"aw",%nobits
 501              		.align	2
 504              	last_count.1:
 505 0000 00000000 		.space	16
 505      00000000 
 505      00000000 
 505      00000000 
 506              		.global	g_speed_ctrl_flag
 507              		.section	.bss.g_speed_ctrl_flag,"aw",%nobits
 510              	g_speed_ctrl_flag:
 511 0000 00       		.space	1
 512              		.section	.bss.s_pids,"aw",%nobits
 513              		.align	2
 516              	s_pids:
 517 0000 00000000 		.space	192
 517      00000000 
 517      00000000 
 517      00000000 
 517      00000000 
 518              		.global	g_encoders
 519              		.section	.bss.g_encoders,"aw",%nobits
 520              		.align	2
 523              	g_encoders:
 524 0000 00000000 		.space	64
 524      00000000 
 524      00000000 
 524      00000000 
 524      00000000 
 525              		.text
 526              	.Letext0:
 527              		.file 2 "C:/Program Files (x86)/Arm GNU Toolchain arm-none-eabi/14.2 rel1/arm-none-eabi/include/ma
 528              		.file 3 "C:/Program Files (x86)/Arm GNU Toolchain arm-none-eabi/14.2 rel1/arm-none-eabi/include/sy
 529              		.file 4 "Drivers/CMSIS/Device/ST/STM32F4xx/Include/stm32f407xx.h"
ARM GAS  C:\Users\10369\AppData\Local\Temp\ccTr5mFH.s 			page 12


 530              		.file 5 "Drivers/STM32F4xx_HAL_Driver/Inc/stm32f4xx_hal_def.h"
 531              		.file 6 "Drivers/STM32F4xx_HAL_Driver/Inc/stm32f4xx_hal_dma.h"
 532              		.file 7 "Drivers/STM32F4xx_HAL_Driver/Inc/stm32f4xx_hal_tim.h"
 533              		.file 8 "Core/Inc/encoder.h"
 534              		.file 9 "Core/Inc/tim.h"
 535              		.file 10 "Core/Inc/motor.h"
 536              		.file 11 "Core/Inc/pid.h"
 537              		.file 12 "Core/Inc/speed_ctrl.h"
ARM GAS  C:\Users\10369\AppData\Local\Temp\ccTr5mFH.s 			page 13


DEFINED SYMBOLS
                            *ABS*:00000000 speed_ctrl.c
C:\Users\10369\AppData\Local\Temp\ccTr5mFH.s:21     .text.SpeedCtrl_Init:00000000 $t
C:\Users\10369\AppData\Local\Temp\ccTr5mFH.s:27     .text.SpeedCtrl_Init:00000000 SpeedCtrl_Init
C:\Users\10369\AppData\Local\Temp\ccTr5mFH.s:113    .text.SpeedCtrl_Init:0000006c $d
C:\Users\10369\AppData\Local\Temp\ccTr5mFH.s:523    .bss.g_encoders:00000000 g_encoders
C:\Users\10369\AppData\Local\Temp\ccTr5mFH.s:516    .bss.s_pids:00000000 s_pids
C:\Users\10369\AppData\Local\Temp\ccTr5mFH.s:125    .text.SpeedCtrl_UpdateEncoders:00000000 $t
C:\Users\10369\AppData\Local\Temp\ccTr5mFH.s:131    .text.SpeedCtrl_UpdateEncoders:00000000 SpeedCtrl_UpdateEncoders
C:\Users\10369\AppData\Local\Temp\ccTr5mFH.s:229    .text.SpeedCtrl_UpdateEncoders:00000074 $d
C:\Users\10369\AppData\Local\Temp\ccTr5mFH.s:504    .bss.last_count.1:00000000 last_count.1
C:\Users\10369\AppData\Local\Temp\ccTr5mFH.s:498    .bss.s_filtered.0:00000000 s_filtered.0
C:\Users\10369\AppData\Local\Temp\ccTr5mFH.s:241    .text.SpeedCtrl_1kHz_Tick:00000000 $t
C:\Users\10369\AppData\Local\Temp\ccTr5mFH.s:247    .text.SpeedCtrl_1kHz_Tick:00000000 SpeedCtrl_1kHz_Tick
C:\Users\10369\AppData\Local\Temp\ccTr5mFH.s:309    .text.SpeedCtrl_1kHz_Tick:00000040 $d
C:\Users\10369\AppData\Local\Temp\ccTr5mFH.s:316    .text.SpeedCtrl_SetTarget:00000000 $t
C:\Users\10369\AppData\Local\Temp\ccTr5mFH.s:322    .text.SpeedCtrl_SetTarget:00000000 SpeedCtrl_SetTarget
C:\Users\10369\AppData\Local\Temp\ccTr5mFH.s:354    .text.SpeedCtrl_SetTarget:00000018 $d
C:\Users\10369\AppData\Local\Temp\ccTr5mFH.s:359    .text.SpeedCtrl_SetPID:00000000 $t
C:\Users\10369\AppData\Local\Temp\ccTr5mFH.s:365    .text.SpeedCtrl_SetPID:00000000 SpeedCtrl_SetPID
C:\Users\10369\AppData\Local\Temp\ccTr5mFH.s:397    .text.SpeedCtrl_SetPID:00000018 $d
C:\Users\10369\AppData\Local\Temp\ccTr5mFH.s:402    .text.SpeedCtrl_GetSpeed:00000000 $t
C:\Users\10369\AppData\Local\Temp\ccTr5mFH.s:408    .text.SpeedCtrl_GetSpeed:00000000 SpeedCtrl_GetSpeed
C:\Users\10369\AppData\Local\Temp\ccTr5mFH.s:443    .text.SpeedCtrl_GetSpeed:00000018 $d
C:\Users\10369\AppData\Local\Temp\ccTr5mFH.s:449    .text.SpeedCtrl_GetError:00000000 $t
C:\Users\10369\AppData\Local\Temp\ccTr5mFH.s:455    .text.SpeedCtrl_GetError:00000000 SpeedCtrl_GetError
C:\Users\10369\AppData\Local\Temp\ccTr5mFH.s:488    .text.SpeedCtrl_GetError:00000028 $d
C:\Users\10369\AppData\Local\Temp\ccTr5mFH.s:495    .bss.s_filtered.0:00000000 $d
C:\Users\10369\AppData\Local\Temp\ccTr5mFH.s:501    .bss.last_count.1:00000000 $d
C:\Users\10369\AppData\Local\Temp\ccTr5mFH.s:510    .bss.g_speed_ctrl_flag:00000000 g_speed_ctrl_flag
C:\Users\10369\AppData\Local\Temp\ccTr5mFH.s:511    .bss.g_speed_ctrl_flag:00000000 $d
C:\Users\10369\AppData\Local\Temp\ccTr5mFH.s:513    .bss.s_pids:00000000 $d
C:\Users\10369\AppData\Local\Temp\ccTr5mFH.s:520    .bss.g_encoders:00000000 $d

UNDEFINED SYMBOLS
Encoder_Init
PID_Init
PID_SetTarget
htim1
htim2
htim3
htim4
Encoder_Update
Encoder_GetCount
PID_Update
Motor_SetDuty
g_motors
PID_SetTunings
Encoder_GetSpeed
