ARM GAS  C:\Users\10369\AppData\Local\Temp\ccgwLpzr.s 			page 1


   1              		.cpu cortex-m4
   2              		.arch armv7e-m
   3              		.fpu fpv4-sp-d16
   4              		.eabi_attribute 27, 1
   5              		.eabi_attribute 28, 1
   6              		.eabi_attribute 20, 1
   7              		.eabi_attribute 21, 1
   8              		.eabi_attribute 23, 3
   9              		.eabi_attribute 24, 1
  10              		.eabi_attribute 25, 1
  11              		.eabi_attribute 26, 1
  12              		.eabi_attribute 30, 1
  13              		.eabi_attribute 34, 1
  14              		.eabi_attribute 18, 4
  15              		.file	"usart.c"
  16              		.text
  17              	.Ltext0:
  18              		.cfi_sections	.debug_frame
  19              		.file 1 "Core/Src/usart.c"
  20              		.section	.text.MX_USART3_UART_Init,"ax",%progbits
  21              		.align	1
  22              		.global	MX_USART3_UART_Init
  23              		.syntax unified
  24              		.thumb
  25              		.thumb_func
  27              	MX_USART3_UART_Init:
  28              	.LFB134:
   1:Core/Src/usart.c **** /* USER CODE BEGIN Header */
   2:Core/Src/usart.c **** /**
   3:Core/Src/usart.c ****   ******************************************************************************
   4:Core/Src/usart.c ****   * @file    usart.c
   5:Core/Src/usart.c ****   * @brief   This file provides code for the configuration
   6:Core/Src/usart.c ****   *          of the USART instances.
   7:Core/Src/usart.c ****   ******************************************************************************
   8:Core/Src/usart.c ****   * @attention
   9:Core/Src/usart.c ****   *
  10:Core/Src/usart.c ****   * Copyright (c) 2026 STMicroelectronics.
  11:Core/Src/usart.c ****   * All rights reserved.
  12:Core/Src/usart.c ****   *
  13:Core/Src/usart.c ****   * This software is licensed under terms that can be found in the LICENSE file
  14:Core/Src/usart.c ****   * in the root directory of this software component.
  15:Core/Src/usart.c ****   * If no LICENSE file comes with this software, it is provided AS-IS.
  16:Core/Src/usart.c ****   *
  17:Core/Src/usart.c ****   ******************************************************************************
  18:Core/Src/usart.c ****   */
  19:Core/Src/usart.c **** /* USER CODE END Header */
  20:Core/Src/usart.c **** /* Includes ------------------------------------------------------------------*/
  21:Core/Src/usart.c **** #include "usart.h"
  22:Core/Src/usart.c **** 
  23:Core/Src/usart.c **** /* USER CODE BEGIN 0 */
  24:Core/Src/usart.c **** 
  25:Core/Src/usart.c **** /* USER CODE END 0 */
  26:Core/Src/usart.c **** 
  27:Core/Src/usart.c **** UART_HandleTypeDef huart3;
  28:Core/Src/usart.c **** 
  29:Core/Src/usart.c **** /* USART3 init function */
  30:Core/Src/usart.c **** 
ARM GAS  C:\Users\10369\AppData\Local\Temp\ccgwLpzr.s 			page 2


  31:Core/Src/usart.c **** void MX_USART3_UART_Init(void)
  32:Core/Src/usart.c **** {
  29              		.loc 1 32 1 view -0
  30              		.cfi_startproc
  31              		@ args = 0, pretend = 0, frame = 0
  32              		@ frame_needed = 0, uses_anonymous_args = 0
  33 0000 08B5     		push	{r3, lr}
  34              	.LCFI0:
  35              		.cfi_def_cfa_offset 8
  36              		.cfi_offset 3, -8
  37              		.cfi_offset 14, -4
  33:Core/Src/usart.c **** 
  34:Core/Src/usart.c ****   /* USER CODE BEGIN USART3_Init 0 */
  35:Core/Src/usart.c **** 
  36:Core/Src/usart.c ****   /* USER CODE END USART3_Init 0 */
  37:Core/Src/usart.c **** 
  38:Core/Src/usart.c ****   /* USER CODE BEGIN USART3_Init 1 */
  39:Core/Src/usart.c **** 
  40:Core/Src/usart.c ****   /* USER CODE END USART3_Init 1 */
  41:Core/Src/usart.c ****   huart3.Instance = USART3;
  38              		.loc 1 41 3 view .LVU1
  39              		.loc 1 41 19 is_stmt 0 view .LVU2
  40 0002 0A48     		ldr	r0, .L5
  41 0004 0A4B     		ldr	r3, .L5+4
  42 0006 0360     		str	r3, [r0]
  42:Core/Src/usart.c ****   huart3.Init.BaudRate = 115200;
  43              		.loc 1 42 3 is_stmt 1 view .LVU3
  44              		.loc 1 42 24 is_stmt 0 view .LVU4
  45 0008 4FF4E133 		mov	r3, #115200
  46 000c 4360     		str	r3, [r0, #4]
  43:Core/Src/usart.c ****   huart3.Init.WordLength = UART_WORDLENGTH_8B;
  47              		.loc 1 43 3 is_stmt 1 view .LVU5
  48              		.loc 1 43 26 is_stmt 0 view .LVU6
  49 000e 0023     		movs	r3, #0
  50 0010 8360     		str	r3, [r0, #8]
  44:Core/Src/usart.c ****   huart3.Init.StopBits = UART_STOPBITS_1;
  51              		.loc 1 44 3 is_stmt 1 view .LVU7
  52              		.loc 1 44 24 is_stmt 0 view .LVU8
  53 0012 C360     		str	r3, [r0, #12]
  45:Core/Src/usart.c ****   huart3.Init.Parity = UART_PARITY_NONE;
  54              		.loc 1 45 3 is_stmt 1 view .LVU9
  55              		.loc 1 45 22 is_stmt 0 view .LVU10
  56 0014 0361     		str	r3, [r0, #16]
  46:Core/Src/usart.c ****   huart3.Init.Mode = UART_MODE_TX_RX;
  57              		.loc 1 46 3 is_stmt 1 view .LVU11
  58              		.loc 1 46 20 is_stmt 0 view .LVU12
  59 0016 0C22     		movs	r2, #12
  60 0018 4261     		str	r2, [r0, #20]
  47:Core/Src/usart.c ****   huart3.Init.HwFlowCtl = UART_HWCONTROL_NONE;
  61              		.loc 1 47 3 is_stmt 1 view .LVU13
  62              		.loc 1 47 25 is_stmt 0 view .LVU14
  63 001a 8361     		str	r3, [r0, #24]
  48:Core/Src/usart.c ****   huart3.Init.OverSampling = UART_OVERSAMPLING_16;
  64              		.loc 1 48 3 is_stmt 1 view .LVU15
  65              		.loc 1 48 28 is_stmt 0 view .LVU16
  66 001c C361     		str	r3, [r0, #28]
  49:Core/Src/usart.c ****   if (HAL_UART_Init(&huart3) != HAL_OK)
ARM GAS  C:\Users\10369\AppData\Local\Temp\ccgwLpzr.s 			page 3


  67              		.loc 1 49 3 is_stmt 1 view .LVU17
  68              		.loc 1 49 7 is_stmt 0 view .LVU18
  69 001e FFF7FEFF 		bl	HAL_UART_Init
  70              	.LVL0:
  71              		.loc 1 49 6 discriminator 1 view .LVU19
  72 0022 00B9     		cbnz	r0, .L4
  73              	.L1:
  50:Core/Src/usart.c ****   {
  51:Core/Src/usart.c ****     Error_Handler();
  52:Core/Src/usart.c ****   }
  53:Core/Src/usart.c ****   /* USER CODE BEGIN USART3_Init 2 */
  54:Core/Src/usart.c **** 
  55:Core/Src/usart.c ****   /* USER CODE END USART3_Init 2 */
  56:Core/Src/usart.c **** 
  57:Core/Src/usart.c **** }
  74              		.loc 1 57 1 view .LVU20
  75 0024 08BD     		pop	{r3, pc}
  76              	.L4:
  51:Core/Src/usart.c ****   }
  77              		.loc 1 51 5 is_stmt 1 view .LVU21
  78 0026 FFF7FEFF 		bl	Error_Handler
  79              	.LVL1:
  80              		.loc 1 57 1 is_stmt 0 view .LVU22
  81 002a FBE7     		b	.L1
  82              	.L6:
  83              		.align	2
  84              	.L5:
  85 002c 00000000 		.word	huart3
  86 0030 00480040 		.word	1073760256
  87              		.cfi_endproc
  88              	.LFE134:
  90              		.section	.text.HAL_UART_MspInit,"ax",%progbits
  91              		.align	1
  92              		.global	HAL_UART_MspInit
  93              		.syntax unified
  94              		.thumb
  95              		.thumb_func
  97              	HAL_UART_MspInit:
  98              	.LVL2:
  99              	.LFB135:
  58:Core/Src/usart.c **** 
  59:Core/Src/usart.c **** void HAL_UART_MspInit(UART_HandleTypeDef* uartHandle)
  60:Core/Src/usart.c **** {
 100              		.loc 1 60 1 is_stmt 1 view -0
 101              		.cfi_startproc
 102              		@ args = 0, pretend = 0, frame = 32
 103              		@ frame_needed = 0, uses_anonymous_args = 0
 104              		.loc 1 60 1 is_stmt 0 view .LVU24
 105 0000 10B5     		push	{r4, lr}
 106              	.LCFI1:
 107              		.cfi_def_cfa_offset 8
 108              		.cfi_offset 4, -8
 109              		.cfi_offset 14, -4
 110 0002 88B0     		sub	sp, sp, #32
 111              	.LCFI2:
 112              		.cfi_def_cfa_offset 40
  61:Core/Src/usart.c **** 
ARM GAS  C:\Users\10369\AppData\Local\Temp\ccgwLpzr.s 			page 4


  62:Core/Src/usart.c ****   GPIO_InitTypeDef GPIO_InitStruct = {0};
 113              		.loc 1 62 3 is_stmt 1 view .LVU25
 114              		.loc 1 62 20 is_stmt 0 view .LVU26
 115 0004 0023     		movs	r3, #0
 116 0006 0393     		str	r3, [sp, #12]
 117 0008 0493     		str	r3, [sp, #16]
 118 000a 0593     		str	r3, [sp, #20]
 119 000c 0693     		str	r3, [sp, #24]
 120 000e 0793     		str	r3, [sp, #28]
  63:Core/Src/usart.c ****   if(uartHandle->Instance==USART3)
 121              		.loc 1 63 3 is_stmt 1 view .LVU27
 122              		.loc 1 63 16 is_stmt 0 view .LVU28
 123 0010 0268     		ldr	r2, [r0]
 124              		.loc 1 63 5 view .LVU29
 125 0012 194B     		ldr	r3, .L11
 126 0014 9A42     		cmp	r2, r3
 127 0016 01D0     		beq	.L10
 128              	.LVL3:
 129              	.L7:
  64:Core/Src/usart.c ****   {
  65:Core/Src/usart.c ****   /* USER CODE BEGIN USART3_MspInit 0 */
  66:Core/Src/usart.c **** 
  67:Core/Src/usart.c ****   /* USER CODE END USART3_MspInit 0 */
  68:Core/Src/usart.c ****     /* USART3 clock enable */
  69:Core/Src/usart.c ****     __HAL_RCC_USART3_CLK_ENABLE();
  70:Core/Src/usart.c **** 
  71:Core/Src/usart.c ****     __HAL_RCC_GPIOC_CLK_ENABLE();
  72:Core/Src/usart.c ****     /**USART3 GPIO Configuration
  73:Core/Src/usart.c ****     PC10     ------> USART3_TX
  74:Core/Src/usart.c ****     PC11     ------> USART3_RX
  75:Core/Src/usart.c ****     */
  76:Core/Src/usart.c ****     GPIO_InitStruct.Pin = GPIO_PIN_10|GPIO_PIN_11;
  77:Core/Src/usart.c ****     GPIO_InitStruct.Mode = GPIO_MODE_AF_PP;
  78:Core/Src/usart.c ****     GPIO_InitStruct.Pull = GPIO_NOPULL;
  79:Core/Src/usart.c ****     GPIO_InitStruct.Speed = GPIO_SPEED_FREQ_VERY_HIGH;
  80:Core/Src/usart.c ****     GPIO_InitStruct.Alternate = GPIO_AF7_USART3;
  81:Core/Src/usart.c ****     HAL_GPIO_Init(GPIOC, &GPIO_InitStruct);
  82:Core/Src/usart.c **** 
  83:Core/Src/usart.c ****     /* USART3 interrupt Init */
  84:Core/Src/usart.c ****     HAL_NVIC_SetPriority(USART3_IRQn, 0, 0);
  85:Core/Src/usart.c ****     HAL_NVIC_EnableIRQ(USART3_IRQn);
  86:Core/Src/usart.c ****   /* USER CODE BEGIN USART3_MspInit 1 */
  87:Core/Src/usart.c **** 
  88:Core/Src/usart.c ****   /* USER CODE END USART3_MspInit 1 */
  89:Core/Src/usart.c ****   }
  90:Core/Src/usart.c **** }
 130              		.loc 1 90 1 view .LVU30
 131 0018 08B0     		add	sp, sp, #32
 132              	.LCFI3:
 133              		.cfi_remember_state
 134              		.cfi_def_cfa_offset 8
 135              		@ sp needed
 136 001a 10BD     		pop	{r4, pc}
 137              	.LVL4:
 138              	.L10:
 139              	.LCFI4:
 140              		.cfi_restore_state
ARM GAS  C:\Users\10369\AppData\Local\Temp\ccgwLpzr.s 			page 5


  69:Core/Src/usart.c **** 
 141              		.loc 1 69 5 is_stmt 1 view .LVU31
 142              	.LBB2:
  69:Core/Src/usart.c **** 
 143              		.loc 1 69 5 view .LVU32
 144 001c 0024     		movs	r4, #0
 145 001e 0194     		str	r4, [sp, #4]
  69:Core/Src/usart.c **** 
 146              		.loc 1 69 5 view .LVU33
 147 0020 03F5F833 		add	r3, r3, #126976
 148 0024 1A6C     		ldr	r2, [r3, #64]
 149 0026 42F48022 		orr	r2, r2, #262144
 150 002a 1A64     		str	r2, [r3, #64]
  69:Core/Src/usart.c **** 
 151              		.loc 1 69 5 view .LVU34
 152 002c 1A6C     		ldr	r2, [r3, #64]
 153 002e 02F48022 		and	r2, r2, #262144
 154 0032 0192     		str	r2, [sp, #4]
  69:Core/Src/usart.c **** 
 155              		.loc 1 69 5 view .LVU35
 156 0034 019A     		ldr	r2, [sp, #4]
 157              	.LBE2:
  69:Core/Src/usart.c **** 
 158              		.loc 1 69 5 view .LVU36
  71:Core/Src/usart.c ****     /**USART3 GPIO Configuration
 159              		.loc 1 71 5 view .LVU37
 160              	.LBB3:
  71:Core/Src/usart.c ****     /**USART3 GPIO Configuration
 161              		.loc 1 71 5 view .LVU38
 162 0036 0294     		str	r4, [sp, #8]
  71:Core/Src/usart.c ****     /**USART3 GPIO Configuration
 163              		.loc 1 71 5 view .LVU39
 164 0038 1A6B     		ldr	r2, [r3, #48]
 165 003a 42F00402 		orr	r2, r2, #4
 166 003e 1A63     		str	r2, [r3, #48]
  71:Core/Src/usart.c ****     /**USART3 GPIO Configuration
 167              		.loc 1 71 5 view .LVU40
 168 0040 1B6B     		ldr	r3, [r3, #48]
 169 0042 03F00403 		and	r3, r3, #4
 170 0046 0293     		str	r3, [sp, #8]
  71:Core/Src/usart.c ****     /**USART3 GPIO Configuration
 171              		.loc 1 71 5 view .LVU41
 172 0048 029B     		ldr	r3, [sp, #8]
 173              	.LBE3:
  71:Core/Src/usart.c ****     /**USART3 GPIO Configuration
 174              		.loc 1 71 5 view .LVU42
  76:Core/Src/usart.c ****     GPIO_InitStruct.Mode = GPIO_MODE_AF_PP;
 175              		.loc 1 76 5 view .LVU43
  76:Core/Src/usart.c ****     GPIO_InitStruct.Mode = GPIO_MODE_AF_PP;
 176              		.loc 1 76 25 is_stmt 0 view .LVU44
 177 004a 4FF44063 		mov	r3, #3072
 178 004e 0393     		str	r3, [sp, #12]
  77:Core/Src/usart.c ****     GPIO_InitStruct.Pull = GPIO_NOPULL;
 179              		.loc 1 77 5 is_stmt 1 view .LVU45
  77:Core/Src/usart.c ****     GPIO_InitStruct.Pull = GPIO_NOPULL;
 180              		.loc 1 77 26 is_stmt 0 view .LVU46
 181 0050 0223     		movs	r3, #2
ARM GAS  C:\Users\10369\AppData\Local\Temp\ccgwLpzr.s 			page 6


 182 0052 0493     		str	r3, [sp, #16]
  78:Core/Src/usart.c ****     GPIO_InitStruct.Speed = GPIO_SPEED_FREQ_VERY_HIGH;
 183              		.loc 1 78 5 is_stmt 1 view .LVU47
  79:Core/Src/usart.c ****     GPIO_InitStruct.Alternate = GPIO_AF7_USART3;
 184              		.loc 1 79 5 view .LVU48
  79:Core/Src/usart.c ****     GPIO_InitStruct.Alternate = GPIO_AF7_USART3;
 185              		.loc 1 79 27 is_stmt 0 view .LVU49
 186 0054 0323     		movs	r3, #3
 187 0056 0693     		str	r3, [sp, #24]
  80:Core/Src/usart.c ****     HAL_GPIO_Init(GPIOC, &GPIO_InitStruct);
 188              		.loc 1 80 5 is_stmt 1 view .LVU50
  80:Core/Src/usart.c ****     HAL_GPIO_Init(GPIOC, &GPIO_InitStruct);
 189              		.loc 1 80 31 is_stmt 0 view .LVU51
 190 0058 0723     		movs	r3, #7
 191 005a 0793     		str	r3, [sp, #28]
  81:Core/Src/usart.c **** 
 192              		.loc 1 81 5 is_stmt 1 view .LVU52
 193 005c 03A9     		add	r1, sp, #12
 194 005e 0748     		ldr	r0, .L11+4
 195              	.LVL5:
  81:Core/Src/usart.c **** 
 196              		.loc 1 81 5 is_stmt 0 view .LVU53
 197 0060 FFF7FEFF 		bl	HAL_GPIO_Init
 198              	.LVL6:
  84:Core/Src/usart.c ****     HAL_NVIC_EnableIRQ(USART3_IRQn);
 199              		.loc 1 84 5 is_stmt 1 view .LVU54
 200 0064 2246     		mov	r2, r4
 201 0066 2146     		mov	r1, r4
 202 0068 2720     		movs	r0, #39
 203 006a FFF7FEFF 		bl	HAL_NVIC_SetPriority
 204              	.LVL7:
  85:Core/Src/usart.c ****   /* USER CODE BEGIN USART3_MspInit 1 */
 205              		.loc 1 85 5 view .LVU55
 206 006e 2720     		movs	r0, #39
 207 0070 FFF7FEFF 		bl	HAL_NVIC_EnableIRQ
 208              	.LVL8:
 209              		.loc 1 90 1 is_stmt 0 view .LVU56
 210 0074 D0E7     		b	.L7
 211              	.L12:
 212 0076 00BF     		.align	2
 213              	.L11:
 214 0078 00480040 		.word	1073760256
 215 007c 00080240 		.word	1073874944
 216              		.cfi_endproc
 217              	.LFE135:
 219              		.section	.text.HAL_UART_MspDeInit,"ax",%progbits
 220              		.align	1
 221              		.global	HAL_UART_MspDeInit
 222              		.syntax unified
 223              		.thumb
 224              		.thumb_func
 226              	HAL_UART_MspDeInit:
 227              	.LVL9:
 228              	.LFB136:
  91:Core/Src/usart.c **** 
  92:Core/Src/usart.c **** void HAL_UART_MspDeInit(UART_HandleTypeDef* uartHandle)
  93:Core/Src/usart.c **** {
ARM GAS  C:\Users\10369\AppData\Local\Temp\ccgwLpzr.s 			page 7


 229              		.loc 1 93 1 is_stmt 1 view -0
 230              		.cfi_startproc
 231              		@ args = 0, pretend = 0, frame = 0
 232              		@ frame_needed = 0, uses_anonymous_args = 0
 233              		.loc 1 93 1 is_stmt 0 view .LVU58
 234 0000 08B5     		push	{r3, lr}
 235              	.LCFI5:
 236              		.cfi_def_cfa_offset 8
 237              		.cfi_offset 3, -8
 238              		.cfi_offset 14, -4
  94:Core/Src/usart.c **** 
  95:Core/Src/usart.c ****   if(uartHandle->Instance==USART3)
 239              		.loc 1 95 3 is_stmt 1 view .LVU59
 240              		.loc 1 95 16 is_stmt 0 view .LVU60
 241 0002 0268     		ldr	r2, [r0]
 242              		.loc 1 95 5 view .LVU61
 243 0004 084B     		ldr	r3, .L17
 244 0006 9A42     		cmp	r2, r3
 245 0008 00D0     		beq	.L16
 246              	.LVL10:
 247              	.L13:
  96:Core/Src/usart.c ****   {
  97:Core/Src/usart.c ****   /* USER CODE BEGIN USART3_MspDeInit 0 */
  98:Core/Src/usart.c **** 
  99:Core/Src/usart.c ****   /* USER CODE END USART3_MspDeInit 0 */
 100:Core/Src/usart.c ****     /* Peripheral clock disable */
 101:Core/Src/usart.c ****     __HAL_RCC_USART3_CLK_DISABLE();
 102:Core/Src/usart.c **** 
 103:Core/Src/usart.c ****     /**USART3 GPIO Configuration
 104:Core/Src/usart.c ****     PC10     ------> USART3_TX
 105:Core/Src/usart.c ****     PC11     ------> USART3_RX
 106:Core/Src/usart.c ****     */
 107:Core/Src/usart.c ****     HAL_GPIO_DeInit(GPIOC, GPIO_PIN_10|GPIO_PIN_11);
 108:Core/Src/usart.c **** 
 109:Core/Src/usart.c ****     /* USART3 interrupt Deinit */
 110:Core/Src/usart.c ****     HAL_NVIC_DisableIRQ(USART3_IRQn);
 111:Core/Src/usart.c ****   /* USER CODE BEGIN USART3_MspDeInit 1 */
 112:Core/Src/usart.c **** 
 113:Core/Src/usart.c ****   /* USER CODE END USART3_MspDeInit 1 */
 114:Core/Src/usart.c ****   }
 115:Core/Src/usart.c **** }
 248              		.loc 1 115 1 view .LVU62
 249 000a 08BD     		pop	{r3, pc}
 250              	.LVL11:
 251              	.L16:
 101:Core/Src/usart.c **** 
 252              		.loc 1 101 5 is_stmt 1 view .LVU63
 253 000c 074A     		ldr	r2, .L17+4
 254 000e 136C     		ldr	r3, [r2, #64]
 255 0010 23F48023 		bic	r3, r3, #262144
 256 0014 1364     		str	r3, [r2, #64]
 107:Core/Src/usart.c **** 
 257              		.loc 1 107 5 view .LVU64
 258 0016 4FF44061 		mov	r1, #3072
 259 001a 0548     		ldr	r0, .L17+8
 260              	.LVL12:
 107:Core/Src/usart.c **** 
ARM GAS  C:\Users\10369\AppData\Local\Temp\ccgwLpzr.s 			page 8


 261              		.loc 1 107 5 is_stmt 0 view .LVU65
 262 001c FFF7FEFF 		bl	HAL_GPIO_DeInit
 263              	.LVL13:
 110:Core/Src/usart.c ****   /* USER CODE BEGIN USART3_MspDeInit 1 */
 264              		.loc 1 110 5 is_stmt 1 view .LVU66
 265 0020 2720     		movs	r0, #39
 266 0022 FFF7FEFF 		bl	HAL_NVIC_DisableIRQ
 267              	.LVL14:
 268              		.loc 1 115 1 is_stmt 0 view .LVU67
 269 0026 F0E7     		b	.L13
 270              	.L18:
 271              		.align	2
 272              	.L17:
 273 0028 00480040 		.word	1073760256
 274 002c 00380240 		.word	1073887232
 275 0030 00080240 		.word	1073874944
 276              		.cfi_endproc
 277              	.LFE136:
 279              		.global	huart3
 280              		.section	.bss.huart3,"aw",%nobits
 281              		.align	2
 284              	huart3:
 285 0000 00000000 		.space	72
 285      00000000 
 285      00000000 
 285      00000000 
 285      00000000 
 286              		.text
 287              	.Letext0:
 288              		.file 2 "Drivers/CMSIS/Device/ST/STM32F4xx/Include/stm32f407xx.h"
 289              		.file 3 "C:/Program Files (x86)/Arm GNU Toolchain arm-none-eabi/14.2 rel1/arm-none-eabi/include/ma
 290              		.file 4 "C:/Program Files (x86)/Arm GNU Toolchain arm-none-eabi/14.2 rel1/arm-none-eabi/include/sy
 291              		.file 5 "Drivers/STM32F4xx_HAL_Driver/Inc/stm32f4xx_hal_def.h"
 292              		.file 6 "Drivers/STM32F4xx_HAL_Driver/Inc/stm32f4xx_hal_gpio.h"
 293              		.file 7 "Drivers/STM32F4xx_HAL_Driver/Inc/stm32f4xx_hal_dma.h"
 294              		.file 8 "Drivers/STM32F4xx_HAL_Driver/Inc/stm32f4xx_hal_uart.h"
 295              		.file 9 "Drivers/STM32F4xx_HAL_Driver/Inc/stm32f4xx_hal_cortex.h"
 296              		.file 10 "Core/Inc/usart.h"
 297              		.file 11 "Core/Inc/main.h"
ARM GAS  C:\Users\10369\AppData\Local\Temp\ccgwLpzr.s 			page 9


DEFINED SYMBOLS
                            *ABS*:00000000 usart.c
C:\Users\10369\AppData\Local\Temp\ccgwLpzr.s:21     .text.MX_USART3_UART_Init:00000000 $t
C:\Users\10369\AppData\Local\Temp\ccgwLpzr.s:27     .text.MX_USART3_UART_Init:00000000 MX_USART3_UART_Init
C:\Users\10369\AppData\Local\Temp\ccgwLpzr.s:85     .text.MX_USART3_UART_Init:0000002c $d
C:\Users\10369\AppData\Local\Temp\ccgwLpzr.s:284    .bss.huart3:00000000 huart3
C:\Users\10369\AppData\Local\Temp\ccgwLpzr.s:91     .text.HAL_UART_MspInit:00000000 $t
C:\Users\10369\AppData\Local\Temp\ccgwLpzr.s:97     .text.HAL_UART_MspInit:00000000 HAL_UART_MspInit
C:\Users\10369\AppData\Local\Temp\ccgwLpzr.s:214    .text.HAL_UART_MspInit:00000078 $d
C:\Users\10369\AppData\Local\Temp\ccgwLpzr.s:220    .text.HAL_UART_MspDeInit:00000000 $t
C:\Users\10369\AppData\Local\Temp\ccgwLpzr.s:226    .text.HAL_UART_MspDeInit:00000000 HAL_UART_MspDeInit
C:\Users\10369\AppData\Local\Temp\ccgwLpzr.s:273    .text.HAL_UART_MspDeInit:00000028 $d
C:\Users\10369\AppData\Local\Temp\ccgwLpzr.s:281    .bss.huart3:00000000 $d

UNDEFINED SYMBOLS
HAL_UART_Init
Error_Handler
HAL_GPIO_Init
HAL_NVIC_SetPriority
HAL_NVIC_EnableIRQ
HAL_GPIO_DeInit
HAL_NVIC_DisableIRQ
